Java HotSpot(TM) 64-Bit Server VM (25.121-b13) for windows-amd64 JRE (1.8.0_121-b13), built on Dec 12 2016 18:21:36 by "java_re" with MS VC++ 10.0 (VS2010)
Memory: 4k page, physical 8096224k(3274140k free), swap 15733820k(4340300k free)
CommandLine flags: -XX:InitialHeapSize=536870912 -XX:InitialTenuringThreshold=1 -XX:MaxHeapSize=536870912 -XX:MaxNewSize=1048576 -XX:MaxTenuringThreshold=1 -XX:NewSize=1048576 -XX:PretenureSizeThreshold=50 -XX:+PrintGC -XX:+PrintGCDetails -XX:+PrintGCTimeStamps -XX:+UseCompressedClassPointers -XX:+UseCompressedOops -XX:-UseLargePagesIndividualAllocation -XX:+UseSerialGC 
0.842: [GC (Allocation Failure) 0.842: [DefNew: 896K->64K(960K), 0.0017022 secs] 1090K->762K(524224K), 0.0019308 secs] [Times: user=0.02 sys=0.00, real=0.00 secs] 
0.950: [GC (Allocation Failure) 0.950: [DefNew: 960K->63K(960K), 0.0018996 secs] 1827K->1155K(524224K), 0.0020271 secs] [Times: user=0.02 sys=0.00, real=0.00 secs] 
1.029: [GC (Allocation Failure) 1.029: [DefNew: 959K->63K(960K), 0.0013489 secs] 2107K->1432K(524224K), 0.0015348 secs] [Times: user=0.03 sys=0.00, real=0.00 secs] 
1.085: [GC (Allocation Failure) 1.086: [DefNew: 959K->63K(960K), 0.0014938 secs] 2366K->1638K(524224K), 0.0016244 secs] [Times: user=0.00 sys=0.00, real=0.00 secs] 
1.153: [GC (Allocation Failure) 1.153: [DefNew: 959K->64K(960K), 0.0014215 secs] 2578K->1857K(524224K), 0.0015573 secs] [Times: user=0.00 sys=0.00, real=0.00 secs] 
1.254: [GC (Allocation Failure) 1.254: [DefNew: 960K->64K(960K), 0.0018048 secs] 2801K->2031K(524224K), 0.0019339 secs] [Times: user=0.00 sys=0.00, real=0.00 secs] 
1.355: [GC (Allocation Failure) 1.355: [DefNew: 960K->63K(960K), 0.0017906 secs] 2938K->2313K(524224K), 0.0019383 secs] [Times: user=0.00 sys=0.00, real=0.00 secs] 
1.427: [GC (Allocation Failure) 1.427: [DefNew: 959K->64K(960K), 0.0017504 secs] 3291K->2502K(524224K), 0.0019098 secs] [Times: user=0.00 sys=0.00, real=0.00 secs] 
2.478: [GC (Allocation Failure) 2.478: [DefNew: 960K->63K(960K), 0.0027065 secs] 3405K->2678K(524224K), 0.0028533 secs] [Times: user=0.00 sys=0.00, real=0.00 secs] 
2.544: [GC (Allocation Failure) 2.544: [DefNew: 959K->64K(960K), 0.0017263 secs] 3628K->2852K(524224K), 0.0018676 secs] [Times: user=0.03 sys=0.00, real=0.00 secs] 
2.637: [GC (Allocation Failure) 2.637: [DefNew: 960K->64K(960K), 0.0027076 secs] 3775K->3216K(524224K), 0.0028407 secs] [Times: user=0.02 sys=0.00, real=0.00 secs] 
2.668: [GC (Allocation Failure) 2.668: [DefNew: 960K->14K(960K), 0.0012451 secs] 4301K->3418K(524224K), 0.0013959 secs] [Times: user=0.00 sys=0.00, real=0.00 secs] 
2.721: [GC (Allocation Failure) 2.721: [DefNew: 910K->63K(960K), 0.0009237 secs] 4437K->3608K(524224K), 0.0010433 secs] [Times: user=0.00 sys=0.00, real=0.00 secs] 
2.750: [GC (Allocation Failure) 2.750: [DefNew: 959K->64K(960K), 0.0015328 secs] 4583K->3808K(524224K), 0.0016809 secs] [Times: user=0.00 sys=0.00, real=0.00 secs] 
2.779: [GC (Allocation Failure) 2.779: [DefNew: 960K->63K(960K), 0.0014101 secs] 5012K->4199K(524224K), 0.0015257 secs] [Times: user=0.02 sys=0.00, real=0.00 secs] 
2.817: [GC (Allocation Failure) 2.817: [DefNew: 959K->64K(960K), 0.0011345 secs] 5231K->4412K(524224K), 0.0012340 secs] [Times: user=0.00 sys=0.00, real=0.00 secs] 
2.847: [GC (Allocation Failure) 2.847: [DefNew: 960K->64K(960K), 0.0020014 secs] 5349K->4635K(524224K), 0.0021123 secs] [Times: user=0.00 sys=0.00, real=0.00 secs] 
2.895: [GC (Allocation Failure) 2.895: [DefNew: 960K->64K(960K), 0.0034170 secs] 6057K->5593K(524224K), 0.0035504 secs] [Times: user=0.00 sys=0.00, real=0.00 secs] 
2.924: [GC (Allocation Failure) 2.924: [DefNew: 960K->63K(960K), 0.0014653 secs] 6489K->5769K(524224K), 0.0015707 secs] [Times: user=0.00 sys=0.00, real=0.00 secs] 
2.953: [GC (Allocation Failure) 2.953: [DefNew: 959K->64K(960K), 0.0026571 secs] 10962K->10468K(524224K), 0.0028083 secs] [Times: user=0.00 sys=0.00, real=0.00 secs] 
2.966: [GC (Allocation Failure) 2.966: [DefNew: 960K->64K(960K), 0.0025655 secs] 11364K->10895K(524224K), 0.0027013 secs] [Times: user=0.03 sys=0.00, real=0.00 secs] 
2.988: [GC (Allocation Failure) 2.988: [DefNew: 960K->63K(960K), 0.0025091 secs] 11791K->11324K(524224K), 0.0026622 secs] [Times: user=0.00 sys=0.00, real=0.00 secs] 
2.997: [GC (Allocation Failure) 2.997: [DefNew: 959K->64K(960K), 0.0027447 secs] 12275K->11777K(524224K), 0.0028742 secs] [Times: user=0.02 sys=0.00, real=0.00 secs] 
3.006: [GC (Allocation Failure) 3.006: [DefNew: 960K->64K(960K), 0.0026516 secs] 12755K->12293K(524224K), 0.0028107 secs] [Times: user=0.00 sys=0.00, real=0.00 secs] 
3.021: [GC (Allocation Failure) 3.021: [DefNew: 960K->64K(960K), 0.0027558 secs] 13189K->12727K(524224K), 0.0028742 secs] [Times: user=0.00 sys=0.00, real=0.00 secs] 
3.029: [GC (Allocation Failure) 3.029: [DefNew: 960K->64K(960K), 0.0025778 secs] 13747K->13285K(524224K), 0.0027313 secs] [Times: user=0.02 sys=0.00, real=0.00 secs] 
3.037: [GC (Allocation Failure) 3.037: [DefNew: 960K->64K(960K), 0.0026492 secs] 14181K->13718K(524224K), 0.0027874 secs] [Times: user=0.00 sys=0.00, real=0.00 secs] 
3.044: [GC (Allocation Failure) 3.044: [DefNew: 960K->64K(960K), 0.0025071 secs] 14614K->14152K(524224K), 0.0026579 secs] [Times: user=0.05 sys=0.00, real=0.00 secs] 
3.057: [GC (Allocation Failure) 3.057: [DefNew: 960K->64K(960K), 0.0026228 secs] 15234K->14772K(524224K), 0.0027767 secs] [Times: user=0.00 sys=0.00, real=0.00 secs] 
3.065: [GC (Allocation Failure) 3.065: [DefNew: 960K->64K(960K), 0.0029915 secs] 15668K->15206K(524224K), 0.0031525 secs] [Times: user=0.00 sys=0.00, real=0.00 secs] 
3.072: [GC (Allocation Failure) 3.072: [DefNew: 960K->64K(960K), 0.0027254 secs] 16102K->15640K(524224K), 0.0029141 secs] [Times: user=0.00 sys=0.00, real=0.00 secs] 
3.085: [GC (Allocation Failure) 3.085: [DefNew: 960K->64K(960K), 0.0028059 secs] 16536K->16074K(524224K), 0.0029571 secs] [Times: user=0.00 sys=0.00, real=0.00 secs] 
3.091: [GC (Allocation Failure) 3.091: [DefNew: 960K->64K(960K), 0.0022205 secs] 16970K->16508K(524224K), 0.0023583 secs] [Times: user=0.02 sys=0.00, real=0.00 secs] 
3.098: [GC (Allocation Failure) 3.098: [DefNew: 960K->64K(960K), 0.0028351 secs] 17682K->17220K(524224K), 0.0029930 secs] [Times: user=0.00 sys=0.00, real=0.00 secs] 
3.104: [GC (Allocation Failure) 3.104: [DefNew: 960K->64K(960K), 0.0026322 secs] 18116K->17654K(524224K), 0.0027807 secs] [Times: user=0.00 sys=0.00, real=0.00 secs] 
3.110: [GC (Allocation Failure) 3.110: [DefNew: 960K->64K(960K), 0.0027001 secs] 18550K->18088K(524224K), 0.0028509 secs] [Times: user=0.00 sys=0.00, real=0.00 secs] 
3.117: [GC (Allocation Failure) 3.117: [DefNew: 960K->64K(960K), 0.0022008 secs] 18984K->18522K(524224K), 0.0023109 secs] [Times: user=0.00 sys=0.00, real=0.00 secs] 
3.122: [GC (Allocation Failure) 3.122: [DefNew: 960K->64K(960K), 0.0024400 secs] 19418K->18956K(524224K), 0.0025580 secs] [Times: user=0.01 sys=0.00, real=0.00 secs] 
3.127: [GC (Allocation Failure) 3.127: [DefNew: 960K->64K(960K), 0.0015972 secs] 19852K->19390K(524224K), 0.0017014 secs] [Times: user=0.00 sys=0.00, real=0.00 secs] 
3.131: [GC (Allocation Failure) 3.131: [DefNew: 960K->64K(960K), 0.0017827 secs] 20703K->20241K(524224K), 0.0018842 secs] [Times: user=0.00 sys=0.00, real=0.00 secs] 
3.134: [GC (Allocation Failure) 3.134: [DefNew: 960K->64K(960K), 0.0020208 secs] 21137K->20675K(524224K), 0.0021329 secs] [Times: user=0.00 sys=0.00, real=0.00 secs] 
3.138: [GC (Allocation Failure) 3.138: [DefNew: 960K->64K(960K), 0.0023247 secs] 21571K->21109K(524224K), 0.0024408 secs] [Times: user=0.02 sys=0.00, real=0.00 secs] 
3.142: [GC (Allocation Failure) 3.142: [DefNew: 960K->64K(960K), 0.0022288 secs] 22005K->21543K(524224K), 0.0023658 secs] [Times: user=0.00 sys=0.00, real=0.00 secs] 
3.146: [GC (Allocation Failure) 3.146: [DefNew: 960K->64K(960K), 0.0026934 secs] 22439K->21977K(524224K), 0.0028419 secs] [Times: user=0.00 sys=0.00, real=0.00 secs] 
3.151: [GC (Allocation Failure) 3.151: [DefNew: 960K->64K(960K), 0.0026374 secs] 22873K->22410K(524224K), 0.0027621 secs] [Times: user=0.00 sys=0.00, real=0.00 secs] 
3.155: [GC (Allocation Failure) 3.155: [DefNew: 960K->64K(960K), 0.0025584 secs] 23306K->22843K(524224K), 0.0026930 secs] [Times: user=0.01 sys=0.00, real=0.00 secs] 
3.159: [GC (Allocation Failure) 3.159: [DefNew: 960K->64K(960K), 0.0017819 secs] 23739K->23277K(524224K), 0.0018822 secs] [Times: user=0.00 sys=0.00, real=0.00 secs] 
3.163: [GC (Allocation Failure) 3.163: [DefNew: 960K->64K(960K), 0.0022991 secs] 24173K->23711K(524224K), 0.0024053 secs] [Times: user=0.00 sys=0.00, real=0.00 secs] 
3.167: [GC (Allocation Failure) 3.167: [DefNew: 960K->64K(960K), 0.0024854 secs] 24607K->24144K(524224K), 0.0026176 secs] [Times: user=0.00 sys=0.00, real=0.00 secs] 
3.172: [GC (Allocation Failure) 3.172: [DefNew: 960K->64K(960K), 0.0022391 secs] 25040K->24578K(524224K), 0.0023666 secs] [Times: user=0.00 sys=0.00, real=0.00 secs] 
3.175: [GC (Allocation Failure) 3.175: [DefNew: 960K->64K(960K), 0.0026816 secs] 25474K->25335K(524224K), 0.0028170 secs] [Times: user=0.00 sys=0.00, real=0.00 secs] 
3.181: [GC (Allocation Failure) 3.181: [DefNew: 960K->64K(960K), 0.0027696 secs] 26231K->25769K(524224K), 0.0029216 secs] [Times: user=0.00 sys=0.00, real=0.00 secs] 
3.185: [GC (Allocation Failure) 3.185: [DefNew: 960K->64K(960K), 0.0018715 secs] 26665K->26203K(524224K), 0.0019927 secs] [Times: user=0.02 sys=0.00, real=0.00 secs] 
3.188: [GC (Allocation Failure) 3.188: [DefNew: 960K->64K(960K), 0.0024581 secs] 27099K->26637K(524224K), 0.0025782 secs] [Times: user=0.00 sys=0.00, real=0.00 secs] 
3.193: [GC (Allocation Failure) 3.193: [DefNew: 960K->64K(960K), 0.0017440 secs] 27533K->27071K(524224K), 0.0018565 secs] [Times: user=0.00 sys=0.00, real=0.00 secs] 
3.196: [GC (Allocation Failure) 3.196: [DefNew: 960K->64K(960K), 0.0022347 secs] 27967K->27505K(524224K), 0.0023401 secs] [Times: user=0.00 sys=0.00, real=0.00 secs] 
3.199: [GC (Allocation Failure) 3.199: [DefNew: 960K->64K(960K), 0.0025024 secs] 28401K->27939K(524224K), 0.0026121 secs] [Times: user=0.02 sys=0.00, real=0.00 secs] 
3.203: [GC (Allocation Failure) 3.203: [DefNew: 960K->64K(960K), 0.0025955 secs] 28835K->28373K(524224K), 0.0027096 secs] [Times: user=0.00 sys=0.00, real=0.00 secs] 
3.209: [GC (Allocation Failure) 3.209: [DefNew: 960K->64K(960K), 0.0022722 secs] 29269K->28807K(524224K), 0.0023871 secs] [Times: user=0.00 sys=0.00, real=0.00 secs] 
3.218: [GC (Allocation Failure) 3.218: [DefNew: 960K->64K(960K), 0.0021179 secs] 29703K->29241K(524224K), 0.0022280 secs] [Times: user=0.00 sys=0.00, real=0.00 secs] 
3.221: [GC (Allocation Failure) 3.221: [DefNew: 960K->64K(960K), 0.0016718 secs] 30137K->29675K(524224K), 0.0017642 secs] [Times: user=0.00 sys=0.00, real=0.00 secs] 
3.225: [GC (Allocation Failure) 3.225: [DefNew: 960K->64K(960K), 0.0015921 secs] 30571K->30109K(524224K), 0.0016710 secs] [Times: user=0.00 sys=0.00, real=0.00 secs] 
3.227: [GC (Allocation Failure) 3.227: [DefNew: 960K->64K(960K), 0.0019154 secs] 31005K->30543K(524224K), 0.0020176 secs] [Times: user=0.00 sys=0.00, real=0.00 secs] 
3.231: [GC (Allocation Failure) 3.231: [DefNew: 960K->64K(960K), 0.0017756 secs] 31439K->30977K(524224K), 0.0018798 secs] [Times: user=0.00 sys=0.00, real=0.00 secs] 
3.234: [GC (Allocation Failure) 3.234: [DefNew: 960K->64K(960K), 0.0019635 secs] 31873K->31412K(524224K), 0.0020559 secs] [Times: user=0.00 sys=0.00, real=0.00 secs] 
3.237: [GC (Allocation Failure) 3.237: [DefNew: 960K->64K(960K), 0.0018265 secs] 32308K->31846K(524224K), 0.0019371 secs] [Times: user=0.00 sys=0.00, real=0.00 secs] 
3.242: [GC (Allocation Failure) 3.242: [DefNew: 960K->64K(960K), 0.0023437 secs] 33680K->33218K(524224K), 0.0024570 secs] [Times: user=0.00 sys=0.00, real=0.00 secs] 
3.246: [GC (Allocation Failure) 3.246: [DefNew: 960K->64K(960K), 0.0017085 secs] 34114K->33651K(524224K), 0.0018206 secs] [Times: user=0.00 sys=0.00, real=0.00 secs] 
3.249: [GC (Allocation Failure) 3.249: [DefNew: 960K->64K(960K), 0.0022552 secs] 34547K->34086K(524224K), 0.0023670 secs] [Times: user=0.00 sys=0.00, real=0.00 secs] 
3.253: [GC (Allocation Failure) 3.253: [DefNew: 960K->64K(960K), 0.0024621 secs] 34982K->34519K(524224K), 0.0025955 secs] [Times: user=0.00 sys=0.00, real=0.00 secs] 
3.258: [GC (Allocation Failure) 3.258: [DefNew: 960K->64K(960K), 0.0018968 secs] 35415K->34952K(524224K), 0.0020200 secs] [Times: user=0.00 sys=0.00, real=0.00 secs] 
3.261: [GC (Allocation Failure) 3.261: [DefNew: 960K->64K(960K), 0.0016817 secs] 35848K->35386K(524224K), 0.0017776 secs] [Times: user=0.00 sys=0.00, real=0.00 secs] 
3.264: [GC (Allocation Failure) 3.264: [DefNew: 960K->64K(960K), 0.0017117 secs] 36282K->35820K(524224K), 0.0018234 secs] [Times: user=0.01 sys=0.00, real=0.00 secs] 
3.268: [GC (Allocation Failure) 3.268: [DefNew: 960K->64K(960K), 0.0021510 secs] 36716K->36253K(524224K), 0.0022695 secs] [Times: user=0.00 sys=0.00, real=0.00 secs] 
3.272: [GC (Allocation Failure) 3.272: [DefNew: 960K->64K(960K), 0.0022043 secs] 37149K->36687K(524224K), 0.0023283 secs] [Times: user=0.00 sys=0.00, real=0.00 secs] 
3.275: [GC (Allocation Failure) 3.276: [DefNew: 960K->64K(960K), 0.0025939 secs] 37583K->37121K(524224K), 0.0027305 secs] [Times: user=0.00 sys=0.00, real=0.00 secs] 
3.279: [GC (Allocation Failure) 3.279: [DefNew: 960K->64K(960K), 0.0016513 secs] 38017K->37555K(524224K), 0.0017579 secs] [Times: user=0.02 sys=0.00, real=0.00 secs] 
3.282: [GC (Allocation Failure) 3.282: [DefNew: 960K->64K(960K), 0.0022600 secs] 38451K->37989K(524224K), 0.0023745 secs] [Times: user=0.00 sys=0.00, real=0.00 secs] 
3.286: [GC (Allocation Failure) 3.286: [DefNew: 960K->64K(960K), 0.0024795 secs] 38885K->38423K(524224K), 0.0026003 secs] [Times: user=0.00 sys=0.00, real=0.00 secs] 
3.289: [GC (Allocation Failure) 3.289: [DefNew: 960K->64K(960K), 0.0016647 secs] 39319K->38857K(524224K), 0.0017480 secs] [Times: user=0.00 sys=0.00, real=0.00 secs] 
3.293: [GC (Allocation Failure) 3.293: [DefNew: 960K->64K(960K), 0.0020018 secs] 39753K->39291K(524224K), 0.0021084 secs] [Times: user=0.00 sys=0.00, real=0.00 secs] 
3.297: [GC (Allocation Failure) 3.297: [DefNew: 960K->64K(960K), 0.0026086 secs] 40187K->39724K(524224K), 0.0027278 secs] [Times: user=0.00 sys=0.00, real=0.00 secs] 
3.301: [GC (Allocation Failure) 3.301: [DefNew: 960K->64K(960K), 0.0018814 secs] 40620K->40158K(524224K), 0.0019833 secs] [Times: user=0.00 sys=0.00, real=0.00 secs] 
3.304: [GC (Allocation Failure) 3.304: [DefNew: 960K->64K(960K), 0.0020401 secs] 41054K->40592K(524224K), 0.0021431 secs] [Times: user=0.00 sys=0.00, real=0.00 secs] 
3.307: [GC (Allocation Failure) 3.307: [DefNew: 960K->64K(960K), 0.0025643 secs] 41488K->41026K(524224K), 0.0026654 secs] [Times: user=0.00 sys=0.00, real=0.00 secs] 
3.311: [GC (Allocation Failure) 3.311: [DefNew: 960K->64K(960K), 0.0022162 secs] 41922K->41460K(524224K), 0.0023405 secs] [Times: user=0.02 sys=0.00, real=0.00 secs] 
3.315: [GC (Allocation Failure) 3.315: [DefNew: 960K->64K(960K), 0.0016896 secs] 42356K->41894K(524224K), 0.0017882 secs] [Times: user=0.00 sys=0.00, real=0.00 secs] 
3.318: [GC (Allocation Failure) 3.318: [DefNew: 960K->64K(960K), 0.0024822 secs] 42790K->42328K(524224K), 0.0025939 secs] [Times: user=0.00 sys=0.00, real=0.00 secs] 
3.322: [GC (Allocation Failure) 3.322: [DefNew: 960K->64K(960K), 0.0021352 secs] 43224K->42762K(524224K), 0.0022477 secs] [Times: user=0.00 sys=0.00, real=0.00 secs] 
3.326: [GC (Allocation Failure) 3.326: [DefNew: 960K->64K(960K), 0.0029903 secs] 45064K->44602K(524224K), 0.0031107 secs] [Times: user=0.02 sys=0.00, real=0.00 secs] 
3.330: [GC (Allocation Failure) 3.330: [DefNew: 960K->64K(960K), 0.0025943 secs] 45498K->45036K(524224K), 0.0027226 secs] [Times: user=0.00 sys=0.00, real=0.00 secs] 
3.335: [GC (Allocation Failure) 3.335: [DefNew: 960K->64K(960K), 0.0019248 secs] 45932K->45470K(524224K), 0.0020456 secs] [Times: user=0.00 sys=0.00, real=0.00 secs] 
3.338: [GC (Allocation Failure) 3.338: [DefNew: 960K->64K(960K), 0.0016769 secs] 46366K->45905K(524224K), 0.0017575 secs] [Times: user=0.00 sys=0.00, real=0.00 secs] 
3.342: [GC (Allocation Failure) 3.342: [DefNew: 960K->64K(960K), 0.0018759 secs] 46801K->46339K(524224K), 0.0019615 secs] [Times: user=0.02 sys=0.00, real=0.00 secs] 
3.344: [GC (Allocation Failure) 3.345: [DefNew: 960K->64K(960K), 0.0024716 secs] 47235K->46773K(524224K), 0.0026918 secs] [Times: user=0.00 sys=0.00, real=0.00 secs] 
3.349: [GC (Allocation Failure) 3.349: [DefNew: 960K->64K(960K), 0.0028000 secs] 47669K->47207K(524224K), 0.0029473 secs] [Times: user=0.00 sys=0.00, real=0.00 secs] 
3.353: [GC (Allocation Failure) 3.353: [DefNew: 960K->64K(960K), 0.0017164 secs] 48103K->47641K(524224K), 0.0018052 secs] [Times: user=0.00 sys=0.00, real=0.00 secs] 
3.356: [GC (Allocation Failure) 3.356: [DefNew: 960K->64K(960K), 0.0017069 secs] 48537K->48075K(524224K), 0.0018052 secs] [Times: user=0.02 sys=0.00, real=0.00 secs] 
3.359: [GC (Allocation Failure) 3.359: [DefNew: 960K->64K(960K), 0.0023839 secs] 48971K->48509K(524224K), 0.0025075 secs] [Times: user=0.00 sys=0.00, real=0.00 secs] 
3.363: [GC (Allocation Failure) 3.363: [DefNew: 960K->64K(960K), 0.0017744 secs] 49405K->48943K(524224K), 0.0018996 secs] [Times: user=0.00 sys=0.00, real=0.00 secs] 
3.366: [GC (Allocation Failure) 3.366: [DefNew: 960K->64K(960K), 0.0021163 secs] 49839K->49377K(524224K), 0.0022079 secs] [Times: user=0.00 sys=0.00, real=0.00 secs] 
3.369: [GC (Allocation Failure) 3.369: [DefNew: 960K->64K(960K), 0.0025063 secs] 50273K->49811K(524224K), 0.0025943 secs] [Times: user=0.00 sys=0.00, real=0.00 secs] 
3.373: [GC (Allocation Failure) 3.373: [DefNew: 960K->64K(960K), 0.0022793 secs] 50707K->50245K(524224K), 0.0023863 secs] [Times: user=0.02 sys=0.00, real=0.00 secs] 
3.377: [GC (Allocation Failure) 3.377: [DefNew: 960K->64K(960K), 0.0017290 secs] 51141K->50679K(524224K), 0.0018088 secs] [Times: user=0.00 sys=0.00, real=0.00 secs] 
3.380: [GC (Allocation Failure) 3.380: [DefNew: 960K->64K(960K), 0.0016442 secs] 51575K->51113K(524224K), 0.0017255 secs] [Times: user=0.00 sys=0.00, real=0.00 secs] 
3.383: [GC (Allocation Failure) 3.383: [DefNew: 960K->64K(960K), 0.0016600 secs] 52009K->51547K(524224K), 0.0017468 secs] [Times: user=0.00 sys=0.00, real=0.00 secs] 
3.386: [GC (Allocation Failure) 3.386: [DefNew: 960K->64K(960K), 0.0022971 secs] 52443K->51981K(524224K), 0.0023903 secs] [Times: user=0.00 sys=0.00, real=0.00 secs] 
3.389: [GC (Allocation Failure) 3.389: [DefNew: 960K->64K(960K), 0.0026962 secs] 52877K->52415K(524224K), 0.0028095 secs] [Times: user=0.01 sys=0.00, real=0.00 secs] 
3.394: [GC (Allocation Failure) 3.394: [DefNew: 960K->64K(960K), 0.0016915 secs] 53311K->52850K(524224K), 0.0017772 secs] [Times: user=0.00 sys=0.00, real=0.00 secs] 
3.396: [GC (Allocation Failure) 3.396: [DefNew: 960K->64K(960K), 0.0020717 secs] 53746K->53284K(524224K), 0.0021893 secs] [Times: user=0.00 sys=0.00, real=0.00 secs] 
3.400: [GC (Allocation Failure) 3.400: [DefNew: 960K->64K(960K), 0.0016852 secs] 54180K->53718K(524224K), 0.0017879 secs] [Times: user=0.00 sys=0.00, real=0.00 secs] 
3.403: [GC (Allocation Failure) 3.403: [DefNew: 960K->64K(960K), 0.0020614 secs] 54614K->54152K(524224K), 0.0021471 secs] [Times: user=0.02 sys=0.00, real=0.00 secs] 
3.407: [GC (Allocation Failure) 3.407: [DefNew: 960K->64K(960K), 0.0020966 secs] 55048K->54586K(524224K), 0.0021877 secs] [Times: user=0.00 sys=0.00, real=0.00 secs] 
3.410: [GC (Allocation Failure) 3.410: [DefNew: 960K->64K(960K), 0.0020729 secs] 55482K->55020K(524224K), 0.0021826 secs] [Times: user=0.00 sys=0.00, real=0.00 secs] 
3.413: [GC (Allocation Failure) 3.413: [DefNew: 960K->64K(960K), 0.0017152 secs] 55916K->55454K(524224K), 0.0017997 secs] [Times: user=0.00 sys=0.00, real=0.00 secs] 
3.416: [GC (Allocation Failure) 3.416: [DefNew: 960K->64K(960K), 0.0023235 secs] 56350K->55888K(524224K), 0.0024195 secs] [Times: user=0.00 sys=0.00, real=0.00 secs] 
3.420: [GC (Allocation Failure) 3.420: [DefNew: 960K->64K(960K), 0.0018652 secs] 56784K->56322K(524224K), 0.0019750 secs] [Times: user=0.00 sys=0.00, real=0.00 secs] 
3.425: [GC (Allocation Failure) 3.425: [DefNew: 960K->64K(960K), 0.0021147 secs] 57218K->56756K(524224K), 0.0022201 secs] [Times: user=0.00 sys=0.00, real=0.00 secs] 
3.428: [GC (Allocation Failure) 3.429: [DefNew: 960K->64K(960K), 0.0017164 secs] 57652K->57190K(524224K), 0.0017950 secs] [Times: user=0.00 sys=0.00, real=0.00 secs] 
3.431: [GC (Allocation Failure) 3.431: [DefNew: 960K->64K(960K), 0.0024949 secs] 58086K->57624K(524224K), 0.0026046 secs] [Times: user=0.00 sys=0.00, real=0.00 secs] 
3.435: [GC (Allocation Failure) 3.435: [DefNew: 960K->64K(960K), 0.0015857 secs] 58520K->58058K(524224K), 0.0016675 secs] [Times: user=0.01 sys=0.00, real=0.00 secs] 
3.439: [GC (Allocation Failure) 3.439: [DefNew: 960K->64K(960K), 0.0027965 secs] 58954K->58492K(524224K), 0.0029251 secs] [Times: user=0.00 sys=0.00, real=0.00 secs] 
3.444: [GC (Allocation Failure) 3.444: [DefNew: 960K->64K(960K), 0.0024278 secs] 59388K->58926K(524224K), 0.0025501 secs] [Times: user=0.00 sys=0.00, real=0.00 secs] 
3.448: [GC (Allocation Failure) 3.448: [DefNew: 960K->64K(960K), 0.0027507 secs] 61933K->61471K(524224K), 0.0028940 secs] [Times: user=0.00 sys=0.00, real=0.00 secs] 
3.452: [GC (Allocation Failure) 3.452: [DefNew: 960K->64K(960K), 0.0024309 secs] 62367K->61905K(524224K), 0.0025608 secs] [Times: user=0.00 sys=0.00, real=0.00 secs] 
3.456: [GC (Allocation Failure) 3.456: [DefNew: 960K->64K(960K), 0.0019462 secs] 62801K->62339K(524224K), 0.0020713 secs] [Times: user=0.00 sys=0.00, real=0.00 secs] 
3.460: [GC (Allocation Failure) 3.460: [DefNew: 960K->64K(960K), 0.0023002 secs] 63235K->62773K(524224K), 0.0024084 secs] [Times: user=0.00 sys=0.00, real=0.00 secs] 
3.463: [GC (Allocation Failure) 3.463: [DefNew: 960K->64K(960K), 0.0026642 secs] 63669K->63207K(524224K), 0.0027803 secs] [Times: user=0.00 sys=0.00, real=0.00 secs] 
3.467: [GC (Allocation Failure) 3.467: [DefNew: 960K->64K(960K), 0.0026295 secs] 64103K->63641K(524224K), 0.0027203 secs] [Times: user=0.02 sys=0.00, real=0.00 secs] 
3.471: [GC (Allocation Failure) 3.471: [DefNew: 960K->64K(960K), 0.0020302 secs] 64537K->64075K(524224K), 0.0021313 secs] [Times: user=0.00 sys=0.00, real=0.00 secs] 
3.475: [GC (Allocation Failure) 3.475: [DefNew: 960K->64K(960K), 0.0024735 secs] 64971K->64509K(524224K), 0.0026141 secs] [Times: user=0.00 sys=0.00, real=0.00 secs] 
3.479: [GC (Allocation Failure) 3.479: [DefNew: 960K->64K(960K), 0.0025920 secs] 65405K->64943K(524224K), 0.0027278 secs] [Times: user=0.00 sys=0.00, real=0.00 secs] 
3.483: [GC (Allocation Failure) 3.483: [DefNew: 960K->64K(960K), 0.0020523 secs] 65839K->65377K(524224K), 0.0021791 secs] [Times: user=0.02 sys=0.00, real=0.00 secs] 
3.487: [GC (Allocation Failure) 3.487: [DefNew: 960K->64K(960K), 0.0025789 secs] 66273K->65811K(524224K), 0.0027143 secs] [Times: user=0.00 sys=0.00, real=0.00 secs] 
3.492: [GC (Allocation Failure) 3.492: [DefNew: 960K->64K(960K), 0.0022572 secs] 66707K->66245K(524224K), 0.0024100 secs] [Times: user=0.00 sys=0.00, real=0.00 secs] 
3.495: [GC (Allocation Failure) 3.495: [DefNew: 960K->64K(960K), 0.0018743 secs] 67141K->66679K(524224K), 0.0019833 secs] [Times: user=0.00 sys=0.00, real=0.00 secs] 
3.498: [GC (Allocation Failure) 3.498: [DefNew: 960K->64K(960K), 0.0026192 secs] 67575K->67113K(524224K), 0.0027455 secs] [Times: user=0.02 sys=0.00, real=0.00 secs] 
3.502: [GC (Allocation Failure) 3.502: [DefNew: 960K->64K(960K), 0.0020287 secs] 68009K->67547K(524224K), 0.0021384 secs] [Times: user=0.00 sys=0.00, real=0.00 secs] 
3.505: [GC (Allocation Failure) 3.505: [DefNew: 960K->64K(960K), 0.0017085 secs] 68443K->67982K(524224K), 0.0017882 secs] [Times: user=0.00 sys=0.00, real=0.00 secs] 
3.508: [GC (Allocation Failure) 3.508: [DefNew: 960K->64K(960K), 0.0025979 secs] 68878K->68416K(524224K), 0.0027179 secs] [Times: user=0.00 sys=0.00, real=0.00 secs] 
3.512: [GC (Allocation Failure) 3.512: [DefNew: 960K->64K(960K), 0.0025185 secs] 69312K->68850K(524224K), 0.0026334 secs] [Times: user=0.02 sys=0.00, real=0.00 secs] 
3.516: [GC (Allocation Failure) 3.516: [DefNew: 960K->64K(960K), 0.0024491 secs] 69746K->69284K(524224K), 0.0026018 secs] [Times: user=0.00 sys=0.00, real=0.00 secs] 
3.520: [GC (Allocation Failure) 3.520: [DefNew: 960K->64K(960K), 0.0019604 secs] 70180K->69718K(524224K), 0.0020851 secs] [Times: user=0.00 sys=0.00, real=0.00 secs] 
3.524: [GC (Allocation Failure) 3.524: [DefNew: 960K->64K(960K), 0.0017377 secs] 70614K->70152K(524224K), 0.0018305 secs] [Times: user=0.00 sys=0.00, real=0.00 secs] 
3.527: [GC (Allocation Failure) 3.527: [DefNew: 960K->64K(960K), 0.0016982 secs] 71048K->70586K(524224K), 0.0017886 secs] [Times: user=0.00 sys=0.00, real=0.00 secs] 
3.531: [GC (Allocation Failure) 3.531: [DefNew: 960K->64K(960K), 0.0023642 secs] 71482K->71020K(524224K), 0.0024597 secs] [Times: user=0.00 sys=0.00, real=0.00 secs] 
3.534: [GC (Allocation Failure) 3.535: [DefNew: 960K->64K(960K), 0.0025316 secs] 71916K->71454K(524224K), 0.0026674 secs] [Times: user=0.00 sys=0.00, real=0.00 secs] 
3.538: [GC (Allocation Failure) 3.538: [DefNew: 960K->64K(960K), 0.0023871 secs] 72350K->71888K(524224K), 0.0024739 secs] [Times: user=0.00 sys=0.00, real=0.00 secs] 
3.542: [GC (Allocation Failure) 3.542: [DefNew: 960K->64K(960K), 0.0021183 secs] 72784K->72322K(524224K), 0.0022339 secs] [Times: user=0.00 sys=0.00, real=0.00 secs] 
3.545: [GC (Allocation Failure) 3.545: [DefNew: 960K->64K(960K), 0.0026038 secs] 73218K->72756K(524224K), 0.0027203 secs] [Times: user=0.01 sys=0.00, real=0.00 secs] 
3.550: [GC (Allocation Failure) 3.550: [DefNew: 960K->64K(960K), 0.0024882 secs] 73652K->73190K(524224K), 0.0026074 secs] [Times: user=0.00 sys=0.00, real=0.00 secs] 
3.553: [GC (Allocation Failure) 3.553: [DefNew: 960K->64K(960K), 0.0019623 secs] 74086K->73624K(524224K), 0.0020508 secs] [Times: user=0.00 sys=0.00, real=0.00 secs] 
3.556: [GC (Allocation Failure) 3.556: [DefNew: 960K->64K(960K), 0.0023338 secs] 74520K->74058K(524224K), 0.0024530 secs] [Times: user=0.00 sys=0.00, real=0.00 secs] 
3.561: [GC (Allocation Failure) 3.561: [DefNew: 960K->64K(960K), 0.0017381 secs] 74954K->74492K(524224K), 0.0018317 secs] [Times: user=0.02 sys=0.00, real=0.00 secs] 
3.564: [GC (Allocation Failure) 3.564: [DefNew: 960K->64K(960K), 0.0030230 secs] 75388K->74927K(524224K), 0.0031652 secs] [Times: user=0.00 sys=0.00, real=0.00 secs] 
3.569: [GC (Allocation Failure) 3.569: [DefNew: 960K->64K(960K), 0.0024053 secs] 75823K->75361K(524224K), 0.0025442 secs] [Times: user=0.00 sys=0.00, real=0.00 secs] 
3.573: [GC (Allocation Failure) 3.573: [DefNew: 960K->64K(960K), 0.0021427 secs] 76257K->75795K(524224K), 0.0022710 secs] [Times: user=0.00 sys=0.00, real=0.00 secs] 
3.577: [GC (Allocation Failure) 3.577: [DefNew: 960K->64K(960K), 0.0019102 secs] 76691K->76229K(524224K), 0.0020314 secs] [Times: user=0.00 sys=0.00, real=0.00 secs] 
3.580: [GC (Allocation Failure) 3.580: [DefNew: 960K->64K(960K), 0.0028032 secs] 77125K->76663K(524224K), 0.0029480 secs] [Times: user=0.00 sys=0.00, real=0.00 secs] 
3.585: [GC (Allocation Failure) 3.585: [DefNew: 960K->64K(960K), 0.0026686 secs] 77559K->77097K(524224K), 0.0027886 secs] [Times: user=0.00 sys=0.00, real=0.00 secs] 
3.589: [GC (Allocation Failure) 3.590: [DefNew: 960K->64K(960K), 0.0024514 secs] 77993K->77531K(524224K), 0.0025746 secs] [Times: user=0.00 sys=0.00, real=0.00 secs] 
3.595: [GC (Allocation Failure) 3.595: [DefNew: 960K->64K(960K), 0.0023452 secs] 78427K->77965K(524224K), 0.0024767 secs] [Times: user=0.00 sys=0.00, real=0.00 secs] 
3.600: [GC (Allocation Failure) 3.600: [DefNew: 960K->64K(960K), 0.0025955 secs] 78861K->78399K(524224K), 0.0027487 secs] [Times: user=0.00 sys=0.00, real=0.00 secs] 
3.604: [GC (Allocation Failure) 3.604: [DefNew: 960K->64K(960K), 0.0028967 secs] 79295K->78833K(524224K), 0.0030345 secs] [Times: user=0.00 sys=0.00, real=0.00 secs] 
3.609: [GC (Allocation Failure) 3.609: [DefNew: 960K->64K(960K), 0.0026200 secs] 79729K->79267K(524224K), 0.0027550 secs] [Times: user=0.00 sys=0.00, real=0.00 secs] 
3.614: [GC (Allocation Failure) 3.614: [DefNew: 960K->64K(960K), 0.0028849 secs] 80163K->79701K(524224K), 0.0030183 secs] [Times: user=0.00 sys=0.00, real=0.00 secs] 
3.619: [GC (Allocation Failure) 3.619: [DefNew: 960K->64K(960K), 0.0026153 secs] 80597K->80135K(524224K), 0.0027570 secs] [Times: user=0.00 sys=0.00, real=0.00 secs] 
3.624: [GC (Allocation Failure) 3.624: [DefNew: 960K->64K(960K), 0.0026950 secs] 81031K->80569K(524224K), 0.0028683 secs] [Times: user=0.00 sys=0.00, real=0.00 secs] 
3.628: [GC (Allocation Failure) 3.628: [DefNew: 960K->64K(960K), 0.0025979 secs] 81465K->81003K(524224K), 0.0027286 secs] [Times: user=0.00 sys=0.00, real=0.00 secs] 
3.633: [GC (Allocation Failure) 3.633: [DefNew: 960K->64K(960K), 0.0027775 secs] 81899K->81438K(524224K), 0.0029169 secs] [Times: user=0.00 sys=0.00, real=0.00 secs] 
3.638: [GC (Allocation Failure) 3.638: [DefNew: 960K->64K(960K), 0.0025924 secs] 82334K->81872K(524224K), 0.0027128 secs] [Times: user=0.02 sys=0.00, real=0.00 secs] 
3.643: [GC (Allocation Failure) 3.643: [DefNew: 960K->64K(960K), 0.0026026 secs] 82768K->82306K(524224K), 0.0027309 secs] [Times: user=0.00 sys=0.00, real=0.00 secs] 
3.648: [GC (Allocation Failure) 3.648: [DefNew: 960K->64K(960K), 0.0028908 secs] 83202K->82740K(524224K), 0.0030317 secs] [Times: user=0.00 sys=0.00, real=0.00 secs] 
3.653: [GC (Allocation Failure) 3.653: [DefNew: 960K->64K(960K), 0.0029169 secs] 83636K->83174K(524224K), 0.0030479 secs] [Times: user=0.02 sys=0.00, real=0.00 secs] 
3.658: [GC (Allocation Failure) 3.658: [DefNew: 960K->64K(960K), 0.0028707 secs] 84070K->83608K(524224K), 0.0029958 secs] [Times: user=0.00 sys=0.00, real=0.00 secs] 
3.665: [GC (Allocation Failure) 3.665: [DefNew: 960K->64K(960K), 0.0037893 secs] 87669K->87207K(524224K), 0.0039338 secs] [Times: user=0.00 sys=0.00, real=0.00 secs] 
3.671: [GC (Allocation Failure) 3.671: [DefNew: 960K->64K(960K), 0.0023370 secs] 88103K->87641K(524224K), 0.0024739 secs] [Times: user=0.00 sys=0.00, real=0.00 secs] 
3.675: [GC (Allocation Failure) 3.675: [DefNew: 960K->64K(960K), 0.0027495 secs] 88537K->88075K(524224K), 0.0028876 secs] [Times: user=0.00 sys=0.00, real=0.00 secs] 
3.679: [GC (Allocation Failure) 3.679: [DefNew: 960K->64K(960K), 0.0023547 secs] 88971K->88509K(524224K), 0.0024550 secs] [Times: user=0.00 sys=0.00, real=0.00 secs] 
3.683: [GC (Allocation Failure) 3.683: [DefNew: 960K->64K(960K), 0.0017405 secs] 89405K->88943K(524224K), 0.0018415 secs] [Times: user=0.00 sys=0.00, real=0.00 secs] 
3.686: [GC (Allocation Failure) 3.686: [DefNew: 960K->64K(960K), 0.0024487 secs] 89839K->89377K(524224K), 0.0025939 secs] [Times: user=0.00 sys=0.00, real=0.00 secs] 
3.691: [GC (Allocation Failure) 3.691: [DefNew: 960K->64K(960K), 0.0018506 secs] 90273K->89811K(524224K), 0.0019647 secs] [Times: user=0.00 sys=0.00, real=0.00 secs] 
3.695: [GC (Allocation Failure) 3.695: [DefNew: 960K->64K(960K), 0.0027550 secs] 90707K->90245K(524224K), 0.0029086 secs] [Times: user=0.00 sys=0.00, real=0.00 secs] 
3.701: [GC (Allocation Failure) 3.701: [DefNew: 960K->64K(960K), 0.0027408 secs] 91141K->90679K(524224K), 0.0028869 secs] [Times: user=0.01 sys=0.00, real=0.00 secs] 
3.707: [GC (Allocation Failure) 3.707: [DefNew: 960K->64K(960K), 0.0028940 secs] 91575K->91114K(524224K), 0.0030819 secs] [Times: user=0.00 sys=0.00, real=0.00 secs] 
3.711: [GC (Allocation Failure) 3.711: [DefNew: 960K->64K(960K), 0.0028873 secs] 92010K->91548K(524224K), 0.0030436 secs] [Times: user=0.00 sys=0.00, real=0.00 secs] 
3.720: [GC (Allocation Failure) 3.720: [DefNew: 960K->64K(960K), 0.0027124 secs] 92444K->91982K(524224K), 0.0028620 secs] [Times: user=0.00 sys=0.00, real=0.00 secs] 
3.725: [GC (Allocation Failure) 3.725: [DefNew: 960K->64K(960K), 0.0029441 secs] 92878K->92416K(524224K), 0.0030953 secs] [Times: user=0.00 sys=0.00, real=0.00 secs] 
3.731: [GC (Allocation Failure) 3.731: [DefNew: 960K->64K(960K), 0.0032145 secs] 93312K->92850K(524224K), 0.0034739 secs] [Times: user=0.02 sys=0.00, real=0.00 secs] 
3.737: [GC (Allocation Failure) 3.737: [DefNew: 960K->64K(960K), 0.0033160 secs] 93746K->93284K(524224K), 0.0034865 secs] [Times: user=0.00 sys=0.00, real=0.00 secs] 
3.743: [GC (Allocation Failure) 3.743: [DefNew: 960K->64K(960K), 0.0025975 secs] 94180K->93718K(524224K), 0.0027530 secs] [Times: user=0.00 sys=0.00, real=0.00 secs] 
3.747: [GC (Allocation Failure) 3.748: [DefNew: 960K->64K(960K), 0.0033823 secs] 94614K->94152K(524224K), 0.0035418 secs] [Times: user=0.00 sys=0.00, real=0.00 secs] 
3.754: [GC (Allocation Failure) 3.754: [DefNew: 960K->64K(960K), 0.0027605 secs] 95048K->94586K(524224K), 0.0028924 secs] [Times: user=0.00 sys=0.00, real=0.00 secs] 
3.759: [GC (Allocation Failure) 3.759: [DefNew: 960K->64K(960K), 0.0027870 secs] 95482K->95020K(524224K), 0.0029382 secs] [Times: user=0.00 sys=0.00, real=0.00 secs] 
3.764: [GC (Allocation Failure) 3.764: [DefNew: 960K->64K(960K), 0.0039053 secs] 95916K->95454K(524224K), 0.0040553 secs] [Times: user=0.02 sys=0.00, real=0.00 secs] 
3.771: [GC (Allocation Failure) 3.771: [DefNew: 960K->64K(960K), 0.0030523 secs] 96350K->95888K(524224K), 0.0032200 secs] [Times: user=0.00 sys=0.00, real=0.00 secs] 
3.776: [GC (Allocation Failure) 3.776: [DefNew: 960K->64K(960K), 0.0028245 secs] 96784K->96322K(524224K), 0.0029701 secs] [Times: user=0.00 sys=0.00, real=0.00 secs] 
3.781: [GC (Allocation Failure) 3.781: [DefNew: 960K->64K(960K), 0.0031123 secs] 97218K->96756K(524224K), 0.0032453 secs] [Times: user=0.00 sys=0.00, real=0.00 secs] 
3.789: [GC (Allocation Failure) 3.790: [DefNew: 960K->64K(960K), 0.0024191 secs] 97652K->97190K(524224K), 0.0025410 secs] [Times: user=0.00 sys=0.00, real=0.00 secs] 
3.795: [GC (Allocation Failure) 3.795: [DefNew: 960K->64K(960K), 0.0021052 secs] 98086K->97624K(524224K), 0.0022197 secs] [Times: user=0.02 sys=0.00, real=0.00 secs] 
3.798: [GC (Allocation Failure) 3.798: [DefNew: 960K->64K(960K), 0.0031052 secs] 98520K->98059K(524224K), 0.0032177 secs] [Times: user=0.00 sys=0.00, real=0.00 secs] 
3.804: [GC (Allocation Failure) 3.804: [DefNew: 960K->64K(960K), 0.0035737 secs] 98955K->98493K(524224K), 0.0037940 secs] [Times: user=0.00 sys=0.00, real=0.00 secs] 
3.810: [GC (Allocation Failure) 3.810: [DefNew: 960K->64K(960K), 0.0028584 secs] 99389K->98927K(524224K), 0.0030179 secs] [Times: user=0.02 sys=0.00, real=0.00 secs] 
3.818: [GC (Allocation Failure) 3.818: [DefNew: 960K->64K(960K), 0.0033006 secs] 99823K->99361K(524224K), 0.0034648 secs] [Times: user=0.00 sys=0.00, real=0.00 secs] 
3.825: [GC (Allocation Failure) 3.825: [DefNew: 960K->64K(960K), 0.0058345 secs] 100257K->99795K(524224K), 0.0062628 secs] [Times: user=0.01 sys=0.00, real=0.01 secs] 
3.838: [GC (Allocation Failure) 3.838: [DefNew: 960K->64K(960K), 0.0029465 secs] 100691K->100229K(524224K), 0.0031048 secs] [Times: user=0.00 sys=0.00, real=0.00 secs] 
3.843: [GC (Allocation Failure) 3.843: [DefNew: 960K->64K(960K), 0.0027155 secs] 101125K->100663K(524224K), 0.0028750 secs] [Times: user=0.00 sys=0.00, real=0.00 secs] 
3.848: [GC (Allocation Failure) 3.848: [DefNew: 960K->64K(960K), 0.0032319 secs] 101559K->101097K(524224K), 0.0034068 secs] [Times: user=0.00 sys=0.00, real=0.00 secs] 
3.853: [GC (Allocation Failure) 3.854: [DefNew: 960K->64K(960K), 0.0027132 secs] 101993K->101531K(524224K), 0.0028419 secs] [Times: user=0.00 sys=0.00, real=0.00 secs] 
3.858: [GC (Allocation Failure) 3.858: [DefNew: 960K->64K(960K), 0.0033992 secs] 102427K->101965K(524224K), 0.0035548 secs] [Times: user=0.00 sys=0.00, real=0.00 secs] 
3.869: [GC (Allocation Failure) 3.869: [DefNew: 960K->64K(960K), 0.0027617 secs] 102861K->102399K(524224K), 0.0029204 secs] [Times: user=0.00 sys=0.00, real=0.00 secs] 
3.874: [GC (Allocation Failure) 3.875: [DefNew: 960K->64K(960K), 0.0029453 secs] 103295K->102833K(524224K), 0.0031123 secs] [Times: user=0.00 sys=0.00, real=0.00 secs] 
3.879: [GC (Allocation Failure) 3.879: [DefNew: 960K->64K(960K), 0.0026539 secs] 103729K->103267K(524224K), 0.0028308 secs] [Times: user=0.00 sys=0.00, real=0.00 secs] 
3.886: [GC (Allocation Failure) 3.886: [DefNew: 960K->64K(960K), 0.0027128 secs] 104163K->103701K(524224K), 0.0028679 secs] [Times: user=0.02 sys=0.00, real=0.00 secs] 
3.891: [GC (Allocation Failure) 3.891: [DefNew: 960K->64K(960K), 0.0027949 secs] 104597K->104135K(524224K), 0.0029417 secs] [Times: user=0.00 sys=0.00, real=0.00 secs] 
3.896: [GC (Allocation Failure) 3.896: [DefNew: 960K->64K(960K), 0.0030321 secs] 105031K->104570K(524224K), 0.0031663 secs] [Times: user=0.00 sys=0.00, real=0.00 secs] 
3.902: [GC (Allocation Failure) 3.902: [DefNew: 960K->64K(960K), 0.0029275 secs] 105466K->105004K(524224K), 0.0030929 secs] [Times: user=0.00 sys=0.00, real=0.00 secs] 
3.906: [GC (Allocation Failure) 3.906: [DefNew: 960K->64K(960K), 0.0029891 secs] 105900K->105438K(524224K), 0.0031308 secs] [Times: user=0.00 sys=0.00, real=0.00 secs] 
3.912: [GC (Allocation Failure) 3.912: [DefNew: 960K->64K(960K), 0.0027696 secs] 106334K->105872K(524224K), 0.0029015 secs] [Times: user=0.00 sys=0.00, real=0.00 secs] 
3.916: [GC (Allocation Failure) 3.916: [DefNew: 960K->64K(960K), 0.0038378 secs] 106768K->106306K(524224K), 0.0039961 secs] [Times: user=0.00 sys=0.00, real=0.00 secs] 
3.922: [GC (Allocation Failure) 3.922: [DefNew: 960K->64K(960K), 0.0026413 secs] 107202K->106740K(524224K), 0.0027771 secs] [Times: user=0.00 sys=0.00, real=0.00 secs] 
3.927: [GC (Allocation Failure) 3.927: [DefNew: 960K->64K(960K), 0.0028095 secs] 107636K->107174K(524224K), 0.0029370 secs] [Times: user=0.00 sys=0.00, real=0.00 secs] 
3.932: [GC (Allocation Failure) 3.932: [DefNew: 960K->64K(960K), 0.0034289 secs] 108070K->107608K(524224K), 0.0036172 secs] [Times: user=0.00 sys=0.00, real=0.00 secs] 
3.937: [GC (Allocation Failure) 3.937: [DefNew: 960K->64K(960K), 0.0027728 secs] 108504K->108042K(524224K), 0.0029244 secs] [Times: user=0.00 sys=0.00, real=0.00 secs] 
3.942: [GC (Allocation Failure) 3.942: [DefNew: 960K->64K(960K), 0.0026670 secs] 108938K->108476K(524224K), 0.0028194 secs] [Times: user=0.00 sys=0.00, real=0.00 secs] 
3.947: [GC (Allocation Failure) 3.947: [DefNew: 960K->64K(960K), 0.0027586 secs] 109372K->108910K(524224K), 0.0029101 secs] [Times: user=0.00 sys=0.00, real=0.00 secs] 
3.951: [GC (Allocation Failure) 3.951: [DefNew: 960K->64K(960K), 0.0027400 secs] 109806K->109344K(524224K), 0.0028790 secs] [Times: user=0.02 sys=0.00, real=0.00 secs] 
3.956: [GC (Allocation Failure) 3.956: [DefNew: 960K->64K(960K), 0.0027297 secs] 110240K->109778K(524224K), 0.0028438 secs] [Times: user=0.00 sys=0.00, real=0.00 secs] 
3.960: [GC (Allocation Failure) 3.961: [DefNew: 960K->64K(960K), 0.0027120 secs] 110674K->110212K(524224K), 0.0028344 secs] [Times: user=0.00 sys=0.00, real=0.00 secs] 
3.964: [GC (Allocation Failure) 3.964: [DefNew: 960K->64K(960K), 0.0026464 secs] 111108K->110646K(524224K), 0.0027546 secs] [Times: user=0.01 sys=0.00, real=0.00 secs] 
3.968: [GC (Allocation Failure) 3.968: [DefNew: 960K->64K(960K), 0.0023085 secs] 111542K->111080K(524224K), 0.0024313 secs] [Times: user=0.00 sys=0.00, real=0.00 secs] 
3.972: [GC (Allocation Failure) 3.973: [DefNew: 960K->64K(960K), 0.0023662 secs] 111976K->111515K(524224K), 0.0024921 secs] [Times: user=0.00 sys=0.00, real=0.00 secs] 
3.976: [GC (Allocation Failure) 3.976: [DefNew: 960K->64K(960K), 0.0026382 secs] 112411K->111949K(524224K), 0.0027546 secs] [Times: user=0.00 sys=0.00, real=0.00 secs] 
3.980: [GC (Allocation Failure) 3.980: [DefNew: 960K->64K(960K), 0.0016623 secs] 112845K->112383K(524224K), 0.0017464 secs] [Times: user=0.00 sys=0.00, real=0.00 secs] 
3.984: [GC (Allocation Failure) 3.984: [DefNew: 960K->64K(960K), 0.0025418 secs] 113279K->112817K(524224K), 0.0026614 secs] [Times: user=0.00 sys=0.00, real=0.00 secs] 
3.988: [GC (Allocation Failure) 3.988: [DefNew: 960K->64K(960K), 0.0023713 secs] 113713K->113251K(524224K), 0.0024755 secs] [Times: user=0.00 sys=0.00, real=0.00 secs] 
3.993: [GC (Allocation Failure) 3.993: [DefNew: 960K->64K(960K), 0.0021001 secs] 114147K->113685K(524224K), 0.0022027 secs] [Times: user=0.00 sys=0.00, real=0.00 secs] 
3.997: [GC (Allocation Failure) 3.997: [DefNew: 960K->64K(960K), 0.0018131 secs] 114581K->114119K(524224K), 0.0019023 secs] [Times: user=0.00 sys=0.00, real=0.00 secs] 
4.000: [GC (Allocation Failure) 4.000: [DefNew: 960K->64K(960K), 0.0027858 secs] 115015K->114553K(524224K), 0.0029161 secs] [Times: user=0.00 sys=0.00, real=0.00 secs] 
4.005: [GC (Allocation Failure) 4.005: [DefNew: 960K->64K(960K), 0.0025482 secs] 115449K->114987K(524224K), 0.0026915 secs] [Times: user=0.00 sys=0.00, real=0.00 secs] 
4.009: [GC (Allocation Failure) 4.009: [DefNew: 960K->64K(960K), 0.0029054 secs] 115883K->115421K(524224K), 0.0030570 secs] [Times: user=0.00 sys=0.00, real=0.00 secs] 
4.018: [GC (Allocation Failure) 4.018: [DefNew: 960K->64K(960K), 0.0027755 secs] 116317K->115855K(524224K), 0.0029374 secs] [Times: user=0.00 sys=0.00, real=0.00 secs] 
4.023: [GC (Allocation Failure) 4.023: [DefNew: 960K->64K(960K), 0.0028190 secs] 116751K->116289K(524224K), 0.0029773 secs] [Times: user=0.00 sys=0.00, real=0.00 secs] 
4.028: [GC (Allocation Failure) 4.029: [DefNew: 960K->64K(960K), 0.0028474 secs] 117185K->116723K(524224K), 0.0030073 secs] [Times: user=0.02 sys=0.00, real=0.00 secs] 
4.034: [GC (Allocation Failure) 4.034: [DefNew: 960K->64K(960K), 0.0027657 secs] 117619K->117157K(524224K), 0.0029374 secs] [Times: user=0.00 sys=0.00, real=0.00 secs] 
4.039: [GC (Allocation Failure) 4.039: [DefNew: 960K->64K(960K), 0.0020026 secs] 118053K->117591K(524224K), 0.0021344 secs] [Times: user=0.00 sys=0.00, real=0.00 secs] 
4.043: [GC (Allocation Failure) 4.043: [DefNew: 960K->64K(960K), 0.0026524 secs] 118487K->118025K(524224K), 0.0028517 secs] [Times: user=0.02 sys=0.00, real=0.00 secs] 
4.049: [GC (Allocation Failure) 4.049: [DefNew: 960K->64K(960K), 0.0031521 secs] 118921K->118460K(524224K), 0.0033803 secs] [Times: user=0.00 sys=0.00, real=0.00 secs] 
4.054: [GC (Allocation Failure) 4.054: [DefNew: 960K->64K(960K), 0.0022718 secs] 119356K->118894K(524224K), 0.0023835 secs] [Times: user=0.00 sys=0.00, real=0.00 secs] 
4.058: [GC (Allocation Failure) 4.058: [DefNew: 960K->64K(960K), 0.0025367 secs] 119790K->119328K(524224K), 0.0026859 secs] [Times: user=0.02 sys=0.00, real=0.00 secs] 
4.062: [GC (Allocation Failure) 4.062: [DefNew: 960K->64K(960K), 0.0024503 secs] 120224K->119762K(524224K), 0.0025793 secs] [Times: user=0.00 sys=0.00, real=0.00 secs] 
4.067: [GC (Allocation Failure) 4.067: [DefNew: 960K->64K(960K), 0.0027775 secs] 120658K->120196K(524224K), 0.0029354 secs] [Times: user=0.00 sys=0.00, real=0.00 secs] 
4.072: [GC (Allocation Failure) 4.072: [DefNew: 960K->64K(960K), 0.0016382 secs] 121092K->120630K(524224K), 0.0017381 secs] [Times: user=0.00 sys=0.00, real=0.00 secs] 
4.078: [GC (Allocation Failure) 4.078: [DefNew: 960K->64K(960K), 0.0044710 secs] 126274K->125812K(524224K), 0.0046025 secs] [Times: user=0.00 sys=0.00, real=0.00 secs] 
4.084: [GC (Allocation Failure) 4.085: [DefNew: 960K->64K(960K), 0.0027830 secs] 126708K->126246K(524224K), 0.0029259 secs] [Times: user=0.00 sys=0.00, real=0.00 secs] 
4.089: [GC (Allocation Failure) 4.089: [DefNew: 960K->64K(960K), 0.0025861 secs] 127142K->126680K(524224K), 0.0027317 secs] [Times: user=0.00 sys=0.00, real=0.00 secs] 
4.093: [GC (Allocation Failure) 4.093: [DefNew: 960K->64K(960K), 0.0025410 secs] 127576K->127114K(524224K), 0.0026741 secs] [Times: user=0.00 sys=0.00, real=0.00 secs] 
4.098: [GC (Allocation Failure) 4.098: [DefNew: 960K->64K(960K), 0.0028446 secs] 128010K->127548K(524224K), 0.0029828 secs] [Times: user=0.00 sys=0.00, real=0.00 secs] 
4.102: [GC (Allocation Failure) 4.102: [DefNew: 960K->64K(960K), 0.0026303 secs] 128444K->127982K(524224K), 0.0027511 secs] [Times: user=0.00 sys=0.00, real=0.00 secs] 
4.106: [GC (Allocation Failure) 4.106: [DefNew: 960K->64K(960K), 0.0020792 secs] 128878K->128416K(524224K), 0.0021862 secs] [Times: user=0.02 sys=0.00, real=0.00 secs] 
4.109: [GC (Allocation Failure) 4.109: [DefNew: 960K->64K(960K), 0.0025407 secs] 129312K->128850K(524224K), 0.0026618 secs] [Times: user=0.00 sys=0.00, real=0.00 secs] 
4.114: [GC (Allocation Failure) 4.114: [DefNew: 960K->64K(960K), 0.0027933 secs] 129746K->129284K(524224K), 0.0029398 secs] [Times: user=0.00 sys=0.00, real=0.00 secs] 
4.118: [GC (Allocation Failure) 4.118: [DefNew: 960K->64K(960K), 0.0020969 secs] 130180K->129718K(524224K), 0.0022110 secs] [Times: user=0.00 sys=0.00, real=0.00 secs] 
4.122: [GC (Allocation Failure) 4.122: [DefNew: 960K->64K(960K), 0.0017693 secs] 130614K->130152K(524224K), 0.0018534 secs] [Times: user=0.00 sys=0.00, real=0.00 secs] 
4.126: [GC (Allocation Failure) 4.126: [DefNew: 960K->64K(960K), 0.0023784 secs] 131048K->130586K(524224K), 0.0025201 secs] [Times: user=0.00 sys=0.00, real=0.00 secs] 
4.130: [GC (Allocation Failure) 4.130: [DefNew: 960K->64K(960K), 0.0018498 secs] 131482K->131020K(524224K), 0.0019690 secs] [Times: user=0.00 sys=0.00, real=0.00 secs] 
4.133: [GC (Allocation Failure) 4.133: [DefNew: 960K->64K(960K), 0.0020480 secs] 131916K->131454K(524224K), 0.0021645 secs] [Times: user=0.00 sys=0.00, real=0.00 secs] 
4.137: [GC (Allocation Failure) 4.137: [DefNew: 960K->64K(960K), 0.0018005 secs] 132350K->131889K(524224K), 0.0018838 secs] [Times: user=0.00 sys=0.00, real=0.00 secs] 
4.140: [GC (Allocation Failure) 4.140: [DefNew: 960K->64K(960K), 0.0028478 secs] 132785K->132323K(524224K), 0.0029630 secs] [Times: user=0.00 sys=0.00, real=0.00 secs] 
4.146: [GC (Allocation Failure) 4.146: [DefNew: 960K->64K(960K), 0.0017768 secs] 133219K->132757K(524224K), 0.0018818 secs] [Times: user=0.00 sys=0.00, real=0.00 secs] 
4.150: [GC (Allocation Failure) 4.150: [DefNew: 960K->64K(960K), 0.0018431 secs] 133653K->133191K(524224K), 0.0019687 secs] [Times: user=0.00 sys=0.00, real=0.00 secs] 
4.153: [GC (Allocation Failure) 4.153: [DefNew: 960K->64K(960K), 0.0017531 secs] 134087K->133625K(524224K), 0.0018443 secs] [Times: user=0.02 sys=0.00, real=0.00 secs] 
4.156: [GC (Allocation Failure) 4.156: [DefNew: 960K->64K(960K), 0.0027767 secs] 134521K->134059K(524224K), 0.0028778 secs] [Times: user=0.00 sys=0.00, real=0.00 secs] 
4.161: [GC (Allocation Failure) 4.161: [DefNew: 960K->64K(960K), 0.0017053 secs] 134955K->134493K(524224K), 0.0017886 secs] [Times: user=0.00 sys=0.00, real=0.00 secs] 
4.164: [GC (Allocation Failure) 4.164: [DefNew: 960K->64K(960K), 0.0019181 secs] 135389K->134927K(524224K), 0.0020054 secs] [Times: user=0.00 sys=0.00, real=0.00 secs] 
4.168: [GC (Allocation Failure) 4.168: [DefNew: 960K->64K(960K), 0.0018996 secs] 135823K->135361K(524224K), 0.0019840 secs] [Times: user=0.00 sys=0.00, real=0.00 secs] 
4.171: [GC (Allocation Failure) 4.171: [DefNew: 960K->63K(960K), 0.0024210 secs] 136257K->135796K(524224K), 0.0025616 secs] [Times: user=0.00 sys=0.00, real=0.00 secs] 
4.175: [GC (Allocation Failure) 4.175: [DefNew: 959K->64K(960K), 0.0016876 secs] 136692K->136230K(524224K), 0.0017835 secs] [Times: user=0.00 sys=0.00, real=0.00 secs] 
4.179: [GC (Allocation Failure) 4.179: [DefNew: 960K->64K(960K), 0.0018404 secs] 137126K->136664K(524224K), 0.0019564 secs] [Times: user=0.00 sys=0.00, real=0.00 secs] 
4.182: [GC (Allocation Failure) 4.182: [DefNew: 960K->64K(960K), 0.0015905 secs] 137560K->137098K(524224K), 0.0016888 secs] [Times: user=0.00 sys=0.00, real=0.00 secs] 
4.185: [GC (Allocation Failure) 4.185: [DefNew: 960K->64K(960K), 0.0016071 secs] 137994K->137532K(524224K), 0.0016907 secs] [Times: user=0.02 sys=0.00, real=0.00 secs] 
4.187: [GC (Allocation Failure) 4.187: [DefNew: 960K->64K(960K), 0.0018415 secs] 138428K->137966K(524224K), 0.0019150 secs] [Times: user=0.00 sys=0.00, real=0.00 secs] 
4.190: [GC (Allocation Failure) 4.191: [DefNew: 960K->64K(960K), 0.0026563 secs] 138862K->138400K(524224K), 0.0027649 secs] [Times: user=0.00 sys=0.00, real=0.00 secs] 
4.194: [GC (Allocation Failure) 4.194: [DefNew: 960K->64K(960K), 0.0017200 secs] 139296K->138834K(524224K), 0.0018064 secs] [Times: user=0.00 sys=0.00, real=0.00 secs] 
4.197: [GC (Allocation Failure) 4.197: [DefNew: 960K->64K(960K), 0.0019292 secs] 139730K->139268K(524224K), 0.0020417 secs] [Times: user=0.00 sys=0.00, real=0.00 secs] 
4.200: [GC (Allocation Failure) 4.200: [DefNew: 960K->64K(960K), 0.0019059 secs] 140164K->139702K(524224K), 0.0019892 secs] [Times: user=0.02 sys=0.00, real=0.00 secs] 
4.204: [GC (Allocation Failure) 4.204: [DefNew: 960K->64K(960K), 0.0019971 secs] 140598K->140136K(524224K), 0.0021167 secs] [Times: user=0.00 sys=0.00, real=0.00 secs] 
4.207: [GC (Allocation Failure) 4.207: [DefNew: 960K->64K(960K), 0.0017369 secs] 141032K->140570K(524224K), 0.0018459 secs] [Times: user=0.00 sys=0.00, real=0.00 secs] 
4.210: [GC (Allocation Failure) 4.210: [DefNew: 960K->64K(960K), 0.0016580 secs] 141466K->141004K(524224K), 0.0017302 secs] [Times: user=0.00 sys=0.00, real=0.00 secs] 
4.213: [GC (Allocation Failure) 4.213: [DefNew: 960K->64K(960K), 0.0019485 secs] 141900K->141439K(524224K), 0.0020294 secs] [Times: user=0.00 sys=0.00, real=0.00 secs] 
4.216: [GC (Allocation Failure) 4.216: [DefNew: 960K->64K(960K), 0.0017464 secs] 142335K->141873K(524224K), 0.0018561 secs] [Times: user=0.02 sys=0.00, real=0.00 secs] 
4.220: [GC (Allocation Failure) 4.220: [DefNew: 960K->64K(960K), 0.0017748 secs] 142769K->142307K(524224K), 0.0018577 secs] [Times: user=0.00 sys=0.00, real=0.00 secs] 
4.223: [GC (Allocation Failure) 4.223: [DefNew: 960K->64K(960K), 0.0017902 secs] 143203K->142741K(524224K), 0.0018652 secs] [Times: user=0.00 sys=0.00, real=0.00 secs] 
4.226: [GC (Allocation Failure) 4.226: [DefNew: 960K->64K(960K), 0.0017661 secs] 143637K->143175K(524224K), 0.0018431 secs] [Times: user=0.00 sys=0.00, real=0.00 secs] 
4.228: [GC (Allocation Failure) 4.228: [DefNew: 960K->64K(960K), 0.0017121 secs] 144071K->143609K(524224K), 0.0017764 secs] [Times: user=0.00 sys=0.00, real=0.00 secs] 
4.231: [GC (Allocation Failure) 4.231: [DefNew: 960K->64K(960K), 0.0018167 secs] 144505K->144043K(524224K), 0.0018802 secs] [Times: user=0.01 sys=0.00, real=0.00 secs] 
4.234: [GC (Allocation Failure) 4.234: [DefNew: 960K->64K(960K), 0.0016232 secs] 144939K->144477K(524224K), 0.0017109 secs] [Times: user=0.00 sys=0.00, real=0.00 secs] 
4.237: [GC (Allocation Failure) 4.238: [DefNew: 960K->64K(960K), 0.0022695 secs] 145373K->144911K(524224K), 0.0023843 secs] [Times: user=0.00 sys=0.00, real=0.00 secs] 
4.241: [GC (Allocation Failure) 4.241: [DefNew: 960K->64K(960K), 0.0017448 secs] 145807K->145345K(524224K), 0.0018250 secs] [Times: user=0.00 sys=0.00, real=0.00 secs] 
4.244: [GC (Allocation Failure) 4.244: [DefNew: 960K->64K(960K), 0.0018281 secs] 146241K->145779K(524224K), 0.0018936 secs] [Times: user=0.00 sys=0.00, real=0.00 secs] 
4.247: [GC (Allocation Failure) 4.247: [DefNew: 960K->64K(960K), 0.0018708 secs] 146675K->146213K(524224K), 0.0019426 secs] [Times: user=0.02 sys=0.00, real=0.00 secs] 
4.250: [GC (Allocation Failure) 4.250: [DefNew: 960K->64K(960K), 0.0018925 secs] 147109K->146647K(524224K), 0.0019738 secs] [Times: user=0.00 sys=0.00, real=0.00 secs] 
4.254: [GC (Allocation Failure) 4.254: [DefNew: 960K->64K(960K), 0.0023745 secs] 147543K->147081K(524224K), 0.0024814 secs] [Times: user=0.00 sys=0.00, real=0.00 secs] 
4.258: [GC (Allocation Failure) 4.258: [DefNew: 960K->64K(960K), 0.0020046 secs] 147977K->147515K(524224K), 0.0021191 secs] [Times: user=0.00 sys=0.00, real=0.00 secs] 
4.261: [GC (Allocation Failure) 4.261: [DefNew: 960K->64K(960K), 0.0018660 secs] 148411K->147950K(524224K), 0.0019533 secs] [Times: user=0.00 sys=0.00, real=0.00 secs] 
4.264: [GC (Allocation Failure) 4.264: [DefNew: 960K->64K(960K), 0.0023247 secs] 148846K->148384K(524224K), 0.0024128 secs] [Times: user=0.01 sys=0.00, real=0.00 secs] 
4.267: [GC (Allocation Failure) 4.267: [DefNew: 960K->64K(960K), 0.0018159 secs] 149280K->148818K(524224K), 0.0019059 secs] [Times: user=0.00 sys=0.00, real=0.00 secs] 
4.270: [GC (Allocation Failure) 4.270: [DefNew: 960K->64K(960K), 0.0016450 secs] 149714K->149252K(524224K), 0.0017132 secs] [Times: user=0.00 sys=0.00, real=0.00 secs] 
4.279: [GC (Allocation Failure) 4.279: [DefNew: 960K->64K(960K), 0.0017918 secs] 150148K->149683K(524224K), 0.0019059 secs] [Times: user=0.03 sys=0.00, real=0.00 secs] 
4.312: [GC (Allocation Failure) 4.313: [DefNew: 960K->64K(960K), 0.0022193 secs] 150579K->150207K(524224K), 0.0023689 secs] [Times: user=0.00 sys=0.00, real=0.00 secs] 
4.324: [GC (Allocation Failure) 4.324: [DefNew: 960K->64K(960K), 0.0027349 secs] 151103K->150725K(524224K), 0.0028758 secs] [Times: user=0.00 sys=0.00, real=0.00 secs] 
4.337: [GC (Allocation Failure) 4.337: [DefNew: 960K->63K(960K), 0.0018968 secs] 151621K->151242K(524224K), 0.0020081 secs] [Times: user=0.00 sys=0.00, real=0.00 secs] 
4.348: [GC (Allocation Failure) 4.348: [DefNew: 959K->63K(960K), 0.0024546 secs] 152138K->151760K(524224K), 0.0026184 secs] [Times: user=0.00 sys=0.00, real=0.00 secs] 
4.356: [GC (Allocation Failure) 4.356: [DefNew: 959K->63K(960K), 0.0018917 secs] 152656K->152278K(524224K), 0.0020377 secs] [Times: user=0.03 sys=0.00, real=0.00 secs] 
4.367: [GC (Allocation Failure) 4.367: [DefNew: 959K->63K(960K), 0.0018404 secs] 153174K->152796K(524224K), 0.0019588 secs] [Times: user=0.00 sys=0.00, real=0.00 secs] 
4.373: [GC (Allocation Failure) 4.373: [DefNew: 959K->63K(960K), 0.0028008 secs] 153692K->153315K(524224K), 0.0029465 secs] [Times: user=0.03 sys=0.00, real=0.00 secs] 
4.384: [GC (Allocation Failure) 4.384: [DefNew: 959K->64K(960K), 0.0024546 secs] 154211K->153833K(524224K), 0.0025730 secs] [Times: user=0.00 sys=0.00, real=0.00 secs] 
4.395: [GC (Allocation Failure) 4.395: [DefNew: 959K->63K(960K), 0.0017701 secs] 154729K->154351K(524224K), 0.0018822 secs] [Times: user=0.00 sys=0.00, real=0.00 secs] 
4.402: [GC (Allocation Failure) 4.402: [DefNew: 959K->64K(960K), 0.0017760 secs] 155247K->154869K(524224K), 0.0018858 secs] [Times: user=0.00 sys=0.00, real=0.00 secs] 
4.413: [GC (Allocation Failure) 4.413: [DefNew: 960K->63K(960K), 0.0027712 secs] 155765K->155387K(524224K), 0.0029200 secs] [Times: user=0.00 sys=0.00, real=0.00 secs] 
4.419: [GC (Allocation Failure) 4.419: [DefNew: 959K->63K(960K), 0.0027250 secs] 156283K->155905K(524224K), 0.0028770 secs] [Times: user=0.03 sys=0.00, real=0.00 secs] 
4.425: [GC (Allocation Failure) 4.425: [DefNew: 959K->63K(960K), 0.0022868 secs] 156801K->156423K(524224K), 0.0023910 secs] [Times: user=0.00 sys=0.00, real=0.00 secs] 
4.430: [GC (Allocation Failure) 4.430: [DefNew: 959K->63K(960K), 0.0017219 secs] 157319K->156941K(524224K), 0.0018333 secs] [Times: user=0.00 sys=0.00, real=0.00 secs] 
4.434: [GC (Allocation Failure) 4.434: [DefNew: 959K->63K(960K), 0.0017618 secs] 157837K->157459K(524224K), 0.0018569 secs] [Times: user=0.03 sys=0.00, real=0.00 secs] 
4.438: [GC (Allocation Failure) 4.438: [DefNew: 959K->63K(960K), 0.0017184 secs] 158355K->157977K(524224K), 0.0017942 secs] [Times: user=0.00 sys=0.00, real=0.00 secs] 
4.441: [GC (Allocation Failure) 4.441: [DefNew: 959K->64K(960K), 0.0017535 secs] 158873K->158495K(524224K), 0.0018333 secs] [Times: user=0.00 sys=0.00, real=0.00 secs] 
4.444: [GC (Allocation Failure) 4.445: [DefNew: 960K->63K(960K), 0.0021617 secs] 159391K->159014K(524224K), 0.0022920 secs] [Times: user=0.00 sys=0.00, real=0.00 secs] 
4.448: [GC (Allocation Failure) 4.448: [DefNew: 959K->63K(960K), 0.0017101 secs] 159910K->159531K(524224K), 0.0018092 secs] [Times: user=0.00 sys=0.00, real=0.00 secs] 
4.452: [GC (Allocation Failure) 4.452: [DefNew: 959K->63K(960K), 0.0017294 secs] 160427K->160050K(524224K), 0.0018321 secs] [Times: user=0.00 sys=0.00, real=0.00 secs] 
4.458: [GC (Allocation Failure) 4.458: [DefNew: 959K->63K(960K), 0.0022406 secs] 160946K->160568K(524224K), 0.0023855 secs] [Times: user=0.00 sys=0.00, real=0.00 secs] 
4.463: [GC (Allocation Failure) 4.463: [DefNew: 959K->63K(960K), 0.0018242 secs] 161464K->161085K(524224K), 0.0019327 secs] [Times: user=0.00 sys=0.00, real=0.00 secs] 
4.466: [GC (Allocation Failure) 4.466: [DefNew: 959K->64K(960K), 0.0017610 secs] 161981K->161604K(524224K), 0.0018439 secs] [Times: user=0.01 sys=0.00, real=0.00 secs] 
4.470: [GC (Allocation Failure) 4.470: [DefNew: 960K->63K(960K), 0.0018084 secs] 162500K->162122K(524224K), 0.0019201 secs] [Times: user=0.00 sys=0.00, real=0.00 secs] 
4.474: [GC (Allocation Failure) 4.474: [DefNew: 959K->63K(960K), 0.0019339 secs] 163018K->162640K(524224K), 0.0020314 secs] [Times: user=0.00 sys=0.00, real=0.00 secs] 
4.477: [GC (Allocation Failure) 4.477: [DefNew: 959K->64K(960K), 0.0019244 secs] 163536K->163158K(524224K), 0.0020097 secs] [Times: user=0.00 sys=0.00, real=0.00 secs] 
4.480: [GC (Allocation Failure) 4.480: [DefNew: 960K->63K(960K), 0.0017298 secs] 164054K->163676K(524224K), 0.0018261 secs] [Times: user=0.00 sys=0.00, real=0.00 secs] 
4.484: [GC (Allocation Failure) 4.484: [DefNew: 959K->63K(960K), 0.0017286 secs] 164572K->164194K(524224K), 0.0018234 secs] [Times: user=0.00 sys=0.00, real=0.00 secs] 
4.487: [GC (Allocation Failure) 4.487: [DefNew: 959K->64K(960K), 0.0025624 secs] 165090K->164711K(524224K), 0.0026816 secs] [Times: user=0.00 sys=0.00, real=0.00 secs] 
4.491: [GC (Allocation Failure) 4.491: [DefNew: 960K->64K(960K), 0.0018431 secs] 165607K->165229K(524224K), 0.0019363 secs] [Times: user=0.00 sys=0.00, real=0.00 secs] 
4.494: [GC (Allocation Failure) 4.494: [DefNew: 960K->64K(960K), 0.0018001 secs] 166125K->165747K(524224K), 0.0019359 secs] [Times: user=0.00 sys=0.00, real=0.00 secs] 
4.498: [GC (Allocation Failure) 4.498: [DefNew: 960K->64K(960K), 0.0017128 secs] 166643K->166265K(524224K), 0.0017950 secs] [Times: user=0.02 sys=0.00, real=0.00 secs] 
4.501: [GC (Allocation Failure) 4.501: [DefNew: 960K->63K(960K), 0.0018317 secs] 167161K->166783K(524224K), 0.0019221 secs] [Times: user=0.00 sys=0.00, real=0.00 secs] 
4.505: [GC (Allocation Failure) 4.505: [DefNew: 959K->64K(960K), 0.0017176 secs] 167679K->167301K(524224K), 0.0018167 secs] [Times: user=0.00 sys=0.00, real=0.00 secs] 
4.508: [GC (Allocation Failure) 4.508: [DefNew: 960K->64K(960K), 0.0017203 secs] 168197K->167819K(524224K), 0.0017981 secs] [Times: user=0.00 sys=0.00, real=0.00 secs] 
4.511: [GC (Allocation Failure) 4.511: [DefNew: 960K->64K(960K), 0.0017140 secs] 168715K->168337K(524224K), 0.0018100 secs] [Times: user=0.00 sys=0.00, real=0.00 secs] 
4.514: [GC (Allocation Failure) 4.514: [DefNew: 960K->64K(960K), 0.0023306 secs] 169233K->168855K(524224K), 0.0024514 secs] [Times: user=0.02 sys=0.00, real=0.00 secs] 
4.518: [GC (Allocation Failure) 4.518: [DefNew: 960K->64K(960K), 0.0018096 secs] 169751K->169372K(524224K), 0.0019102 secs] [Times: user=0.00 sys=0.00, real=0.00 secs] 
4.521: [GC (Allocation Failure) 4.521: [DefNew: 960K->64K(960K), 0.0016840 secs] 170268K->169890K(524224K), 0.0017582 secs] [Times: user=0.00 sys=0.00, real=0.00 secs] 
4.524: [GC (Allocation Failure) 4.524: [DefNew: 960K->64K(960K), 0.0016935 secs] 170786K->170408K(524224K), 0.0017669 secs] [Times: user=0.00 sys=0.00, real=0.00 secs] 
4.527: [GC (Allocation Failure) 4.527: [DefNew: 960K->63K(960K), 0.0017117 secs] 171304K->170926K(524224K), 0.0018076 secs] [Times: user=0.00 sys=0.00, real=0.00 secs] 
4.531: [GC (Allocation Failure) 4.531: [DefNew: 959K->63K(960K), 0.0018277 secs] 171822K->171444K(524224K), 0.0019347 secs] [Times: user=0.00 sys=0.00, real=0.00 secs] 
4.534: [GC (Allocation Failure) 4.534: [DefNew: 959K->64K(960K), 0.0017930 secs] 172340K->171962K(524224K), 0.0018858 secs] [Times: user=0.00 sys=0.00, real=0.00 secs] 
4.537: [GC (Allocation Failure) 4.537: [DefNew: 960K->64K(960K), 0.0017207 secs] 172858K->172480K(524224K), 0.0017965 secs] [Times: user=0.00 sys=0.00, real=0.00 secs] 
4.540: [GC (Allocation Failure) 4.540: [DefNew: 960K->64K(960K), 0.0017504 secs] 173376K->172998K(524224K), 0.0018376 secs] [Times: user=0.00 sys=0.00, real=0.00 secs] 
4.544: [GC (Allocation Failure) 4.544: [DefNew: 960K->64K(960K), 0.0018179 secs] 173894K->173516K(524224K), 0.0019193 secs] [Times: user=0.02 sys=0.00, real=0.00 secs] 
4.547: [GC (Allocation Failure) 4.547: [DefNew: 960K->64K(960K), 0.0023449 secs] 174412K->174034K(524224K), 0.0025339 secs] [Times: user=0.00 sys=0.00, real=0.00 secs] 
4.552: [GC (Allocation Failure) 4.552: [DefNew: 960K->63K(960K), 0.0025695 secs] 174930K->174552K(524224K), 0.0027001 secs] [Times: user=0.00 sys=0.00, real=0.00 secs] 
4.556: [GC (Allocation Failure) 4.556: [DefNew: 959K->64K(960K), 0.0018281 secs] 175448K->175069K(524224K), 0.0019450 secs] [Times: user=0.00 sys=0.00, real=0.00 secs] 
4.559: [GC (Allocation Failure) 4.559: [DefNew: 960K->64K(960K), 0.0018897 secs] 175965K->175587K(524224K), 0.0019864 secs] [Times: user=0.01 sys=0.00, real=0.00 secs] 
4.562: [GC (Allocation Failure) 4.563: [DefNew: 960K->63K(960K), 0.0021652 secs] 176483K->176105K(524224K), 0.0022825 secs] [Times: user=0.00 sys=0.00, real=0.00 secs] 
4.568: [GC (Allocation Failure) 4.568: [DefNew: 959K->63K(960K), 0.0025695 secs] 177001K->176623K(524224K), 0.0027179 secs] [Times: user=0.00 sys=0.00, real=0.00 secs] 
4.573: [GC (Allocation Failure) 4.573: [DefNew: 959K->63K(960K), 0.0023220 secs] 177519K->177141K(524224K), 0.0024416 secs] [Times: user=0.00 sys=0.00, real=0.00 secs] 
4.577: [GC (Allocation Failure) 4.577: [DefNew: 959K->63K(960K), 0.0018723 secs] 178037K->177659K(524224K), 0.0019923 secs] [Times: user=0.02 sys=0.00, real=0.00 secs] 
4.581: [GC (Allocation Failure) 4.581: [DefNew: 959K->64K(960K), 0.0022624 secs] 178555K->178177K(524224K), 0.0023985 secs] [Times: user=0.00 sys=0.00, real=0.00 secs] 
4.586: [GC (Allocation Failure) 4.586: [DefNew: 960K->64K(960K), 0.0027641 secs] 179073K->178695K(524224K), 0.0029184 secs] [Times: user=0.00 sys=0.00, real=0.00 secs] 
4.591: [GC (Allocation Failure) 4.592: [DefNew: 960K->63K(960K), 0.0032907 secs] 179591K->179213K(524224K), 0.0034214 secs] [Times: user=0.01 sys=0.00, real=0.00 secs] 
4.597: [GC (Allocation Failure) 4.598: [DefNew: 959K->63K(960K), 0.0026524 secs] 180109K->179731K(524224K), 0.0027897 secs] [Times: user=0.00 sys=0.00, real=0.00 secs] 
4.602: [GC (Allocation Failure) 4.603: [DefNew: 959K->63K(960K), 0.0024467 secs] 180627K->180249K(524224K), 0.0025750 secs] [Times: user=0.00 sys=0.00, real=0.00 secs] 
4.607: [GC (Allocation Failure) 4.607: [DefNew: 959K->64K(960K), 0.0025260 secs] 181145K->180766K(524224K), 0.0026603 secs] [Times: user=0.02 sys=0.00, real=0.00 secs] 
4.612: [GC (Allocation Failure) 4.612: [DefNew: 960K->64K(960K), 0.0024380 secs] 181662K->181284K(524224K), 0.0025643 secs] [Times: user=0.00 sys=0.00, real=0.00 secs] 
4.617: [GC (Allocation Failure) 4.617: [DefNew: 960K->64K(960K), 0.0023527 secs] 182180K->181802K(524224K), 0.0024660 secs] [Times: user=0.00 sys=0.00, real=0.00 secs] 
4.621: [GC (Allocation Failure) 4.621: [DefNew: 960K->64K(960K), 0.0026611 secs] 182698K->182320K(524224K), 0.0027976 secs] [Times: user=0.00 sys=0.01, real=0.00 secs] 
4.627: [GC (Allocation Failure) 4.627: [DefNew: 960K->64K(960K), 0.0029484 secs] 183216K->182838K(524224K), 0.0031087 secs] [Times: user=0.00 sys=0.00, real=0.00 secs] 
4.632: [GC (Allocation Failure) 4.632: [DefNew: 960K->64K(960K), 0.0027171 secs] 183734K->183356K(524224K), 0.0028912 secs] [Times: user=0.00 sys=0.00, real=0.00 secs] 
4.637: [GC (Allocation Failure) 4.637: [DefNew: 960K->64K(960K), 0.0025399 secs] 184252K->183874K(524224K), 0.0026689 secs] [Times: user=0.02 sys=0.00, real=0.00 secs] 
4.642: [GC (Allocation Failure) 4.642: [DefNew: 960K->64K(960K), 0.0026362 secs] 184770K->184392K(524224K), 0.0027471 secs] [Times: user=0.00 sys=0.00, real=0.00 secs] 
4.648: [GC (Allocation Failure) 4.648: [DefNew: 960K->63K(960K), 0.0026907 secs] 185288K->184910K(524224K), 0.0028253 secs] [Times: user=0.00 sys=0.00, real=0.00 secs] 
4.652: [GC (Allocation Failure) 4.652: [DefNew: 959K->63K(960K), 0.0026291 secs] 185806K->185428K(524224K), 0.0027593 secs] [Times: user=0.02 sys=0.00, real=0.00 secs] 
4.657: [GC (Allocation Failure) 4.657: [DefNew: 959K->63K(960K), 0.0024684 secs] 186324K->185946K(524224K), 0.0025928 secs] [Times: user=0.00 sys=0.00, real=0.00 secs] 
4.662: [GC (Allocation Failure) 4.662: [DefNew: 959K->63K(960K), 0.0023954 secs] 186842K->186463K(524224K), 0.0025422 secs] [Times: user=0.00 sys=0.00, real=0.00 secs] 
4.666: [GC (Allocation Failure) 4.666: [DefNew: 959K->63K(960K), 0.0022177 secs] 187359K->186981K(524224K), 0.0023721 secs] [Times: user=0.00 sys=0.00, real=0.00 secs] 
4.670: [GC (Allocation Failure) 4.670: [DefNew: 959K->63K(960K), 0.0023452 secs] 187877K->187499K(524224K), 0.0025035 secs] [Times: user=0.00 sys=0.00, real=0.00 secs] 
4.675: [GC (Allocation Failure) 4.675: [DefNew: 959K->63K(960K), 0.0026520 secs] 188395K->188017K(524224K), 0.0028079 secs] [Times: user=0.00 sys=0.00, real=0.00 secs] 
4.680: [GC (Allocation Failure) 4.680: [DefNew: 959K->64K(960K), 0.0028730 secs] 188913K->188535K(524224K), 0.0030179 secs] [Times: user=0.00 sys=0.00, real=0.00 secs] 
4.685: [GC (Allocation Failure) 4.685: [DefNew: 960K->64K(960K), 0.0022683 secs] 189431K->189053K(524224K), 0.0024159 secs] [Times: user=0.02 sys=0.00, real=0.00 secs] 
4.691: [GC (Allocation Failure) 4.691: [DefNew: 960K->64K(960K), 0.0022627 secs] 189949K->189571K(524224K), 0.0024053 secs] [Times: user=0.00 sys=0.00, real=0.00 secs] 
4.695: [GC (Allocation Failure) 4.696: [DefNew: 960K->63K(960K), 0.0022395 secs] 190467K->190089K(524224K), 0.0023808 secs] [Times: user=0.00 sys=0.00, real=0.00 secs] 
4.699: [GC (Allocation Failure) 4.699: [DefNew: 959K->64K(960K), 0.0029291 secs] 190985K->190607K(524224K), 0.0030673 secs] [Times: user=0.01 sys=0.00, real=0.00 secs] 
4.705: [GC (Allocation Failure) 4.705: [DefNew: 960K->63K(960K), 0.0017997 secs] 191503K->191125K(524224K), 0.0018960 secs] [Times: user=0.00 sys=0.00, real=0.00 secs] 
4.709: [GC (Allocation Failure) 4.709: [DefNew: 959K->63K(960K), 0.0021787 secs] 192021K->191643K(524224K), 0.0023062 secs] [Times: user=0.00 sys=0.00, real=0.00 secs] 
4.713: [GC (Allocation Failure) 4.713: [DefNew: 959K->63K(960K), 0.0021427 secs] 192539K->192161K(524224K), 0.0022774 secs] [Times: user=0.00 sys=0.00, real=0.00 secs] 
4.718: [GC (Allocation Failure) 4.718: [DefNew: 959K->63K(960K), 0.0026468 secs] 193057K->192678K(524224K), 0.0027969 secs] [Times: user=0.00 sys=0.00, real=0.00 secs] 
4.723: [GC (Allocation Failure) 4.723: [DefNew: 959K->64K(960K), 0.0029196 secs] 193574K->193196K(524224K), 0.0030357 secs] [Times: user=0.00 sys=0.00, real=0.00 secs] 
4.729: [GC (Allocation Failure) 4.729: [DefNew: 960K->64K(960K), 0.0024882 secs] 194092K->193714K(524224K), 0.0026303 secs] [Times: user=0.00 sys=0.00, real=0.00 secs] 
4.733: [GC (Allocation Failure) 4.733: [DefNew: 960K->63K(960K), 0.0026607 secs] 194610K->194232K(524224K), 0.0028245 secs] [Times: user=0.00 sys=0.00, real=0.00 secs] 
4.739: [GC (Allocation Failure) 4.739: [DefNew: 959K->64K(960K), 0.0029611 secs] 195128K->194750K(524224K), 0.0031052 secs] [Times: user=0.00 sys=0.00, real=0.00 secs] 
4.744: [GC (Allocation Failure) 4.744: [DefNew: 960K->64K(960K), 0.0030815 secs] 195646K->195268K(524224K), 0.0032177 secs] [Times: user=0.00 sys=0.00, real=0.00 secs] 
4.751: [GC (Allocation Failure) 4.751: [DefNew: 960K->64K(960K), 0.0026851 secs] 196164K->195786K(524224K), 0.0028561 secs] [Times: user=0.00 sys=0.00, real=0.00 secs] 
4.755: [GC (Allocation Failure) 4.755: [DefNew: 960K->63K(960K), 0.0028774 secs] 196682K->196304K(524224K), 0.0030155 secs] [Times: user=0.00 sys=0.00, real=0.00 secs] 
4.760: [GC (Allocation Failure) 4.760: [DefNew: 959K->64K(960K), 0.0021352 secs] 197200K->196822K(524224K), 0.0022363 secs] [Times: user=0.00 sys=0.00, real=0.00 secs] 
4.764: [GC (Allocation Failure) 4.764: [DefNew: 960K->64K(960K), 0.0027732 secs] 197718K->197340K(524224K), 0.0029050 secs] [Times: user=0.02 sys=0.00, real=0.00 secs] 
4.769: [GC (Allocation Failure) 4.769: [DefNew: 960K->63K(960K), 0.0024250 secs] 198236K->197858K(524224K), 0.0025643 secs] [Times: user=0.00 sys=0.00, real=0.00 secs] 
4.774: [GC (Allocation Failure) 4.774: [DefNew: 959K->63K(960K), 0.0020630 secs] 198754K->198375K(524224K), 0.0021901 secs] [Times: user=0.00 sys=0.00, real=0.00 secs] 
4.778: [GC (Allocation Failure) 4.778: [DefNew: 959K->64K(960K), 0.0017934 secs] 199271K->198893K(524224K), 0.0018861 secs] [Times: user=0.00 sys=0.00, real=0.00 secs] 
4.781: [GC (Allocation Failure) 4.781: [DefNew: 960K->63K(960K), 0.0020618 secs] 199789K->199411K(524224K), 0.0021688 secs] [Times: user=0.00 sys=0.00, real=0.00 secs] 
4.785: [GC (Allocation Failure) 4.785: [DefNew: 959K->63K(960K), 0.0018329 secs] 200307K->199929K(524224K), 0.0019209 secs] [Times: user=0.00 sys=0.00, real=0.00 secs] 
4.788: [GC (Allocation Failure) 4.788: [DefNew: 959K->63K(960K), 0.0017634 secs] 200825K->200447K(524224K), 0.0018277 secs] [Times: user=0.00 sys=0.00, real=0.00 secs] 
4.791: [GC (Allocation Failure) 4.791: [DefNew: 959K->63K(960K), 0.0018151 secs] 201343K->200965K(524224K), 0.0019008 secs] [Times: user=0.00 sys=0.00, real=0.00 secs] 
4.794: [GC (Allocation Failure) 4.794: [DefNew: 959K->64K(960K), 0.0018297 secs] 201861K->201483K(524224K), 0.0018940 secs] [Times: user=0.02 sys=0.00, real=0.00 secs] 
4.798: [GC (Allocation Failure) 4.798: [DefNew: 960K->64K(960K), 0.0030519 secs] 202379K->202001K(524224K), 0.0031588 secs] [Times: user=0.00 sys=0.00, real=0.00 secs] 
4.802: [GC (Allocation Failure) 4.802: [DefNew: 960K->64K(960K), 0.0019154 secs] 202897K->202519K(524224K), 0.0020014 secs] [Times: user=0.00 sys=0.00, real=0.00 secs] 
4.806: [GC (Allocation Failure) 4.806: [DefNew: 960K->64K(960K), 0.0019935 secs] 203415K->203037K(524224K), 0.0020741 secs] [Times: user=0.00 sys=0.00, real=0.00 secs] 
4.809: [GC (Allocation Failure) 4.809: [DefNew: 960K->63K(960K), 0.0021289 secs] 203933K->203555K(524224K), 0.0022296 secs] [Times: user=0.02 sys=0.00, real=0.00 secs] 
4.813: [GC (Allocation Failure) 4.813: [DefNew: 959K->63K(960K), 0.0021648 secs] 204451K->204072K(524224K), 0.0022631 secs] [Times: user=0.00 sys=0.00, real=0.00 secs] 
4.817: [GC (Allocation Failure) 4.817: [DefNew: 959K->63K(960K), 0.0019233 secs] 204968K->204590K(524224K), 0.0020038 secs] [Times: user=0.00 sys=0.00, real=0.00 secs] 
4.820: [GC (Allocation Failure) 4.820: [DefNew: 959K->63K(960K), 0.0021151 secs] 205486K->205108K(524224K), 0.0021964 secs] [Times: user=0.00 sys=0.00, real=0.00 secs] 
4.824: [GC (Allocation Failure) 4.824: [DefNew: 959K->64K(960K), 0.0017942 secs] 206004K->205626K(524224K), 0.0018802 secs] [Times: user=0.00 sys=0.00, real=0.00 secs] 
4.827: [GC (Allocation Failure) 4.827: [DefNew: 960K->64K(960K), 0.0022635 secs] 206522K->206144K(524224K), 0.0023678 secs] [Times: user=0.00 sys=0.00, real=0.00 secs] 
4.831: [GC (Allocation Failure) 4.831: [DefNew: 960K->63K(960K), 0.0019556 secs] 207040K->206662K(524224K), 0.0020488 secs] [Times: user=0.00 sys=0.00, real=0.00 secs] 
4.835: [GC (Allocation Failure) 4.835: [DefNew: 959K->63K(960K), 0.0018909 secs] 207558K->207180K(524224K), 0.0019758 secs] [Times: user=0.00 sys=0.00, real=0.00 secs] 
4.838: [GC (Allocation Failure) 4.838: [DefNew: 959K->64K(960K), 0.0020243 secs] 208076K->207698K(524224K), 0.0021376 secs] [Times: user=0.00 sys=0.00, real=0.00 secs] 
4.842: [GC (Allocation Failure) 4.843: [DefNew: 960K->63K(960K), 0.0019864 secs] 208594K->208216K(524224K), 0.0020847 secs] [Times: user=0.02 sys=0.00, real=0.00 secs] 
4.848: [GC (Allocation Failure) 4.848: [DefNew: 959K->63K(960K), 0.0025707 secs] 209112K->208734K(524224K), 0.0027029 secs] [Times: user=0.00 sys=0.00, real=0.00 secs] 
4.852: [GC (Allocation Failure) 4.852: [DefNew: 959K->64K(960K), 0.0026137 secs] 209630K->209251K(524224K), 0.0027207 secs] [Times: user=0.00 sys=0.00, real=0.00 secs] 
4.856: [GC (Allocation Failure) 4.856: [DefNew: 960K->64K(960K), 0.0027242 secs] 210147K->209769K(524224K), 0.0028241 secs] [Times: user=0.01 sys=0.00, real=0.00 secs] 
4.861: [GC (Allocation Failure) 4.861: [DefNew: 960K->63K(960K), 0.0024720 secs] 210665K->210287K(524224K), 0.0026232 secs] [Times: user=0.00 sys=0.00, real=0.00 secs] 
4.868: [GC (Allocation Failure) 4.868: [DefNew: 959K->63K(960K), 0.0027945 secs] 211183K->210805K(524224K), 0.0029488 secs] [Times: user=0.00 sys=0.00, real=0.00 secs] 
4.872: [GC (Allocation Failure) 4.872: [DefNew: 959K->64K(960K), 0.0024542 secs] 211701K->211323K(524224K), 0.0026168 secs] [Times: user=0.00 sys=0.02, real=0.00 secs] 
4.877: [GC (Allocation Failure) 4.877: [DefNew: 960K->64K(960K), 0.0024957 secs] 212219K->211841K(524224K), 0.0026204 secs] [Times: user=0.00 sys=0.00, real=0.00 secs] 
4.881: [GC (Allocation Failure) 4.881: [DefNew: 960K->63K(960K), 0.0025521 secs] 212737K->212359K(524224K), 0.0026563 secs] [Times: user=0.00 sys=0.00, real=0.00 secs] 
4.885: [GC (Allocation Failure) 4.885: [DefNew: 959K->63K(960K), 0.0023681 secs] 213255K->212877K(524224K), 0.0024732 secs] [Times: user=0.00 sys=0.00, real=0.00 secs] 
4.889: [GC (Allocation Failure) 4.889: [DefNew: 959K->63K(960K), 0.0023156 secs] 213773K->213395K(524224K), 0.0024364 secs] [Times: user=0.00 sys=0.00, real=0.00 secs] 
4.894: [GC (Allocation Failure) 4.894: [DefNew: 959K->63K(960K), 0.0018522 secs] 214291K->213913K(524224K), 0.0019679 secs] [Times: user=0.00 sys=0.00, real=0.00 secs] 
4.897: [GC (Allocation Failure) 4.898: [DefNew: 959K->63K(960K), 0.0018522 secs] 214809K->214431K(524224K), 0.0019548 secs] [Times: user=0.00 sys=0.00, real=0.00 secs] 
4.901: [GC (Allocation Failure) 4.901: [DefNew: 959K->63K(960K), 0.0022549 secs] 215327K->214949K(524224K), 0.0023772 secs] [Times: user=0.00 sys=0.00, real=0.00 secs] 
4.905: [GC (Allocation Failure) 4.905: [DefNew: 959K->63K(960K), 0.0017582 secs] 215845K->215466K(524224K), 0.0018601 secs] [Times: user=0.02 sys=0.00, real=0.00 secs] 
4.908: [GC (Allocation Failure) 4.908: [DefNew: 959K->64K(960K), 0.0017693 secs] 216362K->215984K(524224K), 0.0018640 secs] [Times: user=0.00 sys=0.00, real=0.00 secs] 
4.912: [GC (Allocation Failure) 4.912: [DefNew: 960K->64K(960K), 0.0018980 secs] 216880K->216502K(524224K), 0.0019967 secs] [Times: user=0.00 sys=0.00, real=0.00 secs] 
4.915: [GC (Allocation Failure) 4.915: [DefNew: 960K->64K(960K), 0.0017318 secs] 217398K->217020K(524224K), 0.0018325 secs] [Times: user=0.00 sys=0.00, real=0.00 secs] 
4.919: [GC (Allocation Failure) 4.919: [DefNew: 960K->63K(960K), 0.0017251 secs] 217916K->217538K(524224K), 0.0018179 secs] [Times: user=0.02 sys=0.00, real=0.00 secs] 
4.922: [GC (Allocation Failure) 4.922: [DefNew: 959K->64K(960K), 0.0023942 secs] 218434K->218056K(524224K), 0.0025079 secs] [Times: user=0.00 sys=0.00, real=0.00 secs] 
4.926: [GC (Allocation Failure) 4.926: [DefNew: 960K->64K(960K), 0.0023227 secs] 218952K->218574K(524224K), 0.0024424 secs] [Times: user=0.00 sys=0.00, real=0.00 secs] 
4.930: [GC (Allocation Failure) 4.930: [DefNew: 960K->64K(960K), 0.0017807 secs] 219470K->219092K(524224K), 0.0018936 secs] [Times: user=0.00 sys=0.00, real=0.00 secs] 
4.933: [GC (Allocation Failure) 4.933: [DefNew: 960K->63K(960K), 0.0022462 secs] 219988K->219610K(524224K), 0.0023768 secs] [Times: user=0.00 sys=0.00, real=0.00 secs] 
4.937: [GC (Allocation Failure) 4.937: [DefNew: 959K->64K(960K), 0.0030665 secs] 220506K->220128K(524224K), 0.0031892 secs] [Times: user=0.00 sys=0.00, real=0.00 secs] 
4.942: [GC (Allocation Failure) 4.942: [DefNew: 960K->64K(960K), 0.0017997 secs] 221024K->220646K(524224K), 0.0019086 secs] [Times: user=0.00 sys=0.00, real=0.00 secs] 
4.945: [GC (Allocation Failure) 4.945: [DefNew: 960K->64K(960K), 0.0018396 secs] 221542K->221163K(524224K), 0.0019213 secs] [Times: user=0.00 sys=0.00, real=0.00 secs] 
4.949: [GC (Allocation Failure) 4.949: [DefNew: 960K->63K(960K), 0.0017085 secs] 222059K->221681K(524224K), 0.0017831 secs] [Times: user=0.00 sys=0.00, real=0.00 secs] 
4.952: [GC (Allocation Failure) 4.952: [DefNew: 959K->64K(960K), 0.0025130 secs] 222577K->222199K(524224K), 0.0026326 secs] [Times: user=0.00 sys=0.00, real=0.00 secs] 
4.958: [GC (Allocation Failure) 4.958: [DefNew: 960K->64K(960K), 0.0029650 secs] 223095K->222717K(524224K), 0.0031470 secs] [Times: user=0.00 sys=0.00, real=0.00 secs] 
4.963: [GC (Allocation Failure) 4.963: [DefNew: 960K->64K(960K), 0.0029109 secs] 223613K->223235K(524224K), 0.0030246 secs] [Times: user=0.00 sys=0.00, real=0.00 secs] 
4.968: [GC (Allocation Failure) 4.968: [DefNew: 960K->64K(960K), 0.0023014 secs] 224131K->223753K(524224K), 0.0024506 secs] [Times: user=0.00 sys=0.00, real=0.00 secs] 
4.973: [GC (Allocation Failure) 4.973: [DefNew: 960K->64K(960K), 0.0027755 secs] 224649K->224271K(524224K), 0.0029279 secs] [Times: user=0.00 sys=0.00, real=0.00 secs] 
4.979: [GC (Allocation Failure) 4.979: [DefNew: 960K->63K(960K), 0.0029267 secs] 225167K->224789K(524224K), 0.0030906 secs] [Times: user=0.00 sys=0.00, real=0.00 secs] 
4.985: [GC (Allocation Failure) 4.985: [DefNew: 959K->63K(960K), 0.0026500 secs] 225685K->225307K(524224K), 0.0027747 secs] [Times: user=0.00 sys=0.00, real=0.00 secs] 
4.989: [GC (Allocation Failure) 4.989: [DefNew: 959K->63K(960K), 0.0018818 secs] 226203K->225825K(524224K), 0.0019884 secs] [Times: user=0.00 sys=0.00, real=0.00 secs] 
4.993: [GC (Allocation Failure) 4.993: [DefNew: 959K->64K(960K), 0.0019122 secs] 226721K->226343K(524224K), 0.0020437 secs] [Times: user=0.00 sys=0.00, real=0.00 secs] 
4.997: [GC (Allocation Failure) 4.997: [DefNew: 960K->64K(960K), 0.0017448 secs] 227239K->226861K(524224K), 0.0018475 secs] [Times: user=0.01 sys=0.00, real=0.00 secs] 
5.000: [GC (Allocation Failure) 5.000: [DefNew: 960K->64K(960K), 0.0020748 secs] 227757K->227379K(524224K), 0.0021806 secs] [Times: user=0.00 sys=0.00, real=0.00 secs] 
5.004: [GC (Allocation Failure) 5.004: [DefNew: 960K->63K(960K), 0.0017346 secs] 228275K->227896K(524224K), 0.0018155 secs] [Times: user=0.00 sys=0.00, real=0.00 secs] 
5.007: [GC (Allocation Failure) 5.007: [DefNew: 959K->64K(960K), 0.0017444 secs] 228792K->228414K(524224K), 0.0018198 secs] [Times: user=0.00 sys=0.00, real=0.00 secs] 
5.010: [GC (Allocation Failure) 5.010: [DefNew: 960K->63K(960K), 0.0017239 secs] 229310K->228932K(524224K), 0.0017965 secs] [Times: user=0.00 sys=0.00, real=0.00 secs] 
5.013: [GC (Allocation Failure) 5.013: [DefNew: 959K->64K(960K), 0.0021222 secs] 229828K->229450K(524224K), 0.0022335 secs] [Times: user=0.02 sys=0.00, real=0.00 secs] 
5.018: [GC (Allocation Failure) 5.018: [DefNew: 960K->64K(960K), 0.0021676 secs] 230346K->229968K(524224K), 0.0022896 secs] [Times: user=0.00 sys=0.00, real=0.00 secs] 
5.021: [GC (Allocation Failure) 5.021: [DefNew: 960K->63K(960K), 0.0018506 secs] 230864K->230486K(524224K), 0.0019434 secs] [Times: user=0.00 sys=0.00, real=0.00 secs] 
5.025: [GC (Allocation Failure) 5.025: [DefNew: 959K->63K(960K), 0.0018810 secs] 231382K->231004K(524224K), 0.0019592 secs] [Times: user=0.00 sys=0.00, real=0.00 secs] 
5.028: [GC (Allocation Failure) 5.028: [DefNew: 959K->63K(960K), 0.0017200 secs] 231900K->231522K(524224K), 0.0017942 secs] [Times: user=0.02 sys=0.00, real=0.00 secs] 
5.031: [GC (Allocation Failure) 5.031: [DefNew: 959K->63K(960K), 0.0022205 secs] 232418K->232040K(524224K), 0.0023354 secs] [Times: user=0.00 sys=0.00, real=0.00 secs] 
5.035: [GC (Allocation Failure) 5.035: [DefNew: 959K->64K(960K), 0.0018565 secs] 232936K->232558K(524224K), 0.0019473 secs] [Times: user=0.00 sys=0.00, real=0.00 secs] 
5.038: [GC (Allocation Failure) 5.038: [DefNew: 960K->63K(960K), 0.0017310 secs] 233454K->233076K(524224K), 0.0018036 secs] [Times: user=0.00 sys=0.00, real=0.00 secs] 
5.041: [GC (Allocation Failure) 5.041: [DefNew: 959K->64K(960K), 0.0017235 secs] 233972K->233593K(524224K), 0.0018044 secs] [Times: user=0.00 sys=0.00, real=0.00 secs] 
5.044: [GC (Allocation Failure) 5.044: [DefNew: 960K->64K(960K), 0.0016955 secs] 234489K->234111K(524224K), 0.0017788 secs] [Times: user=0.02 sys=0.00, real=0.00 secs] 
5.048: [GC (Allocation Failure) 5.048: [DefNew: 960K->64K(960K), 0.0017215 secs] 235007K->234629K(524224K), 0.0017977 secs] [Times: user=0.00 sys=0.00, real=0.00 secs] 
5.051: [GC (Allocation Failure) 5.051: [DefNew: 960K->63K(960K), 0.0017132 secs] 235525K->235147K(524224K), 0.0017997 secs] [Times: user=0.00 sys=0.00, real=0.00 secs] 
5.054: [GC (Allocation Failure) 5.054: [DefNew: 959K->63K(960K), 0.0022947 secs] 236043K->235665K(524224K), 0.0024360 secs] [Times: user=0.00 sys=0.00, real=0.00 secs] 
5.074: [GC (Allocation Failure) 5.075: [DefNew: 959K->64K(960K), 0.0016935 secs] 236760K->236155K(524224K), 0.0017934 secs] [Times: user=0.00 sys=0.00, real=0.00 secs] 
5.094: [GC (Allocation Failure) 5.094: [DefNew: 960K->0K(960K), 0.0012151 secs] 237051K->236155K(524224K), 0.0013481 secs] [Times: user=0.00 sys=0.00, real=0.00 secs] 
5.104: [GC (Allocation Failure) 5.104: [DefNew: 896K->1K(960K), 0.0009368 secs] 237051K->236157K(524224K), 0.0010461 secs] [Times: user=0.00 sys=0.00, real=0.00 secs] 
5.109: [GC (Allocation Failure) 5.109: [DefNew: 897K->0K(960K), 0.0009249 secs] 237053K->236157K(524224K), 0.0010576 secs] [Times: user=0.00 sys=0.00, real=0.00 secs] 
5.117: [GC (Allocation Failure) 5.117: [DefNew: 896K->0K(960K), 0.0010962 secs] 237053K->236158K(524224K), 0.0012415 secs] [Times: user=0.00 sys=0.00, real=0.00 secs] 
5.120: [GC (Allocation Failure) 5.120: [DefNew: 896K->0K(960K), 0.0010820 secs] 237054K->236157K(524224K), 0.0012103 secs] [Times: user=0.00 sys=0.00, real=0.00 secs] 
5.122: [GC (Allocation Failure) 5.123: [DefNew: 896K->1K(960K), 0.0009379 secs] 237054K->236159K(524224K), 0.0010607 secs] [Times: user=0.02 sys=0.00, real=0.00 secs] 
5.125: [GC (Allocation Failure) 5.125: [DefNew: 897K->0K(960K), 0.0011937 secs] 237055K->236159K(524224K), 0.0013406 secs] [Times: user=0.00 sys=0.00, real=0.00 secs] 
5.129: [GC (Allocation Failure) 5.129: [DefNew: 896K->0K(960K), 0.0010899 secs] 237055K->236159K(524224K), 0.0012060 secs] [Times: user=0.00 sys=0.00, real=0.00 secs] 
5.131: [GC (Allocation Failure) 5.131: [DefNew: 896K->0K(960K), 0.0011401 secs] 237055K->236159K(524224K), 0.0012660 secs] [Times: user=0.00 sys=0.00, real=0.00 secs] 
5.134: [GC (Allocation Failure) 5.134: [DefNew: 896K->0K(960K), 0.0011701 secs] 237055K->236159K(524224K), 0.0012873 secs] [Times: user=0.00 sys=0.00, real=0.00 secs] 
5.137: [GC (Allocation Failure) 5.137: [DefNew: 896K->0K(960K), 0.0008416 secs] 237056K->236159K(524224K), 0.0009328 secs] [Times: user=0.00 sys=0.00, real=0.00 secs] 
5.139: [GC (Allocation Failure) 5.139: [DefNew: 896K->0K(960K), 0.0008870 secs] 237055K->236160K(524224K), 0.0009865 secs] [Times: user=0.00 sys=0.02, real=0.00 secs] 
5.142: [GC (Allocation Failure) 5.142: [DefNew: 896K->0K(960K), 0.0009431 secs] 237056K->236160K(524224K), 0.0010627 secs] [Times: user=0.00 sys=0.00, real=0.00 secs] 
5.146: [GC (Allocation Failure) 5.147: [DefNew: 896K->0K(960K), 0.0011472 secs] 237056K->236159K(524224K), 0.0012853 secs] [Times: user=0.00 sys=0.00, real=0.00 secs] 
5.149: [GC (Allocation Failure) 5.149: [DefNew: 896K->0K(960K), 0.0011626 secs] 237056K->236160K(524224K), 0.0012727 secs] [Times: user=0.00 sys=0.00, real=0.00 secs] 
5.151: [GC (Allocation Failure) 5.151: [DefNew: 896K->0K(960K), 0.0012036 secs] 237056K->236161K(524224K), 0.0013252 secs] [Times: user=0.00 sys=0.00, real=0.00 secs] 
5.154: [GC (Allocation Failure) 5.154: [DefNew: 896K->0K(960K), 0.0008404 secs] 237057K->236162K(524224K), 0.0009364 secs] [Times: user=0.01 sys=0.00, real=0.00 secs] 
5.156: [GC (Allocation Failure) 5.156: [DefNew: 896K->0K(960K), 0.0010043 secs] 237058K->236162K(524224K), 0.0011124 secs] [Times: user=0.00 sys=0.00, real=0.00 secs] 
5.158: [GC (Allocation Failure) 5.158: [DefNew: 896K->0K(960K), 0.0009229 secs] 237059K->236162K(524224K), 0.0010201 secs] [Times: user=0.00 sys=0.00, real=0.00 secs] 
5.160: [GC (Allocation Failure) 5.160: [DefNew: 896K->0K(960K), 0.0013445 secs] 237059K->236163K(524224K), 0.0014819 secs] [Times: user=0.00 sys=0.00, real=0.00 secs] 
5.163: [GC (Allocation Failure) 5.163: [DefNew: 896K->0K(960K), 0.0011799 secs] 237059K->236163K(524224K), 0.0013145 secs] [Times: user=0.00 sys=0.00, real=0.00 secs] 
5.165: [GC (Allocation Failure) 5.165: [DefNew: 896K->0K(960K), 0.0010295 secs] 237059K->236163K(524224K), 0.0011543 secs] [Times: user=0.00 sys=0.00, real=0.00 secs] 
5.167: [GC (Allocation Failure) 5.167: [DefNew: 896K->0K(960K), 0.0011981 secs] 237059K->236163K(524224K), 0.0013477 secs] [Times: user=0.00 sys=0.00, real=0.00 secs] 
5.170: [GC (Allocation Failure) 5.170: [DefNew: 896K->0K(960K), 0.0011858 secs] 237060K->236164K(524224K), 0.0013189 secs] [Times: user=0.03 sys=0.00, real=0.00 secs] 
5.173: [GC (Allocation Failure) 5.173: [DefNew: 896K->0K(960K), 0.0012877 secs] 237060K->236164K(524224K), 0.0014389 secs] [Times: user=0.00 sys=0.00, real=0.00 secs] 
5.176: [GC (Allocation Failure) 5.176: [DefNew: 896K->0K(960K), 0.0012076 secs] 237060K->236164K(524224K), 0.0013631 secs] [Times: user=0.00 sys=0.00, real=0.00 secs] 
5.180: [GC (Allocation Failure) 5.180: [DefNew: 896K->0K(960K), 0.0012952 secs] 237060K->236164K(524224K), 0.0014515 secs] [Times: user=0.00 sys=0.00, real=0.00 secs] 
5.183: [GC (Allocation Failure) 5.183: [DefNew: 896K->0K(960K), 0.0012881 secs] 237061K->236165K(524224K), 0.0014543 secs] [Times: user=0.00 sys=0.00, real=0.00 secs] 
5.186: [GC (Allocation Failure) 5.186: [DefNew: 896K->0K(960K), 0.0013505 secs] 237061K->236165K(524224K), 0.0015261 secs] [Times: user=0.03 sys=0.00, real=0.00 secs] 
5.198: [GC (Allocation Failure) 5.198: [DefNew: 896K->0K(960K), 0.0013347 secs] 237061K->236165K(524224K), 0.0015778 secs] [Times: user=0.00 sys=0.00, real=0.00 secs] 
5.200: [GC (Allocation Failure) 5.200: [DefNew: 896K->0K(960K), 0.0012984 secs] 237061K->236165K(524224K), 0.0014326 secs] [Times: user=0.02 sys=0.00, real=0.00 secs] 
5.204: [GC (Allocation Failure) 5.204: [DefNew: 896K->0K(960K), 0.0011697 secs] 237062K->236166K(524224K), 0.0013390 secs] [Times: user=0.00 sys=0.00, real=0.00 secs] 
5.206: [GC (Allocation Failure) 5.207: [DefNew: 896K->0K(960K), 0.0012080 secs] 237062K->236166K(524224K), 0.0013445 secs] [Times: user=0.00 sys=0.00, real=0.00 secs] 
5.210: [GC (Allocation Failure) 5.210: [DefNew: 896K->0K(960K), 0.0011089 secs] 237062K->236166K(524224K), 0.0012202 secs] [Times: user=0.00 sys=0.00, real=0.00 secs] 
5.212: [GC (Allocation Failure) 5.212: [DefNew: 896K->0K(960K), 0.0011172 secs] 237063K->236167K(524224K), 0.0012391 secs] [Times: user=0.00 sys=0.00, real=0.00 secs] 
5.215: [GC (Allocation Failure) 5.215: [DefNew: 896K->0K(960K), 0.0014053 secs] 237063K->236167K(524224K), 0.0015534 secs] [Times: user=0.00 sys=0.00, real=0.00 secs] 
5.218: [GC (Allocation Failure) 5.218: [DefNew: 896K->0K(960K), 0.0010516 secs] 237063K->236167K(524224K), 0.0011460 secs] [Times: user=0.00 sys=0.00, real=0.00 secs] 
5.220: [GC (Allocation Failure) 5.220: [DefNew: 896K->0K(960K), 0.0011444 secs] 237063K->236167K(524224K), 0.0012952 secs] [Times: user=0.00 sys=0.00, real=0.00 secs] 
5.223: [GC (Allocation Failure) 5.223: [DefNew: 896K->0K(960K), 0.0010698 secs] 237064K->236168K(524224K), 0.0011957 secs] [Times: user=0.00 sys=0.00, real=0.00 secs] 
5.225: [GC (Allocation Failure) 5.225: [DefNew: 896K->0K(960K), 0.0010919 secs] 237064K->236168K(524224K), 0.0012060 secs] [Times: user=0.00 sys=0.00, real=0.00 secs] 
5.227: [GC (Allocation Failure) 5.227: [DefNew: 896K->0K(960K), 0.0008637 secs] 237064K->236168K(524224K), 0.0009447 secs] [Times: user=0.00 sys=0.00, real=0.00 secs] 
5.229: [GC (Allocation Failure) 5.229: [DefNew: 896K->0K(960K), 0.0007879 secs] 237064K->236168K(524224K), 0.0008839 secs] [Times: user=0.00 sys=0.00, real=0.00 secs] 
5.230: [GC (Allocation Failure) 5.230: [DefNew: 896K->0K(960K), 0.0008543 secs] 237065K->236169K(524224K), 0.0009336 secs] [Times: user=0.00 sys=0.00, real=0.00 secs] 
5.232: [GC (Allocation Failure) 5.232: [DefNew: 896K->0K(960K), 0.0009075 secs] 237065K->236169K(524224K), 0.0009928 secs] [Times: user=0.02 sys=0.00, real=0.00 secs] 
5.233: [GC (Allocation Failure) 5.233: [DefNew: 896K->0K(960K), 0.0012352 secs] 237065K->236169K(524224K), 0.0013323 secs] [Times: user=0.00 sys=0.00, real=0.00 secs] 
5.236: [GC (Allocation Failure) 5.236: [DefNew: 896K->0K(960K), 0.0008945 secs] 237065K->236169K(524224K), 0.0010090 secs] [Times: user=0.00 sys=0.00, real=0.00 secs] 
5.238: [GC (Allocation Failure) 5.238: [DefNew: 896K->0K(960K), 0.0011858 secs] 237066K->236170K(524224K), 0.0013043 secs] [Times: user=0.00 sys=0.00, real=0.00 secs] 
5.240: [GC (Allocation Failure) 5.240: [DefNew: 896K->0K(960K), 0.0009154 secs] 237066K->236170K(524224K), 0.0010058 secs] [Times: user=0.00 sys=0.00, real=0.00 secs] 
5.242: [GC (Allocation Failure) 5.242: [DefNew: 896K->0K(960K), 0.0008302 secs] 237066K->236170K(524224K), 0.0009233 secs] [Times: user=0.00 sys=0.00, real=0.00 secs] 
5.243: [GC (Allocation Failure) 5.243: [DefNew: 896K->0K(960K), 0.0009139 secs] 237067K->236171K(524224K), 0.0009976 secs] [Times: user=0.00 sys=0.00, real=0.00 secs] 
5.245: [GC (Allocation Failure) 5.245: [DefNew: 896K->0K(960K), 0.0009770 secs] 237067K->236171K(524224K), 0.0010820 secs] [Times: user=0.00 sys=0.00, real=0.00 secs] 
5.247: [GC (Allocation Failure) 5.247: [DefNew: 896K->0K(960K), 0.0008203 secs] 237067K->236171K(524224K), 0.0009072 secs] [Times: user=0.00 sys=0.00, real=0.00 secs] 
5.248: [GC (Allocation Failure) 5.248: [DefNew: 896K->0K(960K), 0.0012226 secs] 237067K->236171K(524224K), 0.0013528 secs] [Times: user=0.01 sys=0.00, real=0.00 secs] 
5.251: [GC (Allocation Failure) 5.251: [DefNew: 896K->0K(960K), 0.0011243 secs] 237068K->236172K(524224K), 0.0012289 secs] [Times: user=0.00 sys=0.00, real=0.00 secs] 
5.253: [GC (Allocation Failure) 5.253: [DefNew: 896K->0K(960K), 0.0009533 secs] 237068K->236172K(524224K), 0.0010627 secs] [Times: user=0.00 sys=0.00, real=0.00 secs] 
5.254: [GC (Allocation Failure) 5.254: [DefNew: 896K->0K(960K), 0.0010789 secs] 237068K->236172K(524224K), 0.0011744 secs] [Times: user=0.00 sys=0.00, real=0.00 secs] 
5.256: [GC (Allocation Failure) 5.256: [DefNew: 896K->0K(960K), 0.0011377 secs] 237068K->236172K(524224K), 0.0012502 secs] [Times: user=0.00 sys=0.00, real=0.00 secs] 
5.258: [GC (Allocation Failure) 5.258: [DefNew: 896K->0K(960K), 0.0008250 secs] 237069K->236173K(524224K), 0.0009103 secs] [Times: user=0.00 sys=0.00, real=0.00 secs] 
5.260: [GC (Allocation Failure) 5.260: [DefNew: 896K->0K(960K), 0.0008266 secs] 237069K->236173K(524224K), 0.0009261 secs] [Times: user=0.00 sys=0.00, real=0.00 secs] 
5.261: [GC (Allocation Failure) 5.261: [DefNew: 896K->0K(960K), 0.0008440 secs] 237069K->236173K(524224K), 0.0009233 secs] [Times: user=0.00 sys=0.00, real=0.00 secs] 
5.263: [GC (Allocation Failure) 5.263: [DefNew: 896K->0K(960K), 0.0007978 secs] 237069K->236173K(524224K), 0.0008799 secs] [Times: user=0.00 sys=0.00, real=0.00 secs] 
5.264: [GC (Allocation Failure) 5.264: [DefNew: 896K->0K(960K), 0.0011298 secs] 237070K->236174K(524224K), 0.0013402 secs] [Times: user=0.00 sys=0.00, real=0.00 secs] 
5.267: [GC (Allocation Failure) 5.267: [DefNew: 896K->0K(960K), 0.0009987 secs] 237070K->236174K(524224K), 0.0011010 secs] [Times: user=0.00 sys=0.00, real=0.00 secs] 
5.269: [GC (Allocation Failure) 5.269: [DefNew: 896K->0K(960K), 0.0009190 secs] 237070K->236174K(524224K), 0.0010220 secs] [Times: user=0.00 sys=0.00, real=0.00 secs] 
5.271: [GC (Allocation Failure) 5.271: [DefNew: 896K->0K(960K), 0.0009466 secs] 237071K->236175K(524224K), 0.0010576 secs] [Times: user=0.00 sys=0.00, real=0.00 secs] 
5.272: [GC (Allocation Failure) 5.273: [DefNew: 896K->0K(960K), 0.0009936 secs] 237071K->236175K(524224K), 0.0010998 secs] [Times: user=0.00 sys=0.00, real=0.00 secs] 
5.274: [GC (Allocation Failure) 5.274: [DefNew: 896K->0K(960K), 0.0008124 secs] 237071K->236175K(524224K), 0.0008922 secs] [Times: user=0.00 sys=0.00, real=0.00 secs] 
5.276: [GC (Allocation Failure) 5.276: [DefNew: 896K->0K(960K), 0.0007998 secs] 237071K->236175K(524224K), 0.0008732 secs] [Times: user=0.00 sys=0.00, real=0.00 secs] 
5.277: [GC (Allocation Failure) 5.277: [DefNew: 896K->0K(960K), 0.0010228 secs] 237072K->236176K(524224K), 0.0011026 secs] [Times: user=0.00 sys=0.00, real=0.00 secs] 
5.279: [GC (Allocation Failure) 5.279: [DefNew: 896K->0K(960K), 0.0008768 secs] 237072K->236176K(524224K), 0.0009557 secs] [Times: user=0.01 sys=0.00, real=0.00 secs] 
5.280: [GC (Allocation Failure) 5.281: [DefNew: 896K->0K(960K), 0.0009257 secs] 237072K->236176K(524224K), 0.0010169 secs] [Times: user=0.00 sys=0.00, real=0.00 secs] 
5.282: [GC (Allocation Failure) 5.282: [DefNew: 896K->0K(960K), 0.0009297 secs] 237072K->236176K(524224K), 0.0010236 secs] [Times: user=0.00 sys=0.00, real=0.00 secs] 
5.286: [GC (Allocation Failure) 5.286: [DefNew: 896K->0K(960K), 0.0011176 secs] 237073K->236177K(524224K), 0.0013094 secs] [Times: user=0.00 sys=0.00, real=0.00 secs] 
5.288: [GC (Allocation Failure) 5.288: [DefNew: 896K->0K(960K), 0.0009529 secs] 237073K->236177K(524224K), 0.0010572 secs] [Times: user=0.00 sys=0.00, real=0.00 secs] 
5.290: [GC (Allocation Failure) 5.290: [DefNew: 896K->0K(960K), 0.0009241 secs] 237073K->236177K(524224K), 0.0009861 secs] [Times: user=0.00 sys=0.00, real=0.00 secs] 
5.291: [GC (Allocation Failure) 5.292: [DefNew: 896K->0K(960K), 0.0008037 secs] 237073K->236177K(524224K), 0.0008720 secs] [Times: user=0.00 sys=0.00, real=0.00 secs] 
5.293: [GC (Allocation Failure) 5.293: [DefNew: 896K->0K(960K), 0.0007773 secs] 237074K->236178K(524224K), 0.0008456 secs] [Times: user=0.00 sys=0.00, real=0.00 secs] 
5.295: [GC (Allocation Failure) 5.295: [DefNew: 896K->0K(960K), 0.0009514 secs] 237074K->236178K(524224K), 0.0010508 secs] [Times: user=0.02 sys=0.00, real=0.00 secs] 
5.297: [GC (Allocation Failure) 5.297: [DefNew: 896K->0K(960K), 0.0011365 secs] 237074K->236178K(524224K), 0.0012755 secs] [Times: user=0.00 sys=0.00, real=0.00 secs] 
5.299: [GC (Allocation Failure) 5.299: [DefNew: 896K->0K(960K), 0.0009482 secs] 237074K->236178K(524224K), 0.0010579 secs] [Times: user=0.00 sys=0.00, real=0.00 secs] 
5.301: [GC (Allocation Failure) 5.301: [DefNew: 896K->0K(960K), 0.0007769 secs] 237075K->236179K(524224K), 0.0008756 secs] [Times: user=0.00 sys=0.00, real=0.00 secs] 
5.302: [GC (Allocation Failure) 5.302: [DefNew: 896K->0K(960K), 0.0008681 secs] 237075K->236179K(524224K), 0.0009675 secs] [Times: user=0.00 sys=0.00, real=0.00 secs] 
5.304: [GC (Allocation Failure) 5.304: [DefNew: 896K->1K(960K), 0.0011282 secs] 237075K->236179K(524224K), 0.0012348 secs] [Times: user=0.00 sys=0.00, real=0.00 secs] 
5.306: [GC (Allocation Failure) 5.306: [DefNew: 897K->0K(960K), 0.0009273 secs] 237076K->236179K(524224K), 0.0010133 secs] [Times: user=0.00 sys=0.00, real=0.00 secs] 
5.308: [GC (Allocation Failure) 5.308: [DefNew: 896K->0K(960K), 0.0009218 secs] 237075K->236179K(524224K), 0.0010141 secs] [Times: user=0.00 sys=0.00, real=0.00 secs] 
5.310: [GC (Allocation Failure) 5.311: [DefNew: 896K->0K(960K), 0.0009624 secs] 237076K->236180K(524224K), 0.0010726 secs] [Times: user=0.00 sys=0.02, real=0.00 secs] 
5.312: [GC (Allocation Failure) 5.312: [DefNew: 896K->0K(960K), 0.0012537 secs] 237076K->236180K(524224K), 0.0013734 secs] [Times: user=0.00 sys=0.00, real=0.00 secs] 
5.314: [GC (Allocation Failure) 5.314: [DefNew: 896K->0K(960K), 0.0009632 secs] 237076K->236180K(524224K), 0.0010603 secs] [Times: user=0.00 sys=0.00, real=0.00 secs] 
5.316: [GC (Allocation Failure) 5.316: [DefNew: 896K->0K(960K), 0.0008997 secs] 237076K->236180K(524224K), 0.0009798 secs] [Times: user=0.00 sys=0.00, real=0.00 secs] 
5.318: [GC (Allocation Failure) 5.318: [DefNew: 896K->0K(960K), 0.0009597 secs] 237077K->236181K(524224K), 0.0010299 secs] [Times: user=0.00 sys=0.00, real=0.00 secs] 
5.319: [GC (Allocation Failure) 5.319: [DefNew: 896K->0K(960K), 0.0010173 secs] 237077K->236181K(524224K), 0.0010844 secs] [Times: user=0.00 sys=0.00, real=0.00 secs] 
5.321: [GC (Allocation Failure) 5.321: [DefNew: 896K->0K(960K), 0.0008223 secs] 237077K->236181K(524224K), 0.0008894 secs] [Times: user=0.00 sys=0.00, real=0.00 secs] 
5.322: [GC (Allocation Failure) 5.322: [DefNew: 896K->0K(960K), 0.0008925 secs] 237077K->236181K(524224K), 0.0009498 secs] [Times: user=0.00 sys=0.00, real=0.00 secs] 
5.324: [GC (Allocation Failure) 5.324: [DefNew: 896K->0K(960K), 0.0007998 secs] 237078K->236182K(524224K), 0.0008598 secs] [Times: user=0.00 sys=0.00, real=0.00 secs] 
5.325: [GC (Allocation Failure) 5.325: [DefNew: 896K->0K(960K), 0.0008515 secs] 237078K->236182K(524224K), 0.0009241 secs] [Times: user=0.00 sys=0.00, real=0.00 secs] 
5.327: [GC (Allocation Failure) 5.327: [DefNew: 896K->0K(960K), 0.0010181 secs] 237078K->236182K(524224K), 0.0011255 secs] [Times: user=0.00 sys=0.00, real=0.00 secs] 
5.329: [GC (Allocation Failure) 5.329: [DefNew: 896K->0K(960K), 0.0010895 secs] 237079K->236183K(524224K), 0.0011937 secs] [Times: user=0.00 sys=0.00, real=0.00 secs] 
5.331: [GC (Allocation Failure) 5.331: [DefNew: 896K->0K(960K), 0.0011168 secs] 237079K->236183K(524224K), 0.0012103 secs] [Times: user=0.00 sys=0.00, real=0.00 secs] 
5.333: [GC (Allocation Failure) 5.333: [DefNew: 896K->0K(960K), 0.0008468 secs] 237079K->236183K(524224K), 0.0009028 secs] [Times: user=0.00 sys=0.00, real=0.00 secs] 
5.334: [GC (Allocation Failure) 5.334: [DefNew: 896K->0K(960K), 0.0008740 secs] 237079K->236183K(524224K), 0.0009458 secs] [Times: user=0.00 sys=0.00, real=0.00 secs] 
5.335: [GC (Allocation Failure) 5.335: [DefNew: 896K->0K(960K), 0.0008815 secs] 237080K->236184K(524224K), 0.0009411 secs] [Times: user=0.00 sys=0.00, real=0.00 secs] 
5.337: [GC (Allocation Failure) 5.337: [DefNew: 896K->0K(960K), 0.0008235 secs] 237080K->236184K(524224K), 0.0008819 secs] [Times: user=0.00 sys=0.00, real=0.00 secs] 
5.338: [GC (Allocation Failure) 5.338: [DefNew: 896K->0K(960K), 0.0008077 secs] 237080K->236184K(524224K), 0.0008621 secs] [Times: user=0.00 sys=0.00, real=0.00 secs] 
5.340: [GC (Allocation Failure) 5.340: [DefNew: 896K->0K(960K), 0.0007931 secs] 237080K->236184K(524224K), 0.0008535 secs] [Times: user=0.00 sys=0.00, real=0.00 secs] 
5.341: [GC (Allocation Failure) 5.341: [DefNew: 896K->0K(960K), 0.0007694 secs] 237081K->236185K(524224K), 0.0008175 secs] [Times: user=0.00 sys=0.00, real=0.00 secs] 
5.343: [GC (Allocation Failure) 5.343: [DefNew: 896K->0K(960K), 0.0008511 secs] 237081K->236185K(524224K), 0.0009253 secs] [Times: user=0.00 sys=0.02, real=0.00 secs] 
5.344: [GC (Allocation Failure) 5.344: [DefNew: 896K->0K(960K), 0.0008231 secs] 237081K->236185K(524224K), 0.0008764 secs] [Times: user=0.00 sys=0.00, real=0.00 secs] 
5.345: [GC (Allocation Failure) 5.345: [DefNew: 896K->0K(960K), 0.0008543 secs] 237081K->236185K(524224K), 0.0009115 secs] [Times: user=0.00 sys=0.00, real=0.00 secs] 
5.347: [GC (Allocation Failure) 5.347: [DefNew: 896K->0K(960K), 0.0011926 secs] 237082K->236186K(524224K), 0.0012774 secs] [Times: user=0.00 sys=0.00, real=0.00 secs] 
5.349: [GC (Allocation Failure) 5.349: [DefNew: 896K->0K(960K), 0.0012269 secs] 237082K->236186K(524224K), 0.0013615 secs] [Times: user=0.00 sys=0.00, real=0.00 secs] 
5.351: [GC (Allocation Failure) 5.351: [DefNew: 896K->0K(960K), 0.0012206 secs] 237082K->236186K(524224K), 0.0013528 secs] [Times: user=0.00 sys=0.00, real=0.00 secs] 
5.353: [GC (Allocation Failure) 5.353: [DefNew: 896K->0K(960K), 0.0011326 secs] 237083K->236187K(524224K), 0.0012147 secs] [Times: user=0.00 sys=0.00, real=0.00 secs] 
5.355: [GC (Allocation Failure) 5.355: [DefNew: 896K->0K(960K), 0.0008444 secs] 237083K->236187K(524224K), 0.0009056 secs] [Times: user=0.00 sys=0.00, real=0.00 secs] 
5.357: [GC (Allocation Failure) 5.357: [DefNew: 896K->0K(960K), 0.0008345 secs] 237083K->236187K(524224K), 0.0008929 secs] [Times: user=0.00 sys=0.00, real=0.00 secs] 
5.358: [GC (Allocation Failure) 5.358: [DefNew: 896K->0K(960K), 0.0009391 secs] 237083K->236187K(524224K), 0.0010208 secs] [Times: user=0.00 sys=0.00, real=0.00 secs] 
5.360: [GC (Allocation Failure) 5.360: [DefNew: 896K->0K(960K), 0.0010264 secs] 237084K->236188K(524224K), 0.0011108 secs] [Times: user=0.00 sys=0.00, real=0.00 secs] 
5.361: [GC (Allocation Failure) 5.362: [DefNew: 896K->0K(960K), 0.0010583 secs] 237084K->236188K(524224K), 0.0011507 secs] [Times: user=0.00 sys=0.00, real=0.00 secs] 
5.363: [GC (Allocation Failure) 5.363: [DefNew: 896K->0K(960K), 0.0010295 secs] 237084K->236188K(524224K), 0.0011030 secs] [Times: user=0.00 sys=0.00, real=0.00 secs] 
5.365: [GC (Allocation Failure) 5.365: [DefNew: 896K->0K(960K), 0.0011487 secs] 237084K->236188K(524224K), 0.0012387 secs] [Times: user=0.00 sys=0.00, real=0.00 secs] 
5.367: [GC (Allocation Failure) 5.367: [DefNew: 896K->0K(960K), 0.0008997 secs] 237085K->236189K(524224K), 0.0009735 secs] [Times: user=0.00 sys=0.00, real=0.00 secs] 
5.369: [GC (Allocation Failure) 5.369: [DefNew: 896K->0K(960K), 0.0009628 secs] 237085K->236189K(524224K), 0.0010362 secs] [Times: user=0.00 sys=0.00, real=0.00 secs] 
5.370: [GC (Allocation Failure) 5.370: [DefNew: 896K->0K(960K), 0.0008519 secs] 237085K->236189K(524224K), 0.0009304 secs] [Times: user=0.00 sys=0.00, real=0.00 secs] 
5.372: [GC (Allocation Failure) 5.372: [DefNew: 896K->0K(960K), 0.0010327 secs] 237085K->236189K(524224K), 0.0011049 secs] [Times: user=0.00 sys=0.00, real=0.00 secs] 
5.373: [GC (Allocation Failure) 5.373: [DefNew: 896K->0K(960K), 0.0010990 secs] 237086K->236190K(524224K), 0.0011855 secs] [Times: user=0.02 sys=0.00, real=0.00 secs] 
5.375: [GC (Allocation Failure) 5.375: [DefNew: 896K->0K(960K), 0.0008408 secs] 237086K->236190K(524224K), 0.0009225 secs] [Times: user=0.00 sys=0.00, real=0.00 secs] 
5.377: [GC (Allocation Failure) 5.377: [DefNew: 896K->0K(960K), 0.0008803 secs] 237086K->236190K(524224K), 0.0009640 secs] [Times: user=0.00 sys=0.00, real=0.00 secs] 
5.379: [GC (Allocation Failure) 5.379: [DefNew: 896K->0K(960K), 0.0010082 secs] 237086K->236190K(524224K), 0.0011227 secs] [Times: user=0.00 sys=0.00, real=0.00 secs] 
5.381: [GC (Allocation Failure) 5.381: [DefNew: 896K->0K(960K), 0.0009672 secs] 237087K->236191K(524224K), 0.0010611 secs] [Times: user=0.00 sys=0.00, real=0.00 secs] 
5.382: [GC (Allocation Failure) 5.382: [DefNew: 896K->0K(960K), 0.0010832 secs] 237087K->236191K(524224K), 0.0011827 secs] [Times: user=0.00 sys=0.00, real=0.00 secs] 
5.384: [GC (Allocation Failure) 5.384: [DefNew: 896K->0K(960K), 0.0008412 secs] 237087K->236191K(524224K), 0.0009072 secs] [Times: user=0.00 sys=0.00, real=0.00 secs] 
5.386: [GC (Allocation Failure) 5.386: [DefNew: 896K->0K(960K), 0.0008014 secs] 237088K->236192K(524224K), 0.0008827 secs] [Times: user=0.00 sys=0.00, real=0.00 secs] 
5.387: [GC (Allocation Failure) 5.387: [DefNew: 896K->0K(960K), 0.0007848 secs] 237088K->236192K(524224K), 0.0008539 secs] [Times: user=0.00 sys=0.00, real=0.00 secs] 
5.388: [GC (Allocation Failure) 5.388: [DefNew: 896K->0K(960K), 0.0007903 secs] 237088K->236192K(524224K), 0.0008546 secs] [Times: user=0.00 sys=0.00, real=0.00 secs] 
5.390: [GC (Allocation Failure) 5.390: [DefNew: 896K->0K(960K), 0.0010362 secs] 237088K->236192K(524224K), 0.0011357 secs] [Times: user=0.00 sys=0.00, real=0.00 secs] 
5.392: [GC (Allocation Failure) 5.392: [DefNew: 896K->0K(960K), 0.0011657 secs] 237089K->236193K(524224K), 0.0012648 secs] [Times: user=0.00 sys=0.00, real=0.00 secs] 
5.395: [GC (Allocation Failure) 5.395: [DefNew: 896K->0K(960K), 0.0011989 secs] 237089K->236193K(524224K), 0.0012968 secs] [Times: user=0.00 sys=0.00, real=0.00 secs] 
5.399: [GC (Allocation Failure) 5.399: [DefNew: 896K->1K(960K), 0.0011243 secs] 237089K->236194K(524224K), 0.0012723 secs] [Times: user=0.00 sys=0.00, real=0.00 secs] 
5.401: [GC (Allocation Failure) 5.401: [DefNew: 897K->0K(960K), 0.0011326 secs] 237091K->236195K(524224K), 0.0012557 secs] [Times: user=0.00 sys=0.00, real=0.00 secs] 
5.404: [GC (Allocation Failure) 5.404: [DefNew: 896K->0K(960K), 0.0011748 secs] 237091K->236195K(524224K), 0.0012920 secs] [Times: user=0.02 sys=0.00, real=0.00 secs] 
5.406: [GC (Allocation Failure) 5.406: [DefNew: 896K->0K(960K), 0.0010240 secs] 237091K->236195K(524224K), 0.0011326 secs] [Times: user=0.00 sys=0.00, real=0.00 secs] 
5.407: [GC (Allocation Failure) 5.407: [DefNew: 896K->0K(960K), 0.0009683 secs] 237092K->236196K(524224K), 0.0010576 secs] [Times: user=0.00 sys=0.00, real=0.00 secs] 
5.409: [GC (Allocation Failure) 5.409: [DefNew: 896K->0K(960K), 0.0008835 secs] 237092K->236196K(524224K), 0.0009557 secs] [Times: user=0.00 sys=0.00, real=0.00 secs] 
5.410: [GC (Allocation Failure) 5.410: [DefNew: 896K->0K(960K), 0.0008085 secs] 237092K->236196K(524224K), 0.0008677 secs] [Times: user=0.00 sys=0.00, real=0.00 secs] 
5.412: [GC (Allocation Failure) 5.412: [DefNew: 896K->0K(960K), 0.0010931 secs] 237092K->236196K(524224K), 0.0011787 secs] [Times: user=0.00 sys=0.00, real=0.00 secs] 
5.414: [GC (Allocation Failure) 5.414: [DefNew: 896K->0K(960K), 0.0010572 secs] 237093K->236197K(524224K), 0.0011385 secs] [Times: user=0.00 sys=0.00, real=0.00 secs] 
5.416: [GC (Allocation Failure) 5.416: [DefNew: 896K->0K(960K), 0.0008685 secs] 237093K->236197K(524224K), 0.0009770 secs] [Times: user=0.00 sys=0.00, real=0.00 secs] 
5.418: [GC (Allocation Failure) 5.418: [DefNew: 896K->0K(960K), 0.0007871 secs] 237093K->236197K(524224K), 0.0008582 secs] [Times: user=0.00 sys=0.00, real=0.00 secs] 
5.419: [GC (Allocation Failure) 5.419: [DefNew: 896K->0K(960K), 0.0008144 secs] 237093K->236197K(524224K), 0.0008819 secs] [Times: user=0.00 sys=0.00, real=0.00 secs] 
5.421: [GC (Allocation Failure) 5.421: [DefNew: 896K->0K(960K), 0.0008543 secs] 237094K->236198K(524224K), 0.0009470 secs] [Times: user=0.00 sys=0.00, real=0.00 secs] 
5.423: [GC (Allocation Failure) 5.423: [DefNew: 896K->0K(960K), 0.0011112 secs] 237094K->236198K(524224K), 0.0012036 secs] [Times: user=0.00 sys=0.00, real=0.00 secs] 
5.425: [GC (Allocation Failure) 5.425: [DefNew: 896K->0K(960K), 0.0009450 secs] 237094K->236198K(524224K), 0.0010426 secs] [Times: user=0.00 sys=0.00, real=0.00 secs] 
5.426: [GC (Allocation Failure) 5.426: [DefNew: 896K->0K(960K), 0.0008345 secs] 237094K->236198K(524224K), 0.0009190 secs] [Times: user=0.00 sys=0.00, real=0.00 secs] 
5.427: [GC (Allocation Failure) 5.427: [DefNew: 896K->0K(960K), 0.0009825 secs] 237095K->236199K(524224K), 0.0010686 secs] [Times: user=0.00 sys=0.00, real=0.00 secs] 
5.429: [GC (Allocation Failure) 5.429: [DefNew: 896K->0K(960K), 0.0009778 secs] 237095K->236199K(524224K), 0.0010552 secs] [Times: user=0.00 sys=0.00, real=0.00 secs] 
5.431: [GC (Allocation Failure) 5.431: [DefNew: 896K->0K(960K), 0.0008673 secs] 237095K->236199K(524224K), 0.0009636 secs] [Times: user=0.00 sys=0.00, real=0.00 secs] 
5.432: [GC (Allocation Failure) 5.432: [DefNew: 896K->0K(960K), 0.0009636 secs] 237095K->236199K(524224K), 0.0010457 secs] [Times: user=0.00 sys=0.00, real=0.00 secs] 
5.434: [GC (Allocation Failure) 5.434: [DefNew: 896K->0K(960K), 0.0008400 secs] 237096K->236200K(524224K), 0.0009040 secs] [Times: user=0.00 sys=0.00, real=0.00 secs] 
5.435: [GC (Allocation Failure) 5.435: [DefNew: 896K->0K(960K), 0.0008677 secs] 237096K->236200K(524224K), 0.0009328 secs] [Times: user=0.00 sys=0.00, real=0.00 secs] 
5.437: [GC (Allocation Failure) 5.437: [DefNew: 896K->0K(960K), 0.0008365 secs] 237096K->236200K(524224K), 0.0009072 secs] [Times: user=0.00 sys=0.00, real=0.00 secs] 
5.438: [GC (Allocation Failure) 5.438: [DefNew: 896K->0K(960K), 0.0009360 secs] 237097K->236201K(524224K), 0.0010311 secs] [Times: user=0.00 sys=0.00, real=0.00 secs] 
5.440: [GC (Allocation Failure) 5.440: [DefNew: 896K->0K(960K), 0.0010702 secs] 237097K->236201K(524224K), 0.0011606 secs] [Times: user=0.00 sys=0.00, real=0.00 secs] 
5.442: [GC (Allocation Failure) 5.442: [DefNew: 896K->0K(960K), 0.0008227 secs] 237097K->236201K(524224K), 0.0009233 secs] [Times: user=0.00 sys=0.00, real=0.00 secs] 
5.443: [GC (Allocation Failure) 5.443: [DefNew: 896K->0K(960K), 0.0009356 secs] 237097K->236201K(524224K), 0.0010220 secs] [Times: user=0.00 sys=0.00, real=0.00 secs] 
5.445: [GC (Allocation Failure) 5.445: [DefNew: 896K->0K(960K), 0.0009462 secs] 237098K->236202K(524224K), 0.0010327 secs] [Times: user=0.00 sys=0.00, real=0.00 secs] 
5.447: [GC (Allocation Failure) 5.447: [DefNew: 896K->0K(960K), 0.0008645 secs] 237098K->236202K(524224K), 0.0009549 secs] [Times: user=0.00 sys=0.00, real=0.00 secs] 
5.448: [GC (Allocation Failure) 5.448: [DefNew: 896K->0K(960K), 0.0011858 secs] 237098K->236202K(524224K), 0.0012897 secs] [Times: user=0.00 sys=0.00, real=0.00 secs] 
5.450: [GC (Allocation Failure) 5.450: [DefNew: 896K->0K(960K), 0.0009162 secs] 237098K->236202K(524224K), 0.0009810 secs] [Times: user=0.00 sys=0.00, real=0.00 secs] 
5.452: [GC (Allocation Failure) 5.452: [DefNew: 896K->0K(960K), 0.0010031 secs] 237099K->236203K(524224K), 0.0010895 secs] [Times: user=0.00 sys=0.00, real=0.00 secs] 
5.453: [GC (Allocation Failure) 5.453: [DefNew: 896K->0K(960K), 0.0010126 secs] 237099K->236203K(524224K), 0.0011132 secs] [Times: user=0.00 sys=0.00, real=0.00 secs] 
5.455: [GC (Allocation Failure) 5.455: [DefNew: 896K->0K(960K), 0.0013066 secs] 237099K->236203K(524224K), 0.0014144 secs] [Times: user=0.00 sys=0.00, real=0.00 secs] 
5.457: [GC (Allocation Failure) 5.458: [DefNew: 896K->0K(960K), 0.0012336 secs] 237099K->236203K(524224K), 0.0013599 secs] [Times: user=0.00 sys=0.00, real=0.00 secs] 
5.460: [GC (Allocation Failure) 5.460: [DefNew: 896K->0K(960K), 0.0010690 secs] 237100K->236204K(524224K), 0.0012344 secs] [Times: user=0.00 sys=0.00, real=0.00 secs] 
5.462: [GC (Allocation Failure) 5.462: [DefNew: 896K->0K(960K), 0.0009356 secs] 237100K->236204K(524224K), 0.0010370 secs] [Times: user=0.00 sys=0.00, real=0.00 secs] 
5.464: [GC (Allocation Failure) 5.464: [DefNew: 896K->0K(960K), 0.0009908 secs] 237100K->236204K(524224K), 0.0010939 secs] [Times: user=0.00 sys=0.00, real=0.00 secs] 
5.466: [GC (Allocation Failure) 5.466: [DefNew: 896K->0K(960K), 0.0008191 secs] 237101K->236205K(524224K), 0.0009083 secs] [Times: user=0.00 sys=0.00, real=0.00 secs] 
5.468: [GC (Allocation Failure) 5.468: [DefNew: 896K->0K(960K), 0.0008243 secs] 237101K->236205K(524224K), 0.0008890 secs] [Times: user=0.00 sys=0.00, real=0.00 secs] 
5.469: [GC (Allocation Failure) 5.469: [DefNew: 896K->0K(960K), 0.0007974 secs] 237101K->236205K(524224K), 0.0008669 secs] [Times: user=0.00 sys=0.00, real=0.00 secs] 
5.471: [GC (Allocation Failure) 5.471: [DefNew: 896K->0K(960K), 0.0009794 secs] 237101K->236205K(524224K), 0.0010962 secs] [Times: user=0.00 sys=0.00, real=0.00 secs] 
5.473: [GC (Allocation Failure) 5.473: [DefNew: 896K->0K(960K), 0.0010066 secs] 237102K->236206K(524224K), 0.0011002 secs] [Times: user=0.00 sys=0.00, real=0.00 secs] 
5.474: [GC (Allocation Failure) 5.474: [DefNew: 896K->0K(960K), 0.0012230 secs] 237102K->236206K(524224K), 0.0013173 secs] [Times: user=0.00 sys=0.00, real=0.00 secs] 
5.476: [GC (Allocation Failure) 5.476: [DefNew: 896K->0K(960K), 0.0012506 secs] 237102K->236206K(524224K), 0.0013426 secs] [Times: user=0.00 sys=0.00, real=0.00 secs] 
5.478: [GC (Allocation Failure) 5.478: [DefNew: 896K->0K(960K), 0.0009178 secs] 237102K->236206K(524224K), 0.0009932 secs] [Times: user=0.00 sys=0.00, real=0.00 secs] 
5.480: [GC (Allocation Failure) 5.480: [DefNew: 896K->0K(960K), 0.0009778 secs] 237103K->236207K(524224K), 0.0011124 secs] [Times: user=0.00 sys=0.00, real=0.00 secs] 
5.481: [GC (Allocation Failure) 5.481: [DefNew: 896K->0K(960K), 0.0013643 secs] 237103K->236207K(524224K), 0.0015510 secs] [Times: user=0.00 sys=0.00, real=0.00 secs] 
5.484: [GC (Allocation Failure) 5.484: [DefNew: 896K->0K(960K), 0.0010532 secs] 237103K->236207K(524224K), 0.0011472 secs] [Times: user=0.00 sys=0.00, real=0.00 secs] 
5.486: [GC (Allocation Failure) 5.486: [DefNew: 896K->0K(960K), 0.0010907 secs] 237103K->236207K(524224K), 0.0011937 secs] [Times: user=0.00 sys=0.00, real=0.00 secs] 
5.487: [GC (Allocation Failure) 5.487: [DefNew: 896K->0K(960K), 0.0008894 secs] 237104K->236208K(524224K), 0.0009537 secs] [Times: user=0.00 sys=0.00, real=0.00 secs] 
5.490: [GC (Allocation Failure) 5.490: [DefNew: 896K->0K(960K), 0.0012131 secs] 237104K->236208K(524224K), 0.0013173 secs] [Times: user=0.00 sys=0.00, real=0.00 secs] 
5.492: [GC (Allocation Failure) 5.492: [DefNew: 896K->0K(960K), 0.0008854 secs] 237104K->236208K(524224K), 0.0009569 secs] [Times: user=0.00 sys=0.00, real=0.00 secs] 
5.493: [GC (Allocation Failure) 5.493: [DefNew: 896K->0K(960K), 0.0008949 secs] 237105K->236209K(524224K), 0.0009833 secs] [Times: user=0.00 sys=0.00, real=0.00 secs] 
5.495: [GC (Allocation Failure) 5.495: [DefNew: 896K->0K(960K), 0.0008487 secs] 237105K->236209K(524224K), 0.0009202 secs] [Times: user=0.00 sys=0.00, real=0.00 secs] 
5.496: [GC (Allocation Failure) 5.497: [DefNew: 896K->0K(960K), 0.0009281 secs] 237105K->236209K(524224K), 0.0010054 secs] [Times: user=0.00 sys=0.00, real=0.00 secs] 
5.498: [GC (Allocation Failure) 5.498: [DefNew: 896K->0K(960K), 0.0013698 secs] 237105K->236209K(524224K), 0.0014953 secs] [Times: user=0.02 sys=0.00, real=0.00 secs] 
5.500: [GC (Allocation Failure) 5.500: [DefNew: 896K->0K(960K), 0.0014014 secs] 237106K->236210K(524224K), 0.0015202 secs] [Times: user=0.00 sys=0.00, real=0.00 secs] 
5.503: [GC (Allocation Failure) 5.503: [DefNew: 896K->0K(960K), 0.0012466 secs] 237106K->236210K(524224K), 0.0013603 secs] [Times: user=0.00 sys=0.00, real=0.00 secs] 
5.505: [GC (Allocation Failure) 5.505: [DefNew: 896K->0K(960K), 0.0012253 secs] 237106K->236210K(524224K), 0.0013307 secs] [Times: user=0.00 sys=0.00, real=0.00 secs] 
5.508: [GC (Allocation Failure) 5.508: [DefNew: 896K->0K(960K), 0.0012166 secs] 237106K->236210K(524224K), 0.0013288 secs] [Times: user=0.00 sys=0.00, real=0.00 secs] 
5.510: [GC (Allocation Failure) 5.510: [DefNew: 896K->0K(960K), 0.0013272 secs] 237107K->236211K(524224K), 0.0014519 secs] [Times: user=0.00 sys=0.00, real=0.00 secs] 
5.513: [GC (Allocation Failure) 5.513: [DefNew: 896K->0K(960K), 0.0011989 secs] 237107K->236211K(524224K), 0.0013086 secs] [Times: user=0.00 sys=0.00, real=0.00 secs] 
5.518: [GC (Allocation Failure) 5.518: [DefNew: 896K->0K(960K), 0.0016382 secs] 237107K->236211K(524224K), 0.0017835 secs] [Times: user=0.00 sys=0.00, real=0.00 secs] 
5.522: [GC (Allocation Failure) 5.522: [DefNew: 896K->0K(960K), 0.0012668 secs] 237107K->236211K(524224K), 0.0013923 secs] [Times: user=0.00 sys=0.00, real=0.00 secs] 
5.525: [GC (Allocation Failure) 5.525: [DefNew: 896K->0K(960K), 0.0013595 secs] 237108K->236212K(524224K), 0.0014859 secs] [Times: user=0.00 sys=0.00, real=0.00 secs] 
5.527: [GC (Allocation Failure) 5.527: [DefNew: 896K->0K(960K), 0.0011183 secs] 237108K->236212K(524224K), 0.0012451 secs] [Times: user=0.00 sys=0.00, real=0.00 secs] 
5.529: [GC (Allocation Failure) 5.530: [DefNew: 896K->0K(960K), 0.0010828 secs] 237108K->236212K(524224K), 0.0011930 secs] [Times: user=0.02 sys=0.00, real=0.00 secs] 
5.532: [GC (Allocation Failure) 5.532: [DefNew: 896K->0K(960K), 0.0015301 secs] 237109K->236213K(524224K), 0.0016505 secs] [Times: user=0.00 sys=0.00, real=0.00 secs] 
5.536: [GC (Allocation Failure) 5.536: [DefNew: 896K->0K(960K), 0.0013872 secs] 237109K->236213K(524224K), 0.0015135 secs] [Times: user=0.00 sys=0.00, real=0.00 secs] 
5.539: [GC (Allocation Failure) 5.539: [DefNew: 896K->0K(960K), 0.0013138 secs] 237109K->236213K(524224K), 0.0014247 secs] [Times: user=0.00 sys=0.00, real=0.00 secs] 
5.541: [GC (Allocation Failure) 5.541: [DefNew: 896K->0K(960K), 0.0010974 secs] 237109K->236213K(524224K), 0.0012443 secs] [Times: user=0.00 sys=0.00, real=0.00 secs] 
5.543: [GC (Allocation Failure) 5.543: [DefNew: 896K->0K(960K), 0.0010998 secs] 237110K->236214K(524224K), 0.0012178 secs] [Times: user=0.00 sys=0.00, real=0.00 secs] 
5.545: [GC (Allocation Failure) 5.545: [DefNew: 896K->0K(960K), 0.0010903 secs] 237110K->236214K(524224K), 0.0011902 secs] [Times: user=0.02 sys=0.00, real=0.00 secs] 
5.547: [GC (Allocation Failure) 5.547: [DefNew: 896K->0K(960K), 0.0011566 secs] 237110K->236214K(524224K), 0.0012865 secs] [Times: user=0.00 sys=0.00, real=0.00 secs] 
5.549: [GC (Allocation Failure) 5.550: [DefNew: 896K->0K(960K), 0.0010587 secs] 237110K->236214K(524224K), 0.0011720 secs] [Times: user=0.00 sys=0.00, real=0.00 secs] 
5.552: [GC (Allocation Failure) 5.552: [DefNew: 896K->0K(960K), 0.0011965 secs] 237111K->236215K(524224K), 0.0013023 secs] [Times: user=0.00 sys=0.00, real=0.00 secs] 
5.554: [GC (Allocation Failure) 5.554: [DefNew: 896K->0K(960K), 0.0012774 secs] 237111K->236215K(524224K), 0.0014034 secs] [Times: user=0.00 sys=0.00, real=0.00 secs] 
5.556: [GC (Allocation Failure) 5.556: [DefNew: 896K->0K(960K), 0.0011886 secs] 237111K->236215K(524224K), 0.0013110 secs] [Times: user=0.00 sys=0.00, real=0.00 secs] 
5.558: [GC (Allocation Failure) 5.558: [DefNew: 896K->0K(960K), 0.0012451 secs] 237111K->236215K(524224K), 0.0013899 secs] [Times: user=0.00 sys=0.00, real=0.00 secs] 
5.560: [GC (Allocation Failure) 5.561: [DefNew: 896K->0K(960K), 0.0012616 secs] 237112K->236216K(524224K), 0.0013722 secs] [Times: user=0.01 sys=0.00, real=0.00 secs] 
5.566: [GC (Allocation Failure) 5.566: [DefNew: 896K->0K(960K), 0.0012881 secs] 237112K->236216K(524224K), 0.0014815 secs] [Times: user=0.00 sys=0.00, real=0.00 secs] 
5.570: [GC (Allocation Failure) 5.570: [DefNew: 896K->0K(960K), 0.0012455 secs] 237112K->236216K(524224K), 0.0013635 secs] [Times: user=0.00 sys=0.00, real=0.00 secs] 
5.573: [GC (Allocation Failure) 5.573: [DefNew: 896K->0K(960K), 0.0013141 secs] 237112K->236216K(524224K), 0.0014460 secs] [Times: user=0.00 sys=0.00, real=0.00 secs] 
5.576: [GC (Allocation Failure) 5.576: [DefNew: 896K->0K(960K), 0.0014922 secs] 237113K->236217K(524224K), 0.0016153 secs] [Times: user=0.02 sys=0.00, real=0.00 secs] 
5.578: [GC (Allocation Failure) 5.578: [DefNew: 896K->0K(960K), 0.0009249 secs] 237113K->236217K(524224K), 0.0010141 secs] [Times: user=0.00 sys=0.00, real=0.00 secs] 
5.580: [GC (Allocation Failure) 5.580: [DefNew: 896K->0K(960K), 0.0012241 secs] 237113K->236217K(524224K), 0.0013370 secs] [Times: user=0.00 sys=0.00, real=0.00 secs] 
5.584: [GC (Allocation Failure) 5.584: [DefNew: 896K->0K(960K), 0.0013560 secs] 237114K->236218K(524224K), 0.0014898 secs] [Times: user=0.00 sys=0.00, real=0.00 secs] 
5.586: [GC (Allocation Failure) 5.586: [DefNew: 896K->0K(960K), 0.0012605 secs] 237114K->236218K(524224K), 0.0013868 secs] [Times: user=0.00 sys=0.00, real=0.00 secs] 
5.589: [GC (Allocation Failure) 5.589: [DefNew: 896K->0K(960K), 0.0012186 secs] 237114K->236218K(524224K), 0.0013355 secs] [Times: user=0.00 sys=0.00, real=0.00 secs] 
5.591: [GC (Allocation Failure) 5.591: [DefNew: 896K->0K(960K), 0.0011582 secs] 237114K->236218K(524224K), 0.0012676 secs] [Times: user=0.00 sys=0.00, real=0.00 secs] 
5.593: [GC (Allocation Failure) 5.593: [DefNew: 896K->0K(960K), 0.0012415 secs] 237115K->236219K(524224K), 0.0013591 secs] [Times: user=0.00 sys=0.00, real=0.00 secs] 
5.596: [GC (Allocation Failure) 5.596: [DefNew: 896K->0K(960K), 0.0010812 secs] 237115K->236219K(524224K), 0.0011878 secs] [Times: user=0.00 sys=0.00, real=0.00 secs] 
5.599: [GC (Allocation Failure) 5.600: [DefNew: 896K->0K(960K), 0.0013256 secs] 237115K->236219K(524224K), 0.0015415 secs] [Times: user=0.00 sys=0.00, real=0.00 secs] 
5.602: [GC (Allocation Failure) 5.602: [DefNew: 896K->0K(960K), 0.0011365 secs] 237115K->236219K(524224K), 0.0012609 secs] [Times: user=0.00 sys=0.00, real=0.00 secs] 
5.604: [GC (Allocation Failure) 5.604: [DefNew: 896K->0K(960K), 0.0012632 secs] 237116K->236220K(524224K), 0.0013631 secs] [Times: user=0.00 sys=0.00, real=0.00 secs] 
5.606: [GC (Allocation Failure) 5.606: [DefNew: 896K->0K(960K), 0.0013848 secs] 237116K->236220K(524224K), 0.0015226 secs] [Times: user=0.00 sys=0.01, real=0.00 secs] 
5.609: [GC (Allocation Failure) 5.609: [DefNew: 896K->0K(960K), 0.0011882 secs] 237116K->236220K(524224K), 0.0013055 secs] [Times: user=0.00 sys=0.00, real=0.00 secs] 
5.611: [GC (Allocation Failure) 5.611: [DefNew: 896K->0K(960K), 0.0009379 secs] 237116K->236220K(524224K), 0.0010516 secs] [Times: user=0.00 sys=0.00, real=0.00 secs] 
5.613: [GC (Allocation Failure) 5.613: [DefNew: 896K->0K(960K), 0.0011606 secs] 237117K->236221K(524224K), 0.0012909 secs] [Times: user=0.00 sys=0.00, real=0.00 secs] 
5.616: [GC (Allocation Failure) 5.617: [DefNew: 896K->0K(960K), 0.0010820 secs] 237117K->236221K(524224K), 0.0012360 secs] [Times: user=0.00 sys=0.00, real=0.00 secs] 
5.618: [GC (Allocation Failure) 5.619: [DefNew: 896K->0K(960K), 0.0011381 secs] 237117K->236221K(524224K), 0.0012490 secs] [Times: user=0.00 sys=0.00, real=0.00 secs] 
5.620: [GC (Allocation Failure) 5.620: [DefNew: 896K->0K(960K), 0.0012028 secs] 237118K->236222K(524224K), 0.0013165 secs] [Times: user=0.00 sys=0.00, real=0.00 secs] 
5.622: [GC (Allocation Failure) 5.622: [DefNew: 896K->0K(960K), 0.0011124 secs] 237118K->236222K(524224K), 0.0012159 secs] [Times: user=0.00 sys=0.00, real=0.00 secs] 
5.624: [GC (Allocation Failure) 5.624: [DefNew: 896K->0K(960K), 0.0010244 secs] 237118K->236222K(524224K), 0.0011160 secs] [Times: user=0.00 sys=0.00, real=0.00 secs] 
5.626: [GC (Allocation Failure) 5.626: [DefNew: 896K->0K(960K), 0.0008539 secs] 237118K->236222K(524224K), 0.0009565 secs] [Times: user=0.00 sys=0.00, real=0.00 secs] 
5.628: [GC (Allocation Failure) 5.628: [DefNew: 896K->0K(960K), 0.0008799 secs] 237119K->236223K(524224K), 0.0009972 secs] [Times: user=0.00 sys=0.00, real=0.00 secs] 
5.629: [GC (Allocation Failure) 5.629: [DefNew: 896K->0K(960K), 0.0011574 secs] 237119K->236223K(524224K), 0.0012609 secs] [Times: user=0.00 sys=0.00, real=0.00 secs] 
5.631: [GC (Allocation Failure) 5.631: [DefNew: 896K->0K(960K), 0.0012581 secs] 237119K->236223K(524224K), 0.0013686 secs] [Times: user=0.00 sys=0.00, real=0.00 secs] 
5.633: [GC (Allocation Failure) 5.634: [DefNew: 896K->0K(960K), 0.0012498 secs] 237119K->236223K(524224K), 0.0013824 secs] [Times: user=0.00 sys=0.00, real=0.00 secs] 
5.636: [GC (Allocation Failure) 5.636: [DefNew: 896K->0K(960K), 0.0012893 secs] 237120K->236224K(524224K), 0.0014219 secs] [Times: user=0.00 sys=0.00, real=0.00 secs] 
5.638: [GC (Allocation Failure) 5.638: [DefNew: 896K->0K(960K), 0.0012912 secs] 237120K->236224K(524224K), 0.0014267 secs] [Times: user=0.02 sys=0.00, real=0.00 secs] 
5.641: [GC (Allocation Failure) 5.641: [DefNew: 896K->0K(960K), 0.0012466 secs] 237120K->236224K(524224K), 0.0013848 secs] [Times: user=0.00 sys=0.00, real=0.00 secs] 
5.643: [GC (Allocation Failure) 5.643: [DefNew: 896K->0K(960K), 0.0012818 secs] 237120K->236224K(524224K), 0.0014105 secs] [Times: user=0.00 sys=0.00, real=0.00 secs] 
5.646: [GC (Allocation Failure) 5.646: [DefNew: 896K->0K(960K), 0.0014195 secs] 237121K->236225K(524224K), 0.0015388 secs] [Times: user=0.00 sys=0.00, real=0.00 secs] 
5.648: [GC (Allocation Failure) 5.648: [DefNew: 896K->0K(960K), 0.0014993 secs] 237121K->236225K(524224K), 0.0016067 secs] [Times: user=0.00 sys=0.00, real=0.00 secs] 
5.651: [GC (Allocation Failure) 5.651: [DefNew: 896K->0K(960K), 0.0012526 secs] 237121K->236225K(524224K), 0.0013619 secs] [Times: user=0.00 sys=0.00, real=0.00 secs] 
5.653: [GC (Allocation Failure) 5.653: [DefNew: 896K->0K(960K), 0.0012553 secs] 237122K->236226K(524224K), 0.0013741 secs] [Times: user=0.00 sys=0.00, real=0.00 secs] 
5.657: [GC (Allocation Failure) 5.657: [DefNew: 896K->0K(960K), 0.0012084 secs] 237122K->236226K(524224K), 0.0013303 secs] [Times: user=0.00 sys=0.00, real=0.00 secs] 
5.659: [GC (Allocation Failure) 5.659: [DefNew: 896K->0K(960K), 0.0012202 secs] 237122K->236226K(524224K), 0.0013197 secs] [Times: user=0.00 sys=0.00, real=0.00 secs] 
5.661: [GC (Allocation Failure) 5.661: [DefNew: 896K->0K(960K), 0.0012012 secs] 237122K->236226K(524224K), 0.0013094 secs] [Times: user=0.00 sys=0.00, real=0.00 secs] 
5.663: [GC (Allocation Failure) 5.663: [DefNew: 896K->0K(960K), 0.0011547 secs] 237123K->236227K(524224K), 0.0012624 secs] [Times: user=0.00 sys=0.00, real=0.00 secs] 
5.666: [GC (Allocation Failure) 5.666: [DefNew: 896K->0K(960K), 0.0013465 secs] 237123K->236227K(524224K), 0.0014645 secs] [Times: user=0.00 sys=0.00, real=0.00 secs] 
5.668: [GC (Allocation Failure) 5.668: [DefNew: 896K->0K(960K), 0.0009135 secs] 237123K->236227K(524224K), 0.0009944 secs] [Times: user=0.00 sys=0.00, real=0.00 secs] 
5.669: [GC (Allocation Failure) 5.669: [DefNew: 896K->0K(960K), 0.0008531 secs] 237123K->236227K(524224K), 0.0009131 secs] [Times: user=0.00 sys=0.00, real=0.00 secs] 
5.671: [GC (Allocation Failure) 5.671: [DefNew: 896K->0K(960K), 0.0013003 secs] 237124K->236228K(524224K), 0.0014030 secs] [Times: user=0.00 sys=0.00, real=0.00 secs] 
5.673: [GC (Allocation Failure) 5.673: [DefNew: 896K->0K(960K), 0.0011858 secs] 237124K->236228K(524224K), 0.0012759 secs] [Times: user=0.00 sys=0.00, real=0.00 secs] 
5.675: [GC (Allocation Failure) 5.675: [DefNew: 896K->0K(960K), 0.0013303 secs] 237124K->236228K(524224K), 0.0014188 secs] [Times: user=0.00 sys=0.00, real=0.00 secs] 
5.677: [GC (Allocation Failure) 5.677: [DefNew: 896K->0K(960K), 0.0009660 secs] 237124K->236228K(524224K), 0.0010674 secs] [Times: user=0.00 sys=0.00, real=0.00 secs] 
5.681: [GC (Allocation Failure) 5.681: [DefNew: 896K->0K(960K), 0.0012119 secs] 237125K->236229K(524224K), 0.0013201 secs] [Times: user=0.00 sys=0.00, real=0.00 secs] 
5.683: [GC (Allocation Failure) 5.683: [DefNew: 896K->0K(960K), 0.0009849 secs] 237125K->236229K(524224K), 0.0011089 secs] [Times: user=0.00 sys=0.00, real=0.00 secs] 
5.685: [GC (Allocation Failure) 5.685: [DefNew: 896K->0K(960K), 0.0013382 secs] 237125K->236229K(524224K), 0.0014511 secs] [Times: user=0.02 sys=0.00, real=0.00 secs] 
5.687: [GC (Allocation Failure) 5.688: [DefNew: 896K->0K(960K), 0.0010619 secs] 237126K->236230K(524224K), 0.0011787 secs] [Times: user=0.00 sys=0.00, real=0.00 secs] 
5.690: [GC (Allocation Failure) 5.690: [DefNew: 896K->0K(960K), 0.0011412 secs] 237126K->236230K(524224K), 0.0012439 secs] [Times: user=0.00 sys=0.00, real=0.00 secs] 
5.691: [GC (Allocation Failure) 5.691: [DefNew: 896K->0K(960K), 0.0011665 secs] 237126K->236230K(524224K), 0.0012455 secs] [Times: user=0.00 sys=0.00, real=0.00 secs] 
5.693: [GC (Allocation Failure) 5.694: [DefNew: 896K->0K(960K), 0.0010682 secs] 237126K->236230K(524224K), 0.0011586 secs] [Times: user=0.00 sys=0.00, real=0.00 secs] 
5.695: [GC (Allocation Failure) 5.695: [DefNew: 896K->0K(960K), 0.0009028 secs] 237127K->236231K(524224K), 0.0009707 secs] [Times: user=0.00 sys=0.00, real=0.00 secs] 
5.697: [GC (Allocation Failure) 5.697: [DefNew: 896K->0K(960K), 0.0008890 secs] 237127K->236231K(524224K), 0.0009668 secs] [Times: user=0.00 sys=0.00, real=0.00 secs] 
5.698: [GC (Allocation Failure) 5.698: [DefNew: 896K->0K(960K), 0.0011547 secs] 237127K->236231K(524224K), 0.0012447 secs] [Times: user=0.00 sys=0.00, real=0.00 secs] 
5.700: [GC (Allocation Failure) 5.700: [DefNew: 896K->0K(960K), 0.0010173 secs] 237127K->236231K(524224K), 0.0011033 secs] [Times: user=0.00 sys=0.00, real=0.00 secs] 
5.702: [GC (Allocation Failure) 5.702: [DefNew: 896K->0K(960K), 0.0012766 secs] 237128K->236232K(524224K), 0.0013891 secs] [Times: user=0.00 sys=0.00, real=0.00 secs] 
5.705: [GC (Allocation Failure) 5.705: [DefNew: 896K->0K(960K), 0.0010686 secs] 237128K->236232K(524224K), 0.0011716 secs] [Times: user=0.00 sys=0.00, real=0.00 secs] 
5.707: [GC (Allocation Failure) 5.707: [DefNew: 896K->0K(960K), 0.0010939 secs] 237128K->236232K(524224K), 0.0011866 secs] [Times: user=0.00 sys=0.00, real=0.00 secs] 
5.708: [GC (Allocation Failure) 5.708: [DefNew: 896K->0K(960K), 0.0008819 secs] 237128K->236232K(524224K), 0.0009585 secs] [Times: user=0.00 sys=0.00, real=0.00 secs] 
5.710: [GC (Allocation Failure) 5.710: [DefNew: 896K->0K(960K), 0.0009056 secs] 237129K->236233K(524224K), 0.0009881 secs] [Times: user=0.00 sys=0.00, real=0.00 secs] 
5.711: [GC (Allocation Failure) 5.711: [DefNew: 896K->0K(960K), 0.0008633 secs] 237129K->236233K(524224K), 0.0009308 secs] [Times: user=0.00 sys=0.00, real=0.00 secs] 
5.713: [GC (Allocation Failure) 5.713: [DefNew: 896K->0K(960K), 0.0009845 secs] 237129K->236233K(524224K), 0.0010781 secs] [Times: user=0.00 sys=0.00, real=0.00 secs] 
5.714: [GC (Allocation Failure) 5.714: [DefNew: 896K->0K(960K), 0.0010007 secs] 237129K->236233K(524224K), 0.0010808 secs] [Times: user=0.00 sys=0.00, real=0.00 secs] 
5.716: [GC (Allocation Failure) 5.716: [DefNew: 896K->0K(960K), 0.0010828 secs] 237130K->236234K(524224K), 0.0011945 secs] [Times: user=0.00 sys=0.00, real=0.00 secs] 
5.718: [GC (Allocation Failure) 5.718: [DefNew: 896K->0K(960K), 0.0011255 secs] 237130K->236234K(524224K), 0.0012218 secs] [Times: user=0.00 sys=0.00, real=0.00 secs] 
5.720: [GC (Allocation Failure) 5.720: [DefNew: 896K->0K(960K), 0.0011018 secs] 237130K->236234K(524224K), 0.0012036 secs] [Times: user=0.00 sys=0.00, real=0.00 secs] 
5.722: [GC (Allocation Failure) 5.722: [DefNew: 896K->0K(960K), 0.0010856 secs] 237131K->236235K(524224K), 0.0011827 secs] [Times: user=0.00 sys=0.00, real=0.00 secs] 
5.724: [GC (Allocation Failure) 5.724: [DefNew: 896K->0K(960K), 0.0010516 secs] 237131K->236235K(524224K), 0.0011716 secs] [Times: user=0.00 sys=0.00, real=0.00 secs] 
5.726: [GC (Allocation Failure) 5.726: [DefNew: 896K->0K(960K), 0.0009316 secs] 237131K->236235K(524224K), 0.0010011 secs] [Times: user=0.00 sys=0.00, real=0.00 secs] 
5.727: [GC (Allocation Failure) 5.727: [DefNew: 896K->0K(960K), 0.0010647 secs] 237131K->236235K(524224K), 0.0011286 secs] [Times: user=0.00 sys=0.00, real=0.00 secs] 
5.729: [GC (Allocation Failure) 5.729: [DefNew: 896K->0K(960K), 0.0010189 secs] 237132K->236236K(524224K), 0.0010966 secs] [Times: user=0.00 sys=0.00, real=0.00 secs] 
5.731: [GC (Allocation Failure) 5.731: [DefNew: 896K->0K(960K), 0.0010291 secs] 237132K->236236K(524224K), 0.0011116 secs] [Times: user=0.00 sys=0.00, real=0.00 secs] 
5.733: [GC (Allocation Failure) 5.733: [DefNew: 896K->0K(960K), 0.0011468 secs] 237132K->236236K(524224K), 0.0012557 secs] [Times: user=0.01 sys=0.00, real=0.00 secs] 
5.735: [GC (Allocation Failure) 5.735: [DefNew: 896K->0K(960K), 0.0010603 secs] 237132K->236236K(524224K), 0.0011705 secs] [Times: user=0.00 sys=0.00, real=0.00 secs] 
5.737: [GC (Allocation Failure) 5.737: [DefNew: 896K->0K(960K), 0.0010828 secs] 237133K->236237K(524224K), 0.0011570 secs] [Times: user=0.00 sys=0.00, real=0.00 secs] 
5.739: [GC (Allocation Failure) 5.739: [DefNew: 896K->0K(960K), 0.0010212 secs] 237133K->236237K(524224K), 0.0011010 secs] [Times: user=0.00 sys=0.00, real=0.00 secs] 
5.740: [GC (Allocation Failure) 5.740: [DefNew: 896K->0K(960K), 0.0011598 secs] 237133K->236237K(524224K), 0.0012545 secs] [Times: user=0.00 sys=0.00, real=0.00 secs] 
5.742: [GC (Allocation Failure) 5.742: [DefNew: 896K->0K(960K), 0.0008499 secs] 237133K->236237K(524224K), 0.0009154 secs] [Times: user=0.00 sys=0.00, real=0.00 secs] 
5.743: [GC (Allocation Failure) 5.743: [DefNew: 896K->0K(960K), 0.0007935 secs] 237134K->236238K(524224K), 0.0008448 secs] [Times: user=0.00 sys=0.00, real=0.00 secs] 
5.745: [GC (Allocation Failure) 5.745: [DefNew: 896K->0K(960K), 0.0008187 secs] 237134K->236238K(524224K), 0.0008803 secs] [Times: user=0.00 sys=0.00, real=0.00 secs] 
5.746: [GC (Allocation Failure) 5.746: [DefNew: 896K->0K(960K), 0.0008164 secs] 237134K->236238K(524224K), 0.0008681 secs] [Times: user=0.00 sys=0.00, real=0.00 secs] 
5.747: [GC (Allocation Failure) 5.747: [DefNew: 896K->0K(960K), 0.0008089 secs] 237135K->236239K(524224K), 0.0008610 secs] [Times: user=0.00 sys=0.00, real=0.00 secs] 
5.749: [GC (Allocation Failure) 5.749: [DefNew: 896K->0K(960K), 0.0011811 secs] 237135K->236239K(524224K), 0.0012723 secs] [Times: user=0.00 sys=0.00, real=0.00 secs] 
5.751: [GC (Allocation Failure) 5.751: [DefNew: 896K->0K(960K), 0.0008168 secs] 237135K->236239K(524224K), 0.0008756 secs] [Times: user=0.00 sys=0.00, real=0.00 secs] 
5.752: [GC (Allocation Failure) 5.752: [DefNew: 896K->0K(960K), 0.0008764 secs] 237135K->236239K(524224K), 0.0009435 secs] [Times: user=0.00 sys=0.00, real=0.00 secs] 
5.754: [GC (Allocation Failure) 5.754: [DefNew: 896K->0K(960K), 0.0008815 secs] 237136K->236240K(524224K), 0.0009522 secs] [Times: user=0.00 sys=0.00, real=0.00 secs] 
5.755: [GC (Allocation Failure) 5.755: [DefNew: 896K->0K(960K), 0.0008850 secs] 237136K->236240K(524224K), 0.0009344 secs] [Times: user=0.00 sys=0.00, real=0.00 secs] 
5.757: [GC (Allocation Failure) 5.757: [DefNew: 896K->0K(960K), 0.0009060 secs] 237136K->236240K(524224K), 0.0009750 secs] [Times: user=0.00 sys=0.00, real=0.00 secs] 
5.758: [GC (Allocation Failure) 5.758: [DefNew: 896K->0K(960K), 0.0007864 secs] 237136K->236240K(524224K), 0.0008389 secs] [Times: user=0.00 sys=0.00, real=0.00 secs] 
5.760: [GC (Allocation Failure) 5.760: [DefNew: 896K->0K(960K), 0.0007690 secs] 237137K->236241K(524224K), 0.0008199 secs] [Times: user=0.00 sys=0.00, real=0.00 secs] 
5.761: [GC (Allocation Failure) 5.761: [DefNew: 896K->0K(960K), 0.0007260 secs] 237137K->236241K(524224K), 0.0007816 secs] [Times: user=0.00 sys=0.00, real=0.00 secs] 
5.762: [GC (Allocation Failure) 5.762: [DefNew: 896K->0K(960K), 0.0007481 secs] 237137K->236241K(524224K), 0.0007958 secs] [Times: user=0.00 sys=0.00, real=0.00 secs] 
5.764: [GC (Allocation Failure) 5.764: [DefNew: 896K->0K(960K), 0.0007816 secs] 237137K->236241K(524224K), 0.0008337 secs] [Times: user=0.01 sys=0.00, real=0.00 secs] 
5.765: [GC (Allocation Failure) 5.765: [DefNew: 896K->0K(960K), 0.0016619 secs] 237138K->236242K(524224K), 0.0017788 secs] [Times: user=0.00 sys=0.00, real=0.00 secs] 
5.767: [GC (Allocation Failure) 5.767: [DefNew: 896K->0K(960K), 0.0008550 secs] 237138K->236242K(524224K), 0.0009462 secs] [Times: user=0.00 sys=0.00, real=0.00 secs] 
5.769: [GC (Allocation Failure) 5.769: [DefNew: 896K->0K(960K), 0.0007974 secs] 237138K->236242K(524224K), 0.0008515 secs] [Times: user=0.00 sys=0.00, real=0.00 secs] 
5.770: [GC (Allocation Failure) 5.770: [DefNew: 896K->0K(960K), 0.0007875 secs] 237139K->236243K(524224K), 0.0008396 secs] [Times: user=0.00 sys=0.00, real=0.00 secs] 
5.772: [GC (Allocation Failure) 5.772: [DefNew: 896K->0K(960K), 0.0007923 secs] 237139K->236243K(524224K), 0.0008416 secs] [Times: user=0.00 sys=0.00, real=0.00 secs] 
5.773: [GC (Allocation Failure) 5.773: [DefNew: 896K->0K(960K), 0.0008219 secs] 237139K->236243K(524224K), 0.0008870 secs] [Times: user=0.00 sys=0.00, real=0.00 secs] 
5.774: [GC (Allocation Failure) 5.774: [DefNew: 896K->0K(960K), 0.0007931 secs] 237139K->236243K(524224K), 0.0008456 secs] [Times: user=0.00 sys=0.00, real=0.00 secs] 
5.776: [GC (Allocation Failure) 5.776: [DefNew: 896K->0K(960K), 0.0007741 secs] 237140K->236244K(524224K), 0.0008246 secs] [Times: user=0.00 sys=0.00, real=0.00 secs] 
5.777: [GC (Allocation Failure) 5.777: [DefNew: 896K->0K(960K), 0.0007832 secs] 237140K->236244K(524224K), 0.0008353 secs] [Times: user=0.00 sys=0.00, real=0.00 secs] 
5.778: [GC (Allocation Failure) 5.778: [DefNew: 896K->0K(960K), 0.0007390 secs] 237140K->236244K(524224K), 0.0007864 secs] [Times: user=0.00 sys=0.00, real=0.00 secs] 
5.780: [GC (Allocation Failure) 5.780: [DefNew: 896K->0K(960K), 0.0007619 secs] 237140K->236244K(524224K), 0.0008132 secs] [Times: user=0.00 sys=0.00, real=0.00 secs] 
5.782: [GC (Allocation Failure) 5.782: [DefNew: 896K->0K(960K), 0.0009012 secs] 237141K->236245K(524224K), 0.0009916 secs] [Times: user=0.00 sys=0.00, real=0.00 secs] 
5.783: [GC (Allocation Failure) 5.783: [DefNew: 896K->0K(960K), 0.0008164 secs] 237141K->236245K(524224K), 0.0008649 secs] [Times: user=0.00 sys=0.00, real=0.00 secs] 
5.785: [GC (Allocation Failure) 5.785: [DefNew: 896K->0K(960K), 0.0007508 secs] 237141K->236245K(524224K), 0.0007994 secs] [Times: user=0.00 sys=0.00, real=0.00 secs] 
5.786: [GC (Allocation Failure) 5.786: [DefNew: 896K->0K(960K), 0.0008250 secs] 237141K->236245K(524224K), 0.0008783 secs] [Times: user=0.00 sys=0.00, real=0.00 secs] 
5.787: [GC (Allocation Failure) 5.787: [DefNew: 896K->0K(960K), 0.0008006 secs] 237142K->236246K(524224K), 0.0008594 secs] [Times: user=0.00 sys=0.00, real=0.00 secs] 
5.789: [GC (Allocation Failure) 5.789: [DefNew: 896K->0K(960K), 0.0007512 secs] 237142K->236246K(524224K), 0.0008018 secs] [Times: user=0.00 sys=0.00, real=0.00 secs] 
5.790: [GC (Allocation Failure) 5.790: [DefNew: 896K->0K(960K), 0.0007808 secs] 237142K->236246K(524224K), 0.0008337 secs] [Times: user=0.00 sys=0.00, real=0.00 secs] 
5.791: [GC (Allocation Failure) 5.791: [DefNew: 896K->0K(960K), 0.0007891 secs] 237143K->236247K(524224K), 0.0008420 secs] [Times: user=0.00 sys=0.00, real=0.00 secs] 
5.793: [GC (Allocation Failure) 5.793: [DefNew: 896K->0K(960K), 0.0007848 secs] 237143K->236247K(524224K), 0.0008393 secs] [Times: user=0.00 sys=0.00, real=0.00 secs] 
5.794: [GC (Allocation Failure) 5.794: [DefNew: 896K->0K(960K), 0.0007311 secs] 237143K->236247K(524224K), 0.0007765 secs] [Times: user=0.00 sys=0.00, real=0.00 secs] 
5.795: [GC (Allocation Failure) 5.795: [DefNew: 896K->0K(960K), 0.0009995 secs] 237143K->236247K(524224K), 0.0010777 secs] [Times: user=0.02 sys=0.00, real=0.00 secs] 
5.797: [GC (Allocation Failure) 5.797: [DefNew: 896K->0K(960K), 0.0009064 secs] 237144K->236248K(524224K), 0.0009885 secs] [Times: user=0.00 sys=0.00, real=0.00 secs] 
5.799: [GC (Allocation Failure) 5.799: [DefNew: 896K->0K(960K), 0.0008175 secs] 237144K->236248K(524224K), 0.0008823 secs] [Times: user=0.00 sys=0.00, real=0.00 secs] 
5.800: [GC (Allocation Failure) 5.800: [DefNew: 896K->0K(960K), 0.0008744 secs] 237144K->236248K(524224K), 0.0009225 secs] [Times: user=0.00 sys=0.00, real=0.00 secs] 
5.802: [GC (Allocation Failure) 5.802: [DefNew: 896K->0K(960K), 0.0007599 secs] 237144K->236248K(524224K), 0.0008081 secs] [Times: user=0.00 sys=0.00, real=0.00 secs] 
5.803: [GC (Allocation Failure) 5.803: [DefNew: 896K->0K(960K), 0.0008535 secs] 237145K->236249K(524224K), 0.0009075 secs] [Times: user=0.00 sys=0.00, real=0.00 secs] 
5.804: [GC (Allocation Failure) 5.804: [DefNew: 896K->0K(960K), 0.0007950 secs] 237145K->236249K(524224K), 0.0008456 secs] [Times: user=0.00 sys=0.00, real=0.00 secs] 
5.806: [GC (Allocation Failure) 5.806: [DefNew: 896K->0K(960K), 0.0006971 secs] 237145K->236249K(524224K), 0.0007429 secs] [Times: user=0.00 sys=0.00, real=0.00 secs] 
5.807: [GC (Allocation Failure) 5.807: [DefNew: 896K->0K(960K), 0.0007789 secs] 237145K->236249K(524224K), 0.0008404 secs] [Times: user=0.00 sys=0.00, real=0.00 secs] 
5.808: [GC (Allocation Failure) 5.808: [DefNew: 896K->0K(960K), 0.0007733 secs] 237146K->236250K(524224K), 0.0008290 secs] [Times: user=0.00 sys=0.00, real=0.00 secs] 
5.810: [GC (Allocation Failure) 5.810: [DefNew: 896K->0K(960K), 0.0007725 secs] 237146K->236250K(524224K), 0.0008270 secs] [Times: user=0.00 sys=0.00, real=0.00 secs] 
5.811: [GC (Allocation Failure) 5.811: [DefNew: 896K->0K(960K), 0.0007556 secs] 237146K->236250K(524224K), 0.0008041 secs] [Times: user=0.02 sys=0.00, real=0.00 secs] 
5.812: [GC (Allocation Failure) 5.812: [DefNew: 896K->0K(960K), 0.0007698 secs] 237146K->236250K(524224K), 0.0008187 secs] [Times: user=0.00 sys=0.00, real=0.00 secs] 
5.814: [GC (Allocation Failure) 5.814: [DefNew: 896K->0K(960K), 0.0007508 secs] 237147K->236251K(524224K), 0.0008136 secs] [Times: user=0.00 sys=0.00, real=0.00 secs] 
5.815: [GC (Allocation Failure) 5.815: [DefNew: 896K->0K(960K), 0.0007915 secs] 237147K->236251K(524224K), 0.0008503 secs] [Times: user=0.00 sys=0.00, real=0.00 secs] 
5.817: [GC (Allocation Failure) 5.817: [DefNew: 896K->0K(960K), 0.0008148 secs] 237147K->236251K(524224K), 0.0008791 secs] [Times: user=0.00 sys=0.00, real=0.00 secs] 
5.818: [GC (Allocation Failure) 5.818: [DefNew: 896K->0K(960K), 0.0007891 secs] 237148K->236252K(524224K), 0.0008369 secs] [Times: user=0.00 sys=0.00, real=0.00 secs] 
5.819: [GC (Allocation Failure) 5.819: [DefNew: 896K->0K(960K), 0.0008081 secs] 237148K->236252K(524224K), 0.0008582 secs] [Times: user=0.00 sys=0.00, real=0.00 secs] 
5.821: [GC (Allocation Failure) 5.821: [DefNew: 896K->0K(960K), 0.0007544 secs] 237148K->236252K(524224K), 0.0008025 secs] [Times: user=0.00 sys=0.00, real=0.00 secs] 
5.822: [GC (Allocation Failure) 5.822: [DefNew: 896K->0K(960K), 0.0007619 secs] 237148K->236252K(524224K), 0.0008100 secs] [Times: user=0.00 sys=0.00, real=0.00 secs] 
5.823: [GC (Allocation Failure) 5.823: [DefNew: 896K->0K(960K), 0.0010078 secs] 237149K->236253K(524224K), 0.0010678 secs] [Times: user=0.00 sys=0.00, real=0.00 secs] 
5.825: [GC (Allocation Failure) 5.825: [DefNew: 896K->0K(960K), 0.0007299 secs] 237149K->236253K(524224K), 0.0007785 secs] [Times: user=0.00 sys=0.00, real=0.00 secs] 
5.826: [GC (Allocation Failure) 5.826: [DefNew: 896K->0K(960K), 0.0007406 secs] 237149K->236253K(524224K), 0.0007864 secs] [Times: user=0.02 sys=0.00, real=0.00 secs] 
5.828: [GC (Allocation Failure) 5.828: [DefNew: 896K->0K(960K), 0.0007717 secs] 237149K->236253K(524224K), 0.0008243 secs] [Times: user=0.00 sys=0.00, real=0.00 secs] 
5.829: [GC (Allocation Failure) 5.829: [DefNew: 896K->0K(960K), 0.0011191 secs] 237150K->236254K(524224K), 0.0012115 secs] [Times: user=0.00 sys=0.00, real=0.00 secs] 
5.831: [GC (Allocation Failure) 5.831: [DefNew: 896K->0K(960K), 0.0009537 secs] 237150K->236254K(524224K), 0.0010256 secs] [Times: user=0.00 sys=0.00, real=0.00 secs] 
5.832: [GC (Allocation Failure) 5.832: [DefNew: 896K->0K(960K), 0.0008389 secs] 237150K->236254K(524224K), 0.0008937 secs] [Times: user=0.00 sys=0.00, real=0.00 secs] 
5.834: [GC (Allocation Failure) 5.834: [DefNew: 896K->0K(960K), 0.0008302 secs] 237150K->236254K(524224K), 0.0008819 secs] [Times: user=0.00 sys=0.00, real=0.00 secs] 
5.835: [GC (Allocation Failure) 5.835: [DefNew: 896K->0K(960K), 0.0007532 secs] 237151K->236255K(524224K), 0.0007998 secs] [Times: user=0.00 sys=0.00, real=0.00 secs] 
5.836: [GC (Allocation Failure) 5.837: [DefNew: 896K->0K(960K), 0.0008045 secs] 237151K->236255K(524224K), 0.0008531 secs] [Times: user=0.00 sys=0.00, real=0.00 secs] 
5.838: [GC (Allocation Failure) 5.838: [DefNew: 896K->0K(960K), 0.0010607 secs] 237151K->236255K(524224K), 0.0011180 secs] [Times: user=0.00 sys=0.00, real=0.00 secs] 
5.839: [GC (Allocation Failure) 5.839: [DefNew: 896K->0K(960K), 0.0008132 secs] 237152K->236256K(524224K), 0.0008732 secs] [Times: user=0.00 sys=0.00, real=0.00 secs] 
5.841: [GC (Allocation Failure) 5.841: [DefNew: 896K->0K(960K), 0.0008065 secs] 237152K->236256K(524224K), 0.0008614 secs] [Times: user=0.00 sys=0.00, real=0.00 secs] 
5.842: [GC (Allocation Failure) 5.842: [DefNew: 896K->0K(960K), 0.0007512 secs] 237152K->236256K(524224K), 0.0007990 secs] [Times: user=0.02 sys=0.00, real=0.00 secs] 
5.844: [GC (Allocation Failure) 5.844: [DefNew: 896K->0K(960K), 0.0007765 secs] 237152K->236256K(524224K), 0.0008365 secs] [Times: user=0.00 sys=0.00, real=0.00 secs] 
5.845: [GC (Allocation Failure) 5.845: [DefNew: 896K->0K(960K), 0.0007733 secs] 237153K->236257K(524224K), 0.0008250 secs] [Times: user=0.00 sys=0.00, real=0.00 secs] 
5.846: [GC (Allocation Failure) 5.846: [DefNew: 896K->0K(960K), 0.0007394 secs] 237153K->236257K(524224K), 0.0007864 secs] [Times: user=0.00 sys=0.00, real=0.00 secs] 
5.848: [GC (Allocation Failure) 5.848: [DefNew: 896K->0K(960K), 0.0007844 secs] 237153K->236257K(524224K), 0.0008471 secs] [Times: user=0.00 sys=0.00, real=0.00 secs] 
5.849: [GC (Allocation Failure) 5.849: [DefNew: 896K->0K(960K), 0.0009537 secs] 237153K->236257K(524224K), 0.0010347 secs] [Times: user=0.00 sys=0.00, real=0.00 secs] 
5.851: [GC (Allocation Failure) 5.851: [DefNew: 896K->0K(960K), 0.0011002 secs] 237154K->236258K(524224K), 0.0011783 secs] [Times: user=0.00 sys=0.00, real=0.00 secs] 
5.852: [GC (Allocation Failure) 5.852: [DefNew: 896K->0K(960K), 0.0007773 secs] 237154K->236258K(524224K), 0.0008318 secs] [Times: user=0.00 sys=0.00, real=0.00 secs] 
5.854: [GC (Allocation Failure) 5.854: [DefNew: 896K->0K(960K), 0.0007848 secs] 237154K->236258K(524224K), 0.0008361 secs] [Times: user=0.00 sys=0.00, real=0.00 secs] 
5.855: [GC (Allocation Failure) 5.855: [DefNew: 896K->0K(960K), 0.0007789 secs] 237154K->236258K(524224K), 0.0008306 secs] [Times: user=0.00 sys=0.00, real=0.00 secs] 
5.856: [GC (Allocation Failure) 5.856: [DefNew: 896K->0K(960K), 0.0007410 secs] 237155K->236259K(524224K), 0.0007891 secs] [Times: user=0.00 sys=0.00, real=0.00 secs] 
5.858: [GC (Allocation Failure) 5.858: [DefNew: 896K->0K(960K), 0.0010631 secs] 237155K->236259K(524224K), 0.0011543 secs] [Times: user=0.00 sys=0.00, real=0.00 secs] 
5.860: [GC (Allocation Failure) 5.860: [DefNew: 896K->0K(960K), 0.0008558 secs] 237155K->236259K(524224K), 0.0009225 secs] [Times: user=0.00 sys=0.00, real=0.00 secs] 
5.861: [GC (Allocation Failure) 5.861: [DefNew: 896K->0K(960K), 0.0008574 secs] 237156K->236260K(524224K), 0.0009222 secs] [Times: user=0.00 sys=0.00, real=0.00 secs] 
5.863: [GC (Allocation Failure) 5.863: [DefNew: 896K->0K(960K), 0.0008077 secs] 237156K->236260K(524224K), 0.0008740 secs] [Times: user=0.00 sys=0.00, real=0.00 secs] 
5.864: [GC (Allocation Failure) 5.864: [DefNew: 896K->0K(960K), 0.0010879 secs] 237156K->236260K(524224K), 0.0011708 secs] [Times: user=0.00 sys=0.00, real=0.00 secs] 
5.866: [GC (Allocation Failure) 5.866: [DefNew: 896K->0K(960K), 0.0008854 secs] 237156K->236260K(524224K), 0.0009447 secs] [Times: user=0.00 sys=0.00, real=0.00 secs] 
5.867: [GC (Allocation Failure) 5.867: [DefNew: 896K->0K(960K), 0.0008748 secs] 237157K->236261K(524224K), 0.0009340 secs] [Times: user=0.00 sys=0.00, real=0.00 secs] 
5.869: [GC (Allocation Failure) 5.869: [DefNew: 896K->0K(960K), 0.0008945 secs] 237157K->236261K(524224K), 0.0009502 secs] [Times: user=0.00 sys=0.00, real=0.00 secs] 
5.871: [GC (Allocation Failure) 5.871: [DefNew: 896K->0K(960K), 0.0008298 secs] 237157K->236261K(524224K), 0.0008997 secs] [Times: user=0.00 sys=0.00, real=0.00 secs] 
5.872: [GC (Allocation Failure) 5.872: [DefNew: 896K->0K(960K), 0.0010556 secs] 237157K->236261K(524224K), 0.0011176 secs] [Times: user=0.00 sys=0.00, real=0.00 secs] 
5.874: [GC (Allocation Failure) 5.874: [DefNew: 896K->0K(960K), 0.0009506 secs] 237158K->236262K(524224K), 0.0010169 secs] [Times: user=0.02 sys=0.00, real=0.00 secs] 
5.875: [GC (Allocation Failure) 5.875: [DefNew: 896K->0K(960K), 0.0011176 secs] 237158K->236262K(524224K), 0.0011886 secs] [Times: user=0.00 sys=0.00, real=0.00 secs] 
5.877: [GC (Allocation Failure) 5.877: [DefNew: 896K->0K(960K), 0.0013343 secs] 237158K->236262K(524224K), 0.0014172 secs] [Times: user=0.00 sys=0.00, real=0.00 secs] 
5.881: [GC (Allocation Failure) 5.881: [DefNew: 896K->0K(960K), 0.0013244 secs] 237158K->236262K(524224K), 0.0014570 secs] [Times: user=0.00 sys=0.00, real=0.00 secs] 
5.883: [GC (Allocation Failure) 5.883: [DefNew: 896K->0K(960K), 0.0012020 secs] 237159K->236263K(524224K), 0.0012877 secs] [Times: user=0.00 sys=0.00, real=0.00 secs] 
5.885: [GC (Allocation Failure) 5.885: [DefNew: 896K->0K(960K), 0.0010212 secs] 237159K->236263K(524224K), 0.0010793 secs] [Times: user=0.00 sys=0.00, real=0.00 secs] 
5.886: [GC (Allocation Failure) 5.887: [DefNew: 896K->0K(960K), 0.0008649 secs] 237159K->236263K(524224K), 0.0009423 secs] [Times: user=0.00 sys=0.00, real=0.00 secs] 
5.888: [GC (Allocation Failure) 5.888: [DefNew: 896K->0K(960K), 0.0007556 secs] 237160K->236264K(524224K), 0.0008061 secs] [Times: user=0.00 sys=0.00, real=0.00 secs] 
5.889: [GC (Allocation Failure) 5.889: [DefNew: 896K->0K(960K), 0.0007982 secs] 237160K->236264K(524224K), 0.0008578 secs] [Times: user=0.00 sys=0.00, real=0.00 secs] 
5.891: [GC (Allocation Failure) 5.891: [DefNew: 896K->0K(960K), 0.0013919 secs] 237160K->236264K(524224K), 0.0015032 secs] [Times: user=0.00 sys=0.00, real=0.00 secs] 
5.893: [GC (Allocation Failure) 5.893: [DefNew: 896K->0K(960K), 0.0013066 secs] 237160K->236264K(524224K), 0.0014093 secs] [Times: user=0.00 sys=0.00, real=0.00 secs] 
5.896: [GC (Allocation Failure) 5.896: [DefNew: 896K->0K(960K), 0.0011357 secs] 237161K->236265K(524224K), 0.0012170 secs] [Times: user=0.00 sys=0.00, real=0.00 secs] 
5.898: [GC (Allocation Failure) 5.898: [DefNew: 896K->0K(960K), 0.0010836 secs] 237161K->236265K(524224K), 0.0011511 secs] [Times: user=0.00 sys=0.00, real=0.00 secs] 
5.899: [GC (Allocation Failure) 5.899: [DefNew: 896K->0K(960K), 0.0008669 secs] 237161K->236265K(524224K), 0.0009454 secs] [Times: user=0.00 sys=0.00, real=0.00 secs] 
5.901: [GC (Allocation Failure) 5.901: [DefNew: 896K->0K(960K), 0.0011756 secs] 237161K->236265K(524224K), 0.0012553 secs] [Times: user=0.00 sys=0.00, real=0.00 secs] 
5.903: [GC (Allocation Failure) 5.903: [DefNew: 896K->0K(960K), 0.0009218 secs] 237162K->236266K(524224K), 0.0009873 secs] [Times: user=0.00 sys=0.00, real=0.00 secs] 
5.905: [GC (Allocation Failure) 5.905: [DefNew: 896K->0K(960K), 0.0008993 secs] 237162K->236266K(524224K), 0.0009581 secs] [Times: user=0.02 sys=0.00, real=0.00 secs] 
5.906: [GC (Allocation Failure) 5.906: [DefNew: 896K->0K(960K), 0.0007931 secs] 237162K->236266K(524224K), 0.0008440 secs] [Times: user=0.00 sys=0.00, real=0.00 secs] 
5.907: [GC (Allocation Failure) 5.908: [DefNew: 896K->0K(960K), 0.0008799 secs] 237162K->236266K(524224K), 0.0009486 secs] [Times: user=0.00 sys=0.00, real=0.00 secs] 
5.909: [GC (Allocation Failure) 5.909: [DefNew: 896K->0K(960K), 0.0008681 secs] 237163K->236267K(524224K), 0.0009344 secs] [Times: user=0.00 sys=0.00, real=0.00 secs] 
5.911: [GC (Allocation Failure) 5.911: [DefNew: 896K->0K(960K), 0.0011057 secs] 237163K->236267K(524224K), 0.0011894 secs] [Times: user=0.00 sys=0.00, real=0.00 secs] 
5.912: [GC (Allocation Failure) 5.912: [DefNew: 896K->0K(960K), 0.0008349 secs] 237163K->236267K(524224K), 0.0008985 secs] [Times: user=0.00 sys=0.00, real=0.00 secs] 
5.914: [GC (Allocation Failure) 5.914: [DefNew: 896K->0K(960K), 0.0007962 secs] 237163K->236267K(524224K), 0.0008468 secs] [Times: user=0.00 sys=0.00, real=0.00 secs] 
5.915: [GC (Allocation Failure) 5.915: [DefNew: 896K->0K(960K), 0.0008018 secs] 237164K->236268K(524224K), 0.0008618 secs] [Times: user=0.00 sys=0.00, real=0.00 secs] 
5.916: [GC (Allocation Failure) 5.916: [DefNew: 896K->0K(960K), 0.0007398 secs] 237164K->236268K(524224K), 0.0007883 secs] [Times: user=0.00 sys=0.00, real=0.00 secs] 
5.918: [GC (Allocation Failure) 5.918: [DefNew: 896K->0K(960K), 0.0008353 secs] 237164K->236268K(524224K), 0.0008898 secs] [Times: user=0.00 sys=0.00, real=0.00 secs] 
5.919: [GC (Allocation Failure) 5.919: [DefNew: 896K->0K(960K), 0.0008325 secs] 237165K->236269K(524224K), 0.0008973 secs] [Times: user=0.00 sys=0.00, real=0.00 secs] 
5.920: [GC (Allocation Failure) 5.920: [DefNew: 896K->0K(960K), 0.0007339 secs] 237165K->236269K(524224K), 0.0007812 secs] [Times: user=0.00 sys=0.00, real=0.00 secs] 
5.922: [GC (Allocation Failure) 5.922: [DefNew: 896K->0K(960K), 0.0008333 secs] 237165K->236269K(524224K), 0.0008981 secs] [Times: user=0.00 sys=0.00, real=0.00 secs] 
5.924: [GC (Allocation Failure) 5.924: [DefNew: 896K->0K(960K), 0.0011105 secs] 237165K->236269K(524224K), 0.0012159 secs] [Times: user=0.00 sys=0.00, real=0.00 secs] 
5.926: [GC (Allocation Failure) 5.926: [DefNew: 896K->0K(960K), 0.0009147 secs] 237166K->236270K(524224K), 0.0009822 secs] [Times: user=0.00 sys=0.00, real=0.00 secs] 
5.927: [GC (Allocation Failure) 5.927: [DefNew: 896K->0K(960K), 0.0008491 secs] 237166K->236270K(524224K), 0.0009103 secs] [Times: user=0.00 sys=0.00, real=0.00 secs] 
5.928: [GC (Allocation Failure) 5.928: [DefNew: 896K->0K(960K), 0.0008562 secs] 237166K->236270K(524224K), 0.0009083 secs] [Times: user=0.00 sys=0.00, real=0.00 secs] 
5.930: [GC (Allocation Failure) 5.930: [DefNew: 896K->0K(960K), 0.0007856 secs] 237166K->236270K(524224K), 0.0008361 secs] [Times: user=0.00 sys=0.00, real=0.00 secs] 
5.931: [GC (Allocation Failure) 5.931: [DefNew: 896K->0K(960K), 0.0008065 secs] 237167K->236271K(524224K), 0.0008602 secs] [Times: user=0.00 sys=0.00, real=0.00 secs] 
5.933: [GC (Allocation Failure) 5.933: [DefNew: 896K->0K(960K), 0.0007607 secs] 237167K->236271K(524224K), 0.0008144 secs] [Times: user=0.00 sys=0.00, real=0.00 secs] 
5.934: [GC (Allocation Failure) 5.934: [DefNew: 896K->0K(960K), 0.0011073 secs] 237167K->236271K(524224K), 0.0011724 secs] [Times: user=0.00 sys=0.00, real=0.00 secs] 
5.936: [GC (Allocation Failure) 5.936: [DefNew: 896K->0K(960K), 0.0009194 secs] 237167K->236271K(524224K), 0.0009833 secs] [Times: user=0.02 sys=0.00, real=0.00 secs] 
5.938: [GC (Allocation Failure) 5.938: [DefNew: 896K->0K(960K), 0.0011231 secs] 237168K->236272K(524224K), 0.0012155 secs] [Times: user=0.00 sys=0.00, real=0.00 secs] 
5.940: [GC (Allocation Failure) 5.940: [DefNew: 896K->0K(960K), 0.0008045 secs] 237168K->236272K(524224K), 0.0008610 secs] [Times: user=0.00 sys=0.00, real=0.00 secs] 
5.942: [GC (Allocation Failure) 5.942: [DefNew: 896K->0K(960K), 0.0008779 secs] 237168K->236272K(524224K), 0.0009470 secs] [Times: user=0.00 sys=0.00, real=0.00 secs] 
5.943: [GC (Allocation Failure) 5.943: [DefNew: 896K->0K(960K), 0.0007828 secs] 237169K->236273K(524224K), 0.0008416 secs] [Times: user=0.00 sys=0.00, real=0.00 secs] 
5.944: [GC (Allocation Failure) 5.944: [DefNew: 896K->0K(960K), 0.0008096 secs] 237169K->236273K(524224K), 0.0008578 secs] [Times: user=0.00 sys=0.00, real=0.00 secs] 
5.946: [GC (Allocation Failure) 5.946: [DefNew: 896K->0K(960K), 0.0007840 secs] 237169K->236273K(524224K), 0.0008333 secs] [Times: user=0.00 sys=0.00, real=0.00 secs] 
5.947: [GC (Allocation Failure) 5.947: [DefNew: 896K->0K(960K), 0.0007481 secs] 237169K->236273K(524224K), 0.0007946 secs] [Times: user=0.00 sys=0.00, real=0.00 secs] 
5.948: [GC (Allocation Failure) 5.948: [DefNew: 896K->0K(960K), 0.0007745 secs] 237170K->236274K(524224K), 0.0008341 secs] [Times: user=0.00 sys=0.00, real=0.00 secs] 
5.950: [GC (Allocation Failure) 5.950: [DefNew: 896K->0K(960K), 0.0008239 secs] 237170K->236274K(524224K), 0.0008811 secs] [Times: user=0.00 sys=0.00, real=0.00 secs] 
5.951: [GC (Allocation Failure) 5.951: [DefNew: 896K->0K(960K), 0.0007666 secs] 237170K->236274K(524224K), 0.0008243 secs] [Times: user=0.00 sys=0.00, real=0.00 secs] 
5.952: [GC (Allocation Failure) 5.952: [DefNew: 896K->0K(960K), 0.0007864 secs] 237170K->236274K(524224K), 0.0008456 secs] [Times: user=0.00 sys=0.00, real=0.00 secs] 
5.954: [GC (Allocation Failure) 5.954: [DefNew: 896K->0K(960K), 0.0009060 secs] 237171K->236275K(524224K), 0.0009664 secs] [Times: user=0.00 sys=0.00, real=0.00 secs] 
5.956: [GC (Allocation Failure) 5.956: [DefNew: 896K->0K(960K), 0.0010307 secs] 237171K->236275K(524224K), 0.0011041 secs] [Times: user=0.00 sys=0.00, real=0.00 secs] 
5.957: [GC (Allocation Failure) 5.957: [DefNew: 896K->0K(960K), 0.0009411 secs] 237171K->236275K(524224K), 0.0010070 secs] [Times: user=0.00 sys=0.00, real=0.00 secs] 
5.959: [GC (Allocation Failure) 5.959: [DefNew: 896K->0K(960K), 0.0008203 secs] 237171K->236275K(524224K), 0.0008846 secs] [Times: user=0.00 sys=0.00, real=0.00 secs] 
5.960: [GC (Allocation Failure) 5.960: [DefNew: 896K->0K(960K), 0.0007670 secs] 237172K->236276K(524224K), 0.0008171 secs] [Times: user=0.00 sys=0.00, real=0.00 secs] 
5.962: [GC (Allocation Failure) 5.962: [DefNew: 896K->0K(960K), 0.0008254 secs] 237172K->236276K(524224K), 0.0008795 secs] [Times: user=0.00 sys=0.00, real=0.00 secs] 
5.963: [GC (Allocation Failure) 5.963: [DefNew: 896K->0K(960K), 0.0007954 secs] 237172K->236276K(524224K), 0.0008546 secs] [Times: user=0.00 sys=0.00, real=0.00 secs] 
5.964: [GC (Allocation Failure) 5.964: [DefNew: 896K->0K(960K), 0.0008089 secs] 237173K->236277K(524224K), 0.0008618 secs] [Times: user=0.00 sys=0.00, real=0.00 secs] 
5.966: [GC (Allocation Failure) 5.966: [DefNew: 896K->0K(960K), 0.0008894 secs] 237173K->236277K(524224K), 0.0009561 secs] [Times: user=0.00 sys=0.00, real=0.00 secs] 
5.967: [GC (Allocation Failure) 5.967: [DefNew: 896K->0K(960K), 0.0007852 secs] 237173K->236277K(524224K), 0.0008436 secs] [Times: user=0.00 sys=0.00, real=0.00 secs] 
5.968: [GC (Allocation Failure) 5.969: [DefNew: 896K->0K(960K), 0.0010208 secs] 237173K->236277K(524224K), 0.0010801 secs] [Times: user=0.00 sys=0.00, real=0.00 secs] 
5.970: [GC (Allocation Failure) 5.970: [DefNew: 896K->0K(960K), 0.0007761 secs] 237174K->236278K(524224K), 0.0008306 secs] [Times: user=0.00 sys=0.00, real=0.00 secs] 
5.972: [GC (Allocation Failure) 5.972: [DefNew: 896K->0K(960K), 0.0008464 secs] 237174K->236278K(524224K), 0.0009265 secs] [Times: user=0.00 sys=0.00, real=0.00 secs] 
5.973: [GC (Allocation Failure) 5.973: [DefNew: 896K->0K(960K), 0.0007540 secs] 237174K->236278K(524224K), 0.0008010 secs] [Times: user=0.00 sys=0.00, real=0.00 secs] 
5.974: [GC (Allocation Failure) 5.974: [DefNew: 896K->0K(960K), 0.0009332 secs] 237174K->236278K(524224K), 0.0010114 secs] [Times: user=0.00 sys=0.00, real=0.00 secs] 
5.976: [GC (Allocation Failure) 5.976: [DefNew: 896K->0K(960K), 0.0008953 secs] 237175K->236279K(524224K), 0.0009648 secs] [Times: user=0.00 sys=0.00, real=0.00 secs] 
5.978: [GC (Allocation Failure) 5.978: [DefNew: 896K->0K(960K), 0.0008448 secs] 237175K->236279K(524224K), 0.0008953 secs] [Times: user=0.00 sys=0.00, real=0.00 secs] 
5.979: [GC (Allocation Failure) 5.979: [DefNew: 896K->0K(960K), 0.0008523 secs] 237175K->236279K(524224K), 0.0009095 secs] [Times: user=0.00 sys=0.00, real=0.00 secs] 
5.981: [GC (Allocation Failure) 5.981: [DefNew: 896K->0K(960K), 0.0008475 secs] 237175K->236279K(524224K), 0.0009008 secs] [Times: user=0.00 sys=0.00, real=0.00 secs] 
5.982: [GC (Allocation Failure) 5.982: [DefNew: 896K->0K(960K), 0.0010812 secs] 237176K->236280K(524224K), 0.0011483 secs] [Times: user=0.01 sys=0.00, real=0.00 secs] 
5.985: [GC (Allocation Failure) 5.985: [DefNew: 896K->0K(960K), 0.0011756 secs] 237176K->236280K(524224K), 0.0012707 secs] [Times: user=0.00 sys=0.00, real=0.00 secs] 
5.987: [GC (Allocation Failure) 5.987: [DefNew: 896K->0K(960K), 0.0008432 secs] 237176K->236280K(524224K), 0.0009064 secs] [Times: user=0.00 sys=0.00, real=0.00 secs] 
5.988: [GC (Allocation Failure) 5.988: [DefNew: 896K->0K(960K), 0.0008483 secs] 237177K->236281K(524224K), 0.0009095 secs] [Times: user=0.00 sys=0.00, real=0.00 secs] 
5.990: [GC (Allocation Failure) 5.990: [DefNew: 896K->0K(960K), 0.0010062 secs] 237177K->236281K(524224K), 0.0010895 secs] [Times: user=0.00 sys=0.00, real=0.00 secs] 
5.991: [GC (Allocation Failure) 5.991: [DefNew: 896K->0K(960K), 0.0008357 secs] 237177K->236281K(524224K), 0.0008977 secs] [Times: user=0.00 sys=0.00, real=0.00 secs] 
5.993: [GC (Allocation Failure) 5.993: [DefNew: 896K->0K(960K), 0.0007962 secs] 237177K->236281K(524224K), 0.0008527 secs] [Times: user=0.00 sys=0.00, real=0.00 secs] 
5.994: [GC (Allocation Failure) 5.994: [DefNew: 896K->0K(960K), 0.0008187 secs] 237178K->236282K(524224K), 0.0008732 secs] [Times: user=0.00 sys=0.00, real=0.00 secs] 
5.995: [GC (Allocation Failure) 5.995: [DefNew: 896K->0K(960K), 0.0007548 secs] 237178K->236282K(524224K), 0.0008171 secs] [Times: user=0.00 sys=0.00, real=0.00 secs] 
5.997: [GC (Allocation Failure) 5.997: [DefNew: 896K->0K(960K), 0.0007370 secs] 237178K->236282K(524224K), 0.0007931 secs] [Times: user=0.00 sys=0.00, real=0.00 secs] 
5.999: [GC (Allocation Failure) 5.999: [DefNew: 896K->0K(960K), 0.0008550 secs] 237178K->236282K(524224K), 0.0009210 secs] [Times: user=0.02 sys=0.00, real=0.00 secs] 
6.000: [GC (Allocation Failure) 6.000: [DefNew: 896K->0K(960K), 0.0008499 secs] 237179K->236283K(524224K), 0.0009103 secs] [Times: user=0.00 sys=0.00, real=0.00 secs] 
6.002: [GC (Allocation Failure) 6.002: [DefNew: 896K->0K(960K), 0.0008274 secs] 237179K->236283K(524224K), 0.0008854 secs] [Times: user=0.00 sys=0.00, real=0.00 secs] 
6.003: [GC (Allocation Failure) 6.003: [DefNew: 896K->0K(960K), 0.0009810 secs] 237179K->236283K(524224K), 0.0010572 secs] [Times: user=0.00 sys=0.00, real=0.00 secs] 
6.005: [GC (Allocation Failure) 6.005: [DefNew: 896K->0K(960K), 0.0009569 secs] 237179K->236283K(524224K), 0.0010232 secs] [Times: user=0.00 sys=0.00, real=0.00 secs] 
6.006: [GC (Allocation Failure) 6.007: [DefNew: 896K->0K(960K), 0.0009604 secs] 237180K->236284K(524224K), 0.0010406 secs] [Times: user=0.00 sys=0.00, real=0.00 secs] 
6.008: [GC (Allocation Failure) 6.008: [DefNew: 896K->0K(960K), 0.0008195 secs] 237180K->236284K(524224K), 0.0008732 secs] [Times: user=0.00 sys=0.00, real=0.00 secs] 
6.009: [GC (Allocation Failure) 6.009: [DefNew: 896K->0K(960K), 0.0008171 secs] 237180K->236284K(524224K), 0.0008685 secs] [Times: user=0.00 sys=0.00, real=0.00 secs] 
6.011: [GC (Allocation Failure) 6.011: [DefNew: 896K->0K(960K), 0.0008187 secs] 237180K->236284K(524224K), 0.0008708 secs] [Times: user=0.00 sys=0.00, real=0.00 secs] 
6.012: [GC (Allocation Failure) 6.012: [DefNew: 896K->0K(960K), 0.0008010 secs] 237181K->236285K(524224K), 0.0008535 secs] [Times: user=0.00 sys=0.00, real=0.00 secs] 
6.014: [GC (Allocation Failure) 6.014: [DefNew: 896K->0K(960K), 0.0008783 secs] 237181K->236285K(524224K), 0.0009364 secs] [Times: user=0.01 sys=0.00, real=0.00 secs] 
6.015: [GC (Allocation Failure) 6.015: [DefNew: 896K->0K(960K), 0.0013394 secs] 237181K->236285K(524224K), 0.0014543 secs] [Times: user=0.00 sys=0.00, real=0.00 secs] 
6.017: [GC (Allocation Failure) 6.017: [DefNew: 896K->0K(960K), 0.0008696 secs] 237182K->236286K(524224K), 0.0009320 secs] [Times: user=0.00 sys=0.00, real=0.00 secs] 
6.019: [GC (Allocation Failure) 6.019: [DefNew: 896K->0K(960K), 0.0008081 secs] 237182K->236286K(524224K), 0.0008685 secs] [Times: user=0.00 sys=0.00, real=0.00 secs] 
6.020: [GC (Allocation Failure) 6.020: [DefNew: 896K->0K(960K), 0.0007682 secs] 237182K->236286K(524224K), 0.0008302 secs] [Times: user=0.00 sys=0.00, real=0.00 secs] 
6.022: [GC (Allocation Failure) 6.022: [DefNew: 896K->0K(960K), 0.0008223 secs] 237182K->236286K(524224K), 0.0008760 secs] [Times: user=0.00 sys=0.00, real=0.00 secs] 
6.023: [GC (Allocation Failure) 6.023: [DefNew: 896K->0K(960K), 0.0007812 secs] 237183K->236287K(524224K), 0.0008420 secs] [Times: user=0.00 sys=0.00, real=0.00 secs] 
6.024: [GC (Allocation Failure) 6.024: [DefNew: 896K->0K(960K), 0.0007461 secs] 237183K->236287K(524224K), 0.0007935 secs] [Times: user=0.00 sys=0.00, real=0.00 secs] 
6.026: [GC (Allocation Failure) 6.026: [DefNew: 896K->0K(960K), 0.0007935 secs] 237183K->236287K(524224K), 0.0008444 secs] [Times: user=0.00 sys=0.00, real=0.00 secs] 
6.027: [GC (Allocation Failure) 6.027: [DefNew: 896K->0K(960K), 0.0007106 secs] 237183K->236287K(524224K), 0.0007556 secs] [Times: user=0.00 sys=0.00, real=0.00 secs] 
6.028: [GC (Allocation Failure) 6.028: [DefNew: 896K->0K(960K), 0.0007027 secs] 237184K->236288K(524224K), 0.0007556 secs] [Times: user=0.00 sys=0.00, real=0.00 secs] 
6.029: [GC (Allocation Failure) 6.029: [DefNew: 896K->0K(960K), 0.0007552 secs] 237184K->236288K(524224K), 0.0008179 secs] [Times: user=0.02 sys=0.00, real=0.00 secs] 
6.031: [GC (Allocation Failure) 6.031: [DefNew: 896K->0K(960K), 0.0012565 secs] 237184K->236288K(524224K), 0.0013489 secs] [Times: user=0.00 sys=0.00, real=0.00 secs] 
6.033: [GC (Allocation Failure) 6.033: [DefNew: 896K->0K(960K), 0.0008049 secs] 237184K->236288K(524224K), 0.0008641 secs] [Times: user=0.00 sys=0.00, real=0.00 secs] 
6.034: [GC (Allocation Failure) 6.034: [DefNew: 896K->0K(960K), 0.0008298 secs] 237185K->236289K(524224K), 0.0008819 secs] [Times: user=0.00 sys=0.00, real=0.00 secs] 
6.035: [GC (Allocation Failure) 6.035: [DefNew: 896K->0K(960K), 0.0007366 secs] 237185K->236289K(524224K), 0.0007844 secs] [Times: user=0.00 sys=0.00, real=0.00 secs] 
6.037: [GC (Allocation Failure) 6.037: [DefNew: 896K->0K(960K), 0.0007781 secs] 237185K->236289K(524224K), 0.0008270 secs] [Times: user=0.00 sys=0.00, real=0.00 secs] 
6.038: [GC (Allocation Failure) 6.038: [DefNew: 896K->0K(960K), 0.0009379 secs] 237186K->236290K(524224K), 0.0009991 secs] [Times: user=0.00 sys=0.00, real=0.00 secs] 
6.039: [GC (Allocation Failure) 6.039: [DefNew: 896K->0K(960K), 0.0007800 secs] 237186K->236290K(524224K), 0.0008369 secs] [Times: user=0.00 sys=0.00, real=0.00 secs] 
6.041: [GC (Allocation Failure) 6.041: [DefNew: 896K->0K(960K), 0.0008310 secs] 237186K->236290K(524224K), 0.0008878 secs] [Times: user=0.00 sys=0.00, real=0.00 secs] 
6.042: [GC (Allocation Failure) 6.042: [DefNew: 896K->0K(960K), 0.0007950 secs] 237186K->236290K(524224K), 0.0008681 secs] [Times: user=0.00 sys=0.00, real=0.00 secs] 
6.044: [GC (Allocation Failure) 6.044: [DefNew: 896K->0K(960K), 0.0007433 secs] 237187K->236291K(524224K), 0.0007915 secs] [Times: user=0.00 sys=0.00, real=0.00 secs] 
6.045: [GC (Allocation Failure) 6.045: [DefNew: 896K->0K(960K), 0.0009814 secs] 237187K->236291K(524224K), 0.0010587 secs] [Times: user=0.02 sys=0.00, real=0.00 secs] 
6.048: [GC (Allocation Failure) 6.048: [DefNew: 896K->0K(960K), 0.0013355 secs] 237187K->236291K(524224K), 0.0014503 secs] [Times: user=0.00 sys=0.00, real=0.00 secs] 
6.050: [GC (Allocation Failure) 6.050: [DefNew: 896K->0K(960K), 0.0012707 secs] 237187K->236291K(524224K), 0.0013789 secs] [Times: user=0.00 sys=0.00, real=0.00 secs] 
6.052: [GC (Allocation Failure) 6.052: [DefNew: 896K->0K(960K), 0.0009004 secs] 237188K->236292K(524224K), 0.0009758 secs] [Times: user=0.00 sys=0.00, real=0.00 secs] 
6.054: [GC (Allocation Failure) 6.054: [DefNew: 896K->0K(960K), 0.0010386 secs] 237188K->236292K(524224K), 0.0011026 secs] [Times: user=0.00 sys=0.00, real=0.00 secs] 
6.056: [GC (Allocation Failure) 6.056: [DefNew: 896K->0K(960K), 0.0009008 secs] 237188K->236292K(524224K), 0.0009628 secs] [Times: user=0.00 sys=0.00, real=0.00 secs] 
6.057: [GC (Allocation Failure) 6.057: [DefNew: 896K->0K(960K), 0.0009016 secs] 237188K->236292K(524224K), 0.0009636 secs] [Times: user=0.00 sys=0.00, real=0.00 secs] 
6.059: [GC (Allocation Failure) 6.059: [DefNew: 896K->0K(960K), 0.0007524 secs] 237189K->236293K(524224K), 0.0008021 secs] [Times: user=0.00 sys=0.00, real=0.00 secs] 
6.060: [GC (Allocation Failure) 6.060: [DefNew: 896K->0K(960K), 0.0007425 secs] 237189K->236293K(524224K), 0.0007919 secs] [Times: user=0.00 sys=0.00, real=0.00 secs] 
6.061: [GC (Allocation Failure) 6.061: [DefNew: 896K->0K(960K), 0.0008061 secs] 237189K->236293K(524224K), 0.0009174 secs] [Times: user=0.00 sys=0.00, real=0.00 secs] 
6.063: [GC (Allocation Failure) 6.063: [DefNew: 896K->0K(960K), 0.0010627 secs] 237190K->236294K(524224K), 0.0011487 secs] [Times: user=0.00 sys=0.00, real=0.00 secs] 
6.064: [GC (Allocation Failure) 6.064: [DefNew: 896K->0K(960K), 0.0008073 secs] 237190K->236294K(524224K), 0.0008653 secs] [Times: user=0.00 sys=0.00, real=0.00 secs] 
6.066: [GC (Allocation Failure) 6.066: [DefNew: 896K->0K(960K), 0.0008168 secs] 237190K->236294K(524224K), 0.0008685 secs] [Times: user=0.00 sys=0.00, real=0.00 secs] 
6.067: [GC (Allocation Failure) 6.067: [DefNew: 896K->0K(960K), 0.0007386 secs] 237190K->236294K(524224K), 0.0007860 secs] [Times: user=0.00 sys=0.00, real=0.00 secs] 
6.068: [GC (Allocation Failure) 6.068: [DefNew: 896K->0K(960K), 0.0007611 secs] 237191K->236295K(524224K), 0.0008132 secs] [Times: user=0.00 sys=0.00, real=0.00 secs] 
6.070: [GC (Allocation Failure) 6.070: [DefNew: 896K->0K(960K), 0.0008412 secs] 237191K->236295K(524224K), 0.0009032 secs] [Times: user=0.00 sys=0.00, real=0.00 secs] 
6.071: [GC (Allocation Failure) 6.071: [DefNew: 896K->0K(960K), 0.0007860 secs] 237191K->236295K(524224K), 0.0008483 secs] [Times: user=0.00 sys=0.00, real=0.00 secs] 
6.072: [GC (Allocation Failure) 6.072: [DefNew: 896K->0K(960K), 0.0007954 secs] 237191K->236295K(524224K), 0.0008460 secs] [Times: user=0.00 sys=0.00, real=0.00 secs] 
6.074: [GC (Allocation Failure) 6.074: [DefNew: 896K->0K(960K), 0.0007796 secs] 237192K->236296K(524224K), 0.0008290 secs] [Times: user=0.00 sys=0.00, real=0.00 secs] 
6.075: [GC (Allocation Failure) 6.075: [DefNew: 896K->0K(960K), 0.0007149 secs] 237192K->236296K(524224K), 0.0007595 secs] [Times: user=0.00 sys=0.00, real=0.00 secs] 
6.076: [GC (Allocation Failure) 6.076: [DefNew: 896K->0K(960K), 0.0007477 secs] 237192K->236296K(524224K), 0.0008033 secs] [Times: user=0.00 sys=0.02, real=0.00 secs] 
6.078: [GC (Allocation Failure) 6.078: [DefNew: 896K->0K(960K), 0.0009016 secs] 237192K->236296K(524224K), 0.0009632 secs] [Times: user=0.00 sys=0.00, real=0.00 secs] 
6.079: [GC (Allocation Failure) 6.079: [DefNew: 896K->0K(960K), 0.0010797 secs] 237193K->236297K(524224K), 0.0011748 secs] [Times: user=0.00 sys=0.00, real=0.00 secs] 
6.081: [GC (Allocation Failure) 6.081: [DefNew: 896K->0K(960K), 0.0009383 secs] 237193K->236297K(524224K), 0.0010023 secs] [Times: user=0.00 sys=0.00, real=0.00 secs] 
6.082: [GC (Allocation Failure) 6.082: [DefNew: 896K->0K(960K), 0.0008618 secs] 237193K->236297K(524224K), 0.0009182 secs] [Times: user=0.00 sys=0.00, real=0.00 secs] 
6.084: [GC (Allocation Failure) 6.084: [DefNew: 896K->0K(960K), 0.0007958 secs] 237194K->236298K(524224K), 0.0008428 secs] [Times: user=0.00 sys=0.00, real=0.00 secs] 
6.085: [GC (Allocation Failure) 6.085: [DefNew: 896K->0K(960K), 0.0008018 secs] 237194K->236298K(524224K), 0.0008641 secs] [Times: user=0.00 sys=0.00, real=0.00 secs] 
6.087: [GC (Allocation Failure) 6.087: [DefNew: 896K->0K(960K), 0.0009099 secs] 237194K->236298K(524224K), 0.0009865 secs] [Times: user=0.00 sys=0.00, real=0.00 secs] 
6.088: [GC (Allocation Failure) 6.088: [DefNew: 896K->0K(960K), 0.0008006 secs] 237194K->236298K(524224K), 0.0008614 secs] [Times: user=0.00 sys=0.00, real=0.00 secs] 
6.090: [GC (Allocation Failure) 6.090: [DefNew: 896K->0K(960K), 0.0008231 secs] 237195K->236299K(524224K), 0.0008728 secs] [Times: user=0.00 sys=0.00, real=0.00 secs] 
6.091: [GC (Allocation Failure) 6.091: [DefNew: 896K->0K(960K), 0.0008314 secs] 237195K->236299K(524224K), 0.0008835 secs] [Times: user=0.00 sys=0.00, real=0.00 secs] 
6.092: [GC (Allocation Failure) 6.092: [DefNew: 896K->0K(960K), 0.0007039 secs] 237195K->236299K(524224K), 0.0007512 secs] [Times: user=0.00 sys=0.00, real=0.00 secs] 
6.094: [GC (Allocation Failure) 6.094: [DefNew: 896K->0K(960K), 0.0007753 secs] 237195K->236299K(524224K), 0.0008243 secs] [Times: user=0.00 sys=0.00, real=0.00 secs] 
6.095: [GC (Allocation Failure) 6.095: [DefNew: 896K->0K(960K), 0.0008574 secs] 237196K->236300K(524224K), 0.0009139 secs] [Times: user=0.00 sys=0.00, real=0.00 secs] 
6.096: [GC (Allocation Failure) 6.096: [DefNew: 896K->0K(960K), 0.0007173 secs] 237196K->236300K(524224K), 0.0007749 secs] [Times: user=0.00 sys=0.00, real=0.00 secs] 
6.098: [GC (Allocation Failure) 6.098: [DefNew: 896K->0K(960K), 0.0009269 secs] 237196K->236300K(524224K), 0.0009952 secs] [Times: user=0.00 sys=0.00, real=0.00 secs] 
6.100: [GC (Allocation Failure) 6.100: [DefNew: 896K->0K(960K), 0.0008685 secs] 237196K->236300K(524224K), 0.0009652 secs] [Times: user=0.00 sys=0.00, real=0.00 secs] 
6.102: [GC (Allocation Failure) 6.102: [DefNew: 896K->0K(960K), 0.0008373 secs] 237197K->236301K(524224K), 0.0008906 secs] [Times: user=0.00 sys=0.00, real=0.00 secs] 
6.103: [GC (Allocation Failure) 6.103: [DefNew: 896K->0K(960K), 0.0008286 secs] 237197K->236301K(524224K), 0.0008811 secs] [Times: user=0.00 sys=0.00, real=0.00 secs] 
6.104: [GC (Allocation Failure) 6.104: [DefNew: 896K->0K(960K), 0.0007548 secs] 237197K->236301K(524224K), 0.0008081 secs] [Times: user=0.00 sys=0.00, real=0.00 secs] 
6.106: [GC (Allocation Failure) 6.106: [DefNew: 896K->0K(960K), 0.0007860 secs] 237197K->236301K(524224K), 0.0008349 secs] [Times: user=0.00 sys=0.00, real=0.00 secs] 
6.107: [GC (Allocation Failure) 6.107: [DefNew: 896K->0K(960K), 0.0008231 secs] 237198K->236302K(524224K), 0.0008799 secs] [Times: user=0.00 sys=0.00, real=0.00 secs] 
6.108: [GC (Allocation Failure) 6.109: [DefNew: 896K->0K(960K), 0.0007765 secs] 237198K->236302K(524224K), 0.0008298 secs] [Times: user=0.00 sys=0.00, real=0.00 secs] 
6.110: [GC (Allocation Failure) 6.110: [DefNew: 896K->0K(960K), 0.0009312 secs] 237198K->236302K(524224K), 0.0009999 secs] [Times: user=0.00 sys=0.00, real=0.00 secs] 
6.112: [GC (Allocation Failure) 6.112: [DefNew: 896K->0K(960K), 0.0009340 secs] 237199K->236303K(524224K), 0.0010272 secs] [Times: user=0.00 sys=0.00, real=0.00 secs] 
6.114: [GC (Allocation Failure) 6.114: [DefNew: 896K->0K(960K), 0.0008748 secs] 237199K->236303K(524224K), 0.0009383 secs] [Times: user=0.00 sys=0.00, real=0.00 secs] 
6.115: [GC (Allocation Failure) 6.115: [DefNew: 896K->0K(960K), 0.0008207 secs] 237199K->236303K(524224K), 0.0008823 secs] [Times: user=0.00 sys=0.00, real=0.00 secs] 
6.117: [GC (Allocation Failure) 6.117: [DefNew: 896K->0K(960K), 0.0008191 secs] 237199K->236303K(524224K), 0.0008700 secs] [Times: user=0.00 sys=0.00, real=0.00 secs] 
6.118: [GC (Allocation Failure) 6.118: [DefNew: 896K->0K(960K), 0.0007650 secs] 237200K->236304K(524224K), 0.0008262 secs] [Times: user=0.00 sys=0.00, real=0.00 secs] 
6.119: [GC (Allocation Failure) 6.119: [DefNew: 896K->0K(960K), 0.0008104 secs] 237200K->236304K(524224K), 0.0008637 secs] [Times: user=0.00 sys=0.00, real=0.00 secs] 
6.121: [GC (Allocation Failure) 6.121: [DefNew: 896K->0K(960K), 0.0007311 secs] 237200K->236304K(524224K), 0.0007789 secs] [Times: user=0.00 sys=0.00, real=0.00 secs] 
6.122: [GC (Allocation Failure) 6.122: [DefNew: 896K->0K(960K), 0.0007579 secs] 237200K->236304K(524224K), 0.0008065 secs] [Times: user=0.00 sys=0.00, real=0.00 secs] 
6.123: [GC (Allocation Failure) 6.123: [DefNew: 896K->0K(960K), 0.0007729 secs] 237201K->236305K(524224K), 0.0008325 secs] [Times: user=0.01 sys=0.00, real=0.00 secs] 
6.125: [GC (Allocation Failure) 6.125: [DefNew: 896K->0K(960K), 0.0007571 secs] 237201K->236305K(524224K), 0.0008061 secs] [Times: user=0.00 sys=0.00, real=0.00 secs] 
6.126: [GC (Allocation Failure) 6.126: [DefNew: 896K->0K(960K), 0.0007536 secs] 237201K->236305K(524224K), 0.0008014 secs] [Times: user=0.00 sys=0.00, real=0.00 secs] 
6.127: [GC (Allocation Failure) 6.127: [DefNew: 896K->0K(960K), 0.0007508 secs] 237201K->236305K(524224K), 0.0007994 secs] [Times: user=0.00 sys=0.00, real=0.00 secs] 
6.129: [GC (Allocation Failure) 6.129: [DefNew: 896K->0K(960K), 0.0007575 secs] 237202K->236306K(524224K), 0.0008077 secs] [Times: user=0.00 sys=0.00, real=0.00 secs] 
6.130: [GC (Allocation Failure) 6.130: [DefNew: 896K->0K(960K), 0.0007808 secs] 237202K->236306K(524224K), 0.0008483 secs] [Times: user=0.00 sys=0.00, real=0.00 secs] 
6.132: [GC (Allocation Failure) 6.132: [DefNew: 896K->0K(960K), 0.0008306 secs] 237202K->236306K(524224K), 0.0008961 secs] [Times: user=0.00 sys=0.00, real=0.00 secs] 
6.133: [GC (Allocation Failure) 6.133: [DefNew: 896K->0K(960K), 0.0007832 secs] 237203K->236307K(524224K), 0.0008310 secs] [Times: user=0.00 sys=0.00, real=0.00 secs] 
6.134: [GC (Allocation Failure) 6.134: [DefNew: 896K->0K(960K), 0.0008053 secs] 237203K->236307K(524224K), 0.0008574 secs] [Times: user=0.00 sys=0.00, real=0.00 secs] 
6.136: [GC (Allocation Failure) 6.136: [DefNew: 896K->0K(960K), 0.0007931 secs] 237203K->236307K(524224K), 0.0008428 secs] [Times: user=0.00 sys=0.00, real=0.00 secs] 
6.137: [GC (Allocation Failure) 6.137: [DefNew: 896K->0K(960K), 0.0007398 secs] 237203K->236307K(524224K), 0.0007871 secs] [Times: user=0.00 sys=0.00, real=0.00 secs] 
6.138: [GC (Allocation Failure) 6.138: [DefNew: 896K->0K(960K), 0.0007745 secs] 237204K->236308K(524224K), 0.0008314 secs] [Times: user=0.02 sys=0.00, real=0.00 secs] 
6.140: [GC (Allocation Failure) 6.140: [DefNew: 896K->0K(960K), 0.0007627 secs] 237204K->236308K(524224K), 0.0008120 secs] [Times: user=0.00 sys=0.00, real=0.00 secs] 
6.141: [GC (Allocation Failure) 6.141: [DefNew: 896K->0K(960K), 0.0007607 secs] 237204K->236308K(524224K), 0.0008093 secs] [Times: user=0.00 sys=0.00, real=0.00 secs] 
6.142: [GC (Allocation Failure) 6.142: [DefNew: 896K->0K(960K), 0.0010299 secs] 237204K->236308K(524224K), 0.0011211 secs] [Times: user=0.00 sys=0.00, real=0.00 secs] 
6.144: [GC (Allocation Failure) 6.144: [DefNew: 896K->0K(960K), 0.0009328 secs] 237205K->236309K(524224K), 0.0010035 secs] [Times: user=0.00 sys=0.00, real=0.00 secs] 
6.146: [GC (Allocation Failure) 6.146: [DefNew: 896K->0K(960K), 0.0008096 secs] 237205K->236309K(524224K), 0.0008653 secs] [Times: user=0.00 sys=0.00, real=0.00 secs] 
6.147: [GC (Allocation Failure) 6.147: [DefNew: 896K->0K(960K), 0.0007765 secs] 237205K->236309K(524224K), 0.0008254 secs] [Times: user=0.00 sys=0.00, real=0.00 secs] 
6.149: [GC (Allocation Failure) 6.149: [DefNew: 896K->0K(960K), 0.0007962 secs] 237205K->236309K(524224K), 0.0008475 secs] [Times: user=0.00 sys=0.00, real=0.00 secs] 
6.150: [GC (Allocation Failure) 6.150: [DefNew: 896K->0K(960K), 0.0007915 secs] 237206K->236310K(524224K), 0.0008412 secs] [Times: user=0.00 sys=0.00, real=0.00 secs] 
6.151: [GC (Allocation Failure) 6.151: [DefNew: 896K->0K(960K), 0.0007323 secs] 237206K->236310K(524224K), 0.0007804 secs] [Times: user=0.00 sys=0.00, real=0.00 secs] 
6.153: [GC (Allocation Failure) 6.153: [DefNew: 896K->0K(960K), 0.0007717 secs] 237206K->236310K(524224K), 0.0008211 secs] [Times: user=0.00 sys=0.00, real=0.00 secs] 
6.154: [GC (Allocation Failure) 6.154: [DefNew: 896K->0K(960K), 0.0008239 secs] 237207K->236311K(524224K), 0.0008760 secs] [Times: user=0.00 sys=0.00, real=0.00 secs] 
6.155: [GC (Allocation Failure) 6.155: [DefNew: 896K->0K(960K), 0.0007283 secs] 237207K->236311K(524224K), 0.0007769 secs] [Times: user=0.00 sys=0.00, real=0.00 secs] 
6.157: [GC (Allocation Failure) 6.157: [DefNew: 896K->0K(960K), 0.0007627 secs] 237207K->236311K(524224K), 0.0008116 secs] [Times: user=0.00 sys=0.00, real=0.00 secs] 
6.158: [GC (Allocation Failure) 6.158: [DefNew: 896K->0K(960K), 0.0007694 secs] 237207K->236311K(524224K), 0.0008195 secs] [Times: user=0.00 sys=0.00, real=0.00 secs] 
6.159: [GC (Allocation Failure) 6.159: [DefNew: 896K->0K(960K), 0.0007899 secs] 237208K->236312K(524224K), 0.0008495 secs] [Times: user=0.00 sys=0.00, real=0.00 secs] 
6.161: [GC (Allocation Failure) 6.161: [DefNew: 896K->0K(960K), 0.0009995 secs] 237208K->236312K(524224K), 0.0010887 secs] [Times: user=0.00 sys=0.00, real=0.00 secs] 
6.162: [GC (Allocation Failure) 6.163: [DefNew: 896K->0K(960K), 0.0008187 secs] 237208K->236312K(524224K), 0.0008827 secs] [Times: user=0.00 sys=0.00, real=0.00 secs] 
6.164: [GC (Allocation Failure) 6.164: [DefNew: 896K->0K(960K), 0.0008152 secs] 237208K->236312K(524224K), 0.0008649 secs] [Times: user=0.00 sys=0.00, real=0.00 secs] 
6.165: [GC (Allocation Failure) 6.165: [DefNew: 896K->0K(960K), 0.0008033 secs] 237209K->236313K(524224K), 0.0008696 secs] [Times: user=0.00 sys=0.00, real=0.00 secs] 
6.167: [GC (Allocation Failure) 6.167: [DefNew: 896K->0K(960K), 0.0007710 secs] 237209K->236313K(524224K), 0.0008318 secs] [Times: user=0.00 sys=0.00, real=0.00 secs] 
6.168: [GC (Allocation Failure) 6.168: [DefNew: 896K->0K(960K), 0.0007856 secs] 237209K->236313K(524224K), 0.0008369 secs] [Times: user=0.00 sys=0.00, real=0.00 secs] 
6.169: [GC (Allocation Failure) 6.169: [DefNew: 896K->0K(960K), 0.0007741 secs] 237209K->236313K(524224K), 0.0008329 secs] [Times: user=0.00 sys=0.02, real=0.00 secs] 
6.171: [GC (Allocation Failure) 6.171: [DefNew: 896K->0K(960K), 0.0011105 secs] 237210K->236314K(524224K), 0.0011918 secs] [Times: user=0.00 sys=0.00, real=0.00 secs] 
6.173: [GC (Allocation Failure) 6.173: [DefNew: 896K->0K(960K), 0.0009790 secs] 237210K->236314K(524224K), 0.0010477 secs] [Times: user=0.00 sys=0.00, real=0.00 secs] 
6.174: [GC (Allocation Failure) 6.174: [DefNew: 896K->0K(960K), 0.0009995 secs] 237210K->236314K(524224K), 0.0010832 secs] [Times: user=0.00 sys=0.00, real=0.00 secs] 
6.176: [GC (Allocation Failure) 6.176: [DefNew: 896K->0K(960K), 0.0008495 secs] 237211K->236315K(524224K), 0.0009040 secs] [Times: user=0.00 sys=0.00, real=0.00 secs] 
6.177: [GC (Allocation Failure) 6.177: [DefNew: 896K->0K(960K), 0.0008207 secs] 237211K->236315K(524224K), 0.0008732 secs] [Times: user=0.00 sys=0.00, real=0.00 secs] 
6.179: [GC (Allocation Failure) 6.179: [DefNew: 896K->0K(960K), 0.0007796 secs] 237211K->236315K(524224K), 0.0008282 secs] [Times: user=0.00 sys=0.00, real=0.00 secs] 
6.180: [GC (Allocation Failure) 6.180: [DefNew: 896K->0K(960K), 0.0007737 secs] 237211K->236315K(524224K), 0.0008219 secs] [Times: user=0.00 sys=0.00, real=0.00 secs] 
6.181: [GC (Allocation Failure) 6.181: [DefNew: 896K->0K(960K), 0.0007753 secs] 237212K->236316K(524224K), 0.0008258 secs] [Times: user=0.00 sys=0.00, real=0.00 secs] 
6.183: [GC (Allocation Failure) 6.183: [DefNew: 896K->0K(960K), 0.0008239 secs] 237212K->236316K(524224K), 0.0008779 secs] [Times: user=0.00 sys=0.00, real=0.00 secs] 
6.184: [GC (Allocation Failure) 6.184: [DefNew: 896K->0K(960K), 0.0007761 secs] 237212K->236316K(524224K), 0.0008258 secs] [Times: user=0.00 sys=0.00, real=0.00 secs] 
6.185: [GC (Allocation Failure) 6.185: [DefNew: 896K->0K(960K), 0.0007678 secs] 237212K->236316K(524224K), 0.0008179 secs] [Times: user=0.00 sys=0.00, real=0.00 secs] 
6.187: [GC (Allocation Failure) 6.187: [DefNew: 896K->0K(960K), 0.0008006 secs] 237213K->236317K(524224K), 0.0008527 secs] [Times: user=0.00 sys=0.00, real=0.00 secs] 
6.188: [GC (Allocation Failure) 6.188: [DefNew: 896K->0K(960K), 0.0009008 secs] 237213K->236317K(524224K), 0.0009545 secs] [Times: user=0.00 sys=0.00, real=0.00 secs] 
6.189: [GC (Allocation Failure) 6.189: [DefNew: 896K->0K(960K), 0.0008886 secs] 237213K->236317K(524224K), 0.0009668 secs] [Times: user=0.00 sys=0.00, real=0.00 secs] 
6.191: [GC (Allocation Failure) 6.191: [DefNew: 896K->0K(960K), 0.0008929 secs] 237213K->236317K(524224K), 0.0009711 secs] [Times: user=0.00 sys=0.00, real=0.00 secs] 
6.193: [GC (Allocation Failure) 6.193: [DefNew: 896K->0K(960K), 0.0008531 secs] 237214K->236318K(524224K), 0.0009174 secs] [Times: user=0.00 sys=0.00, real=0.00 secs] 
6.194: [GC (Allocation Failure) 6.194: [DefNew: 896K->0K(960K), 0.0010390 secs] 237214K->236318K(524224K), 0.0011077 secs] [Times: user=0.00 sys=0.00, real=0.00 secs] 
6.196: [GC (Allocation Failure) 6.196: [DefNew: 896K->0K(960K), 0.0009150 secs] 237214K->236318K(524224K), 0.0009790 secs] [Times: user=0.00 sys=0.00, real=0.00 secs] 
6.198: [GC (Allocation Failure) 6.198: [DefNew: 896K->0K(960K), 0.0009257 secs] 237214K->236318K(524224K), 0.0009940 secs] [Times: user=0.00 sys=0.00, real=0.00 secs] 
6.199: [GC (Allocation Failure) 6.199: [DefNew: 896K->0K(960K), 0.0011172 secs] 237215K->236319K(524224K), 0.0012001 secs] [Times: user=0.00 sys=0.00, real=0.00 secs] 
6.201: [GC (Allocation Failure) 6.201: [DefNew: 896K->0K(960K), 0.0011112 secs] 237215K->236319K(524224K), 0.0011827 secs] [Times: user=0.02 sys=0.00, real=0.00 secs] 
6.204: [GC (Allocation Failure) 6.204: [DefNew: 896K->0K(960K), 0.0012837 secs] 237215K->236319K(524224K), 0.0013809 secs] [Times: user=0.00 sys=0.00, real=0.00 secs] 
6.206: [GC (Allocation Failure) 6.206: [DefNew: 896K->0K(960K), 0.0009525 secs] 237216K->236320K(524224K), 0.0010201 secs] [Times: user=0.00 sys=0.00, real=0.00 secs] 
6.207: [GC (Allocation Failure) 6.207: [DefNew: 896K->0K(960K), 0.0010773 secs] 237216K->236320K(524224K), 0.0011523 secs] [Times: user=0.00 sys=0.00, real=0.00 secs] 
6.209: [GC (Allocation Failure) 6.209: [DefNew: 896K->0K(960K), 0.0010793 secs] 237216K->236320K(524224K), 0.0011464 secs] [Times: user=0.00 sys=0.00, real=0.00 secs] 
6.211: [GC (Allocation Failure) 6.211: [DefNew: 896K->0K(960K), 0.0009383 secs] 237216K->236320K(524224K), 0.0010003 secs] [Times: user=0.00 sys=0.00, real=0.00 secs] 
6.212: [GC (Allocation Failure) 6.212: [DefNew: 896K->0K(960K), 0.0008298 secs] 237217K->236321K(524224K), 0.0008870 secs] [Times: user=0.00 sys=0.00, real=0.00 secs] 
6.214: [GC (Allocation Failure) 6.214: [DefNew: 896K->0K(960K), 0.0008633 secs] 237217K->236321K(524224K), 0.0009198 secs] [Times: user=0.00 sys=0.00, real=0.00 secs] 
6.215: [GC (Allocation Failure) 6.215: [DefNew: 896K->0K(960K), 0.0007591 secs] 237217K->236321K(524224K), 0.0008164 secs] [Times: user=0.00 sys=0.00, real=0.00 secs] 
6.217: [GC (Allocation Failure) 6.217: [DefNew: 896K->0K(960K), 0.0008152 secs] 237217K->236321K(524224K), 0.0008681 secs] [Times: user=0.02 sys=0.00, real=0.00 secs] 
6.218: [GC (Allocation Failure) 6.218: [DefNew: 896K->0K(960K), 0.0007860 secs] 237218K->236322K(524224K), 0.0008369 secs] [Times: user=0.00 sys=0.00, real=0.00 secs] 
6.219: [GC (Allocation Failure) 6.219: [DefNew: 896K->0K(960K), 0.0006908 secs] 237218K->236322K(524224K), 0.0007366 secs] [Times: user=0.00 sys=0.00, real=0.00 secs] 
6.221: [GC (Allocation Failure) 6.221: [DefNew: 896K->0K(960K), 0.0013840 secs] 237218K->236322K(524224K), 0.0014870 secs] [Times: user=0.00 sys=0.00, real=0.00 secs] 
6.223: [GC (Allocation Failure) 6.223: [DefNew: 896K->0K(960K), 0.0010011 secs] 237218K->236322K(524224K), 0.0010718 secs] [Times: user=0.00 sys=0.00, real=0.00 secs] 
6.224: [GC (Allocation Failure) 6.224: [DefNew: 896K->0K(960K), 0.0009861 secs] 237219K->236323K(524224K), 0.0010540 secs] [Times: user=0.00 sys=0.00, real=0.00 secs] 
6.226: [GC (Allocation Failure) 6.226: [DefNew: 896K->0K(960K), 0.0007410 secs] 237219K->236323K(524224K), 0.0007895 secs] [Times: user=0.00 sys=0.00, real=0.00 secs] 
6.227: [GC (Allocation Failure) 6.227: [DefNew: 896K->0K(960K), 0.0007335 secs] 237219K->236323K(524224K), 0.0007812 secs] [Times: user=0.00 sys=0.00, real=0.00 secs] 
6.228: [GC (Allocation Failure) 6.228: [DefNew: 896K->0K(960K), 0.0007366 secs] 237220K->236324K(524224K), 0.0007895 secs] [Times: user=0.00 sys=0.00, real=0.00 secs] 
6.230: [GC (Allocation Failure) 6.230: [DefNew: 896K->0K(960K), 0.0007145 secs] 237220K->236324K(524224K), 0.0007662 secs] [Times: user=0.00 sys=0.00, real=0.00 secs] 
6.231: [GC (Allocation Failure) 6.231: [DefNew: 896K->0K(960K), 0.0008148 secs] 237220K->236324K(524224K), 0.0008649 secs] [Times: user=0.00 sys=0.00, real=0.00 secs] 
6.232: [GC (Allocation Failure) 6.232: [DefNew: 896K->0K(960K), 0.0007911 secs] 237220K->236324K(524224K), 0.0008625 secs] [Times: user=0.00 sys=0.00, real=0.00 secs] 
6.234: [GC (Allocation Failure) 6.234: [DefNew: 896K->0K(960K), 0.0007331 secs] 237221K->236325K(524224K), 0.0007828 secs] [Times: user=0.00 sys=0.00, real=0.00 secs] 
6.235: [GC (Allocation Failure) 6.235: [DefNew: 896K->0K(960K), 0.0008499 secs] 237221K->236325K(524224K), 0.0009048 secs] [Times: user=0.00 sys=0.00, real=0.00 secs] 
6.237: [GC (Allocation Failure) 6.237: [DefNew: 896K->0K(960K), 0.0008823 secs] 237221K->236325K(524224K), 0.0009624 secs] [Times: user=0.00 sys=0.00, real=0.00 secs] 
6.238: [GC (Allocation Failure) 6.238: [DefNew: 896K->0K(960K), 0.0008156 secs] 237221K->236325K(524224K), 0.0008712 secs] [Times: user=0.00 sys=0.00, real=0.00 secs] 
6.239: [GC (Allocation Failure) 6.239: [DefNew: 896K->0K(960K), 0.0007919 secs] 237222K->236326K(524224K), 0.0008440 secs] [Times: user=0.00 sys=0.00, real=0.00 secs] 
6.241: [GC (Allocation Failure) 6.241: [DefNew: 896K->0K(960K), 0.0007986 secs] 237222K->236326K(524224K), 0.0008483 secs] [Times: user=0.00 sys=0.00, real=0.00 secs] 
6.242: [GC (Allocation Failure) 6.242: [DefNew: 896K->0K(960K), 0.0008128 secs] 237222K->236326K(524224K), 0.0008629 secs] [Times: user=0.00 sys=0.00, real=0.00 secs] 
6.243: [GC (Allocation Failure) 6.243: [DefNew: 896K->0K(960K), 0.0007895 secs] 237222K->236326K(524224K), 0.0008385 secs] [Times: user=0.00 sys=0.00, real=0.00 secs] 
6.245: [GC (Allocation Failure) 6.245: [DefNew: 896K->0K(960K), 0.0007749 secs] 237223K->236327K(524224K), 0.0008231 secs] [Times: user=0.00 sys=0.00, real=0.00 secs] 
6.246: [GC (Allocation Failure) 6.246: [DefNew: 896K->0K(960K), 0.0007544 secs] 237223K->236327K(524224K), 0.0008096 secs] [Times: user=0.00 sys=0.00, real=0.00 secs] 
6.247: [GC (Allocation Failure) 6.247: [DefNew: 896K->0K(960K), 0.0007717 secs] 237223K->236327K(524224K), 0.0008227 secs] [Times: user=0.02 sys=0.00, real=0.00 secs] 
6.249: [GC (Allocation Failure) 6.249: [DefNew: 896K->0K(960K), 0.0007473 secs] 237224K->236328K(524224K), 0.0007954 secs] [Times: user=0.00 sys=0.00, real=0.00 secs] 
6.250: [GC (Allocation Failure) 6.250: [DefNew: 896K->0K(960K), 0.0007556 secs] 237224K->236328K(524224K), 0.0008037 secs] [Times: user=0.00 sys=0.00, real=0.00 secs] 
6.251: [GC (Allocation Failure) 6.251: [DefNew: 896K->0K(960K), 0.0007267 secs] 237224K->236328K(524224K), 0.0007753 secs] [Times: user=0.00 sys=0.00, real=0.00 secs] 
6.253: [GC (Allocation Failure) 6.253: [DefNew: 896K->0K(960K), 0.0007082 secs] 237224K->236328K(524224K), 0.0007548 secs] [Times: user=0.00 sys=0.00, real=0.00 secs] 
6.254: [GC (Allocation Failure) 6.254: [DefNew: 896K->0K(960K), 0.0008057 secs] 237225K->236329K(524224K), 0.0008594 secs] [Times: user=0.00 sys=0.00, real=0.00 secs] 
6.256: [GC (Allocation Failure) 6.256: [DefNew: 896K->0K(960K), 0.0009672 secs] 237225K->236329K(524224K), 0.0010579 secs] [Times: user=0.00 sys=0.00, real=0.00 secs] 
6.257: [GC (Allocation Failure) 6.257: [DefNew: 896K->0K(960K), 0.0008479 secs] 237225K->236329K(524224K), 0.0008985 secs] [Times: user=0.00 sys=0.00, real=0.00 secs] 
6.259: [GC (Allocation Failure) 6.259: [DefNew: 896K->0K(960K), 0.0007567 secs] 237225K->236329K(524224K), 0.0008175 secs] [Times: user=0.00 sys=0.00, real=0.00 secs] 
6.260: [GC (Allocation Failure) 6.260: [DefNew: 896K->0K(960K), 0.0007796 secs] 237226K->236330K(524224K), 0.0008369 secs] [Times: user=0.00 sys=0.00, real=0.00 secs] 
6.261: [GC (Allocation Failure) 6.261: [DefNew: 896K->0K(960K), 0.0007706 secs] 237226K->236330K(524224K), 0.0008211 secs] [Times: user=0.00 sys=0.00, real=0.00 secs] 
6.263: [GC (Allocation Failure) 6.263: [DefNew: 896K->0K(960K), 0.0007939 secs] 237226K->236330K(524224K), 0.0008546 secs] [Times: user=0.00 sys=0.00, real=0.00 secs] 
6.264: [GC (Allocation Failure) 6.264: [DefNew: 896K->0K(960K), 0.0008969 secs] 237226K->236330K(524224K), 0.0009569 secs] [Times: user=0.02 sys=0.00, real=0.00 secs] 
6.265: [GC (Allocation Failure) 6.265: [DefNew: 896K->0K(960K), 0.0007781 secs] 237227K->236331K(524224K), 0.0008333 secs] [Times: user=0.00 sys=0.00, real=0.00 secs] 
6.267: [GC (Allocation Failure) 6.267: [DefNew: 896K->0K(960K), 0.0008941 secs] 237227K->236331K(524224K), 0.0009687 secs] [Times: user=0.00 sys=0.00, real=0.00 secs] 
6.269: [GC (Allocation Failure) 6.269: [DefNew: 896K->0K(960K), 0.0011736 secs] 237227K->236331K(524224K), 0.0012632 secs] [Times: user=0.00 sys=0.00, real=0.00 secs] 
6.270: [GC (Allocation Failure) 6.271: [DefNew: 896K->0K(960K), 0.0008270 secs] 237228K->236332K(524224K), 0.0008922 secs] [Times: user=0.00 sys=0.00, real=0.00 secs] 
6.272: [GC (Allocation Failure) 6.272: [DefNew: 896K->0K(960K), 0.0007777 secs] 237228K->236332K(524224K), 0.0008262 secs] [Times: user=0.00 sys=0.00, real=0.00 secs] 
6.273: [GC (Allocation Failure) 6.273: [DefNew: 896K->0K(960K), 0.0008365 secs] 237228K->236332K(524224K), 0.0008862 secs] [Times: user=0.00 sys=0.00, real=0.00 secs] 
6.275: [GC (Allocation Failure) 6.275: [DefNew: 896K->0K(960K), 0.0008124 secs] 237228K->236332K(524224K), 0.0008669 secs] [Times: user=0.00 sys=0.00, real=0.00 secs] 
6.276: [GC (Allocation Failure) 6.276: [DefNew: 896K->0K(960K), 0.0007386 secs] 237229K->236333K(524224K), 0.0007856 secs] [Times: user=0.00 sys=0.00, real=0.00 secs] 
6.277: [GC (Allocation Failure) 6.277: [DefNew: 896K->0K(960K), 0.0007749 secs] 237229K->236333K(524224K), 0.0008333 secs] [Times: user=0.00 sys=0.00, real=0.00 secs] 
6.279: [GC (Allocation Failure) 6.279: [DefNew: 896K->0K(960K), 0.0007800 secs] 237229K->236333K(524224K), 0.0008298 secs] [Times: user=0.00 sys=0.00, real=0.00 secs] 
6.280: [GC (Allocation Failure) 6.280: [DefNew: 896K->0K(960K), 0.0007706 secs] 237229K->236333K(524224K), 0.0008254 secs] [Times: user=0.01 sys=0.00, real=0.00 secs] 
6.281: [GC (Allocation Failure) 6.281: [DefNew: 896K->0K(960K), 0.0007919 secs] 237230K->236334K(524224K), 0.0008495 secs] [Times: user=0.00 sys=0.00, real=0.00 secs] 
6.283: [GC (Allocation Failure) 6.283: [DefNew: 896K->0K(960K), 0.0007998 secs] 237230K->236334K(524224K), 0.0008546 secs] [Times: user=0.00 sys=0.00, real=0.00 secs] 
6.284: [GC (Allocation Failure) 6.284: [DefNew: 896K->0K(960K), 0.0007769 secs] 237230K->236334K(524224K), 0.0008258 secs] [Times: user=0.00 sys=0.00, real=0.00 secs] 
6.285: [GC (Allocation Failure) 6.285: [DefNew: 896K->0K(960K), 0.0009593 secs] 237230K->236334K(524224K), 0.0010504 secs] [Times: user=0.00 sys=0.00, real=0.00 secs] 
6.287: [GC (Allocation Failure) 6.287: [DefNew: 896K->0K(960K), 0.0008231 secs] 237231K->236335K(524224K), 0.0008925 secs] [Times: user=0.00 sys=0.00, real=0.00 secs] 
6.289: [GC (Allocation Failure) 6.289: [DefNew: 896K->0K(960K), 0.0008104 secs] 237231K->236335K(524224K), 0.0008621 secs] [Times: user=0.00 sys=0.00, real=0.00 secs] 
6.290: [GC (Allocation Failure) 6.290: [DefNew: 896K->0K(960K), 0.0007915 secs] 237231K->236335K(524224K), 0.0008404 secs] [Times: user=0.00 sys=0.00, real=0.00 secs] 
6.291: [GC (Allocation Failure) 6.292: [DefNew: 896K->0K(960K), 0.0007946 secs] 237231K->236335K(524224K), 0.0008475 secs] [Times: user=0.00 sys=0.00, real=0.00 secs] 
6.293: [GC (Allocation Failure) 6.293: [DefNew: 896K->0K(960K), 0.0007824 secs] 237232K->236336K(524224K), 0.0008325 secs] [Times: user=0.00 sys=0.00, real=0.00 secs] 
6.294: [GC (Allocation Failure) 6.294: [DefNew: 896K->0K(960K), 0.0008282 secs] 237232K->236336K(524224K), 0.0008941 secs] [Times: user=0.00 sys=0.00, real=0.00 secs] 
6.296: [GC (Allocation Failure) 6.296: [DefNew: 896K->0K(960K), 0.0008021 secs] 237232K->236336K(524224K), 0.0008558 secs] [Times: user=0.00 sys=0.00, real=0.00 secs] 
6.297: [GC (Allocation Failure) 6.297: [DefNew: 896K->0K(960K), 0.0009877 secs] 237233K->236337K(524224K), 0.0010895 secs] [Times: user=0.00 sys=0.00, real=0.00 secs] 
6.299: [GC (Allocation Failure) 6.299: [DefNew: 896K->0K(960K), 0.0012194 secs] 237233K->236337K(524224K), 0.0013185 secs] [Times: user=0.00 sys=0.00, real=0.00 secs] 
6.302: [GC (Allocation Failure) 6.302: [DefNew: 896K->0K(960K), 0.0009020 secs] 237233K->236337K(524224K), 0.0009672 secs] [Times: user=0.00 sys=0.00, real=0.00 secs] 
6.303: [GC (Allocation Failure) 6.303: [DefNew: 896K->0K(960K), 0.0007761 secs] 237233K->236337K(524224K), 0.0008246 secs] [Times: user=0.00 sys=0.00, real=0.00 secs] 
6.305: [GC (Allocation Failure) 6.305: [DefNew: 896K->0K(960K), 0.0008594 secs] 237234K->236338K(524224K), 0.0009127 secs] [Times: user=0.00 sys=0.00, real=0.00 secs] 
6.306: [GC (Allocation Failure) 6.306: [DefNew: 896K->0K(960K), 0.0008100 secs] 237234K->236338K(524224K), 0.0008637 secs] [Times: user=0.00 sys=0.00, real=0.00 secs] 
6.308: [GC (Allocation Failure) 6.308: [DefNew: 896K->0K(960K), 0.0007607 secs] 237234K->236338K(524224K), 0.0008100 secs] [Times: user=0.00 sys=0.00, real=0.00 secs] 
6.309: [GC (Allocation Failure) 6.309: [DefNew: 896K->0K(960K), 0.0007812 secs] 237234K->236338K(524224K), 0.0008302 secs] [Times: user=0.00 sys=0.00, real=0.00 secs] 
6.310: [GC (Allocation Failure) 6.310: [DefNew: 896K->0K(960K), 0.0007674 secs] 237235K->236339K(524224K), 0.0008164 secs] [Times: user=0.00 sys=0.00, real=0.00 secs] 
6.312: [GC (Allocation Failure) 6.312: [DefNew: 896K->0K(960K), 0.0007027 secs] 237235K->236339K(524224K), 0.0007496 secs] [Times: user=0.00 sys=0.00, real=0.00 secs] 
6.313: [GC (Allocation Failure) 6.313: [DefNew: 896K->0K(960K), 0.0007943 secs] 237235K->236339K(524224K), 0.0008444 secs] [Times: user=0.00 sys=0.00, real=0.00 secs] 
6.314: [GC (Allocation Failure) 6.314: [DefNew: 896K->0K(960K), 0.0007824 secs] 237235K->236339K(524224K), 0.0008369 secs] [Times: user=0.00 sys=0.00, real=0.00 secs] 
6.316: [GC (Allocation Failure) 6.316: [DefNew: 896K->0K(960K), 0.0007461 secs] 237236K->236340K(524224K), 0.0007954 secs] [Times: user=0.00 sys=0.00, real=0.00 secs] 
6.317: [GC (Allocation Failure) 6.317: [DefNew: 896K->0K(960K), 0.0009608 secs] 237236K->236340K(524224K), 0.0010366 secs] [Times: user=0.00 sys=0.00, real=0.00 secs] 
6.319: [GC (Allocation Failure) 6.319: [DefNew: 896K->0K(960K), 0.0008053 secs] 237236K->236340K(524224K), 0.0008645 secs] [Times: user=0.00 sys=0.00, real=0.00 secs] 
6.320: [GC (Allocation Failure) 6.320: [DefNew: 896K->0K(960K), 0.0008325 secs] 237237K->236341K(524224K), 0.0008815 secs] [Times: user=0.00 sys=0.00, real=0.00 secs] 
6.322: [GC (Allocation Failure) 6.322: [DefNew: 896K->0K(960K), 0.0008160 secs] 237237K->236341K(524224K), 0.0008704 secs] [Times: user=0.00 sys=0.00, real=0.00 secs] 
6.323: [GC (Allocation Failure) 6.323: [DefNew: 896K->0K(960K), 0.0009281 secs] 237237K->236341K(524224K), 0.0009920 secs] [Times: user=0.00 sys=0.00, real=0.00 secs] 
6.325: [GC (Allocation Failure) 6.325: [DefNew: 896K->0K(960K), 0.0008744 secs] 237237K->236341K(524224K), 0.0009364 secs] [Times: user=0.00 sys=0.00, real=0.00 secs] 
6.326: [GC (Allocation Failure) 6.326: [DefNew: 896K->0K(960K), 0.0008989 secs] 237238K->236342K(524224K), 0.0009786 secs] [Times: user=0.02 sys=0.00, real=0.00 secs] 
6.329: [GC (Allocation Failure) 6.329: [DefNew: 896K->0K(960K), 0.0008933 secs] 237238K->236342K(524224K), 0.0009723 secs] [Times: user=0.00 sys=0.00, real=0.00 secs] 
6.330: [GC (Allocation Failure) 6.330: [DefNew: 896K->0K(960K), 0.0008235 secs] 237238K->236342K(524224K), 0.0008874 secs] [Times: user=0.00 sys=0.00, real=0.00 secs] 
6.331: [GC (Allocation Failure) 6.331: [DefNew: 896K->0K(960K), 0.0009214 secs] 237238K->236342K(524224K), 0.0009932 secs] [Times: user=0.00 sys=0.00, real=0.00 secs] 
6.333: [GC (Allocation Failure) 6.333: [DefNew: 896K->0K(960K), 0.0008085 secs] 237239K->236343K(524224K), 0.0008681 secs] [Times: user=0.00 sys=0.00, real=0.00 secs] 
6.334: [GC (Allocation Failure) 6.334: [DefNew: 896K->0K(960K), 0.0007950 secs] 237239K->236343K(524224K), 0.0008566 secs] [Times: user=0.00 sys=0.00, real=0.00 secs] 
6.336: [GC (Allocation Failure) 6.336: [DefNew: 896K->0K(960K), 0.0007848 secs] 237239K->236343K(524224K), 0.0008412 secs] [Times: user=0.00 sys=0.00, real=0.00 secs] 
6.337: [GC (Allocation Failure) 6.337: [DefNew: 896K->0K(960K), 0.0007536 secs] 237239K->236343K(524224K), 0.0008108 secs] [Times: user=0.00 sys=0.00, real=0.00 secs] 
6.338: [GC (Allocation Failure) 6.338: [DefNew: 896K->0K(960K), 0.0007725 secs] 237240K->236344K(524224K), 0.0008302 secs] [Times: user=0.00 sys=0.00, real=0.00 secs] 
6.340: [GC (Allocation Failure) 6.340: [DefNew: 896K->0K(960K), 0.0008049 secs] 237240K->236344K(524224K), 0.0008586 secs] [Times: user=0.00 sys=0.00, real=0.00 secs] 
6.341: [GC (Allocation Failure) 6.341: [DefNew: 896K->0K(960K), 0.0007781 secs] 237240K->236344K(524224K), 0.0008286 secs] [Times: user=0.00 sys=0.00, real=0.00 secs] 
6.343: [GC (Allocation Failure) 6.343: [DefNew: 896K->0K(960K), 0.0008037 secs] 237241K->236345K(524224K), 0.0008582 secs] [Times: user=0.00 sys=0.00, real=0.00 secs] 
6.344: [GC (Allocation Failure) 6.344: [DefNew: 896K->0K(960K), 0.0007998 secs] 237241K->236345K(524224K), 0.0008507 secs] [Times: user=0.00 sys=0.00, real=0.00 secs] 
6.345: [GC (Allocation Failure) 6.345: [DefNew: 896K->0K(960K), 0.0007982 secs] 237241K->236345K(524224K), 0.0008657 secs] [Times: user=0.00 sys=0.00, real=0.00 secs] 
6.347: [GC (Allocation Failure) 6.347: [DefNew: 896K->0K(960K), 0.0009312 secs] 237241K->236345K(524224K), 0.0010173 secs] [Times: user=0.00 sys=0.00, real=0.00 secs] 
6.349: [GC (Allocation Failure) 6.349: [DefNew: 896K->0K(960K), 0.0009147 secs] 237242K->236346K(524224K), 0.0009995 secs] [Times: user=0.00 sys=0.00, real=0.00 secs] 
6.350: [GC (Allocation Failure) 6.350: [DefNew: 896K->0K(960K), 0.0008570 secs] 237242K->236346K(524224K), 0.0009324 secs] [Times: user=0.00 sys=0.00, real=0.00 secs] 
6.351: [GC (Allocation Failure) 6.351: [DefNew: 896K->0K(960K), 0.0009166 secs] 237242K->236346K(524224K), 0.0009758 secs] [Times: user=0.00 sys=0.00, real=0.00 secs] 
6.353: [GC (Allocation Failure) 6.353: [DefNew: 896K->0K(960K), 0.0008566 secs] 237242K->236346K(524224K), 0.0009225 secs] [Times: user=0.00 sys=0.00, real=0.00 secs] 
6.355: [GC (Allocation Failure) 6.355: [DefNew: 896K->0K(960K), 0.0008566 secs] 237243K->236347K(524224K), 0.0009218 secs] [Times: user=0.00 sys=0.00, real=0.00 secs] 
6.356: [GC (Allocation Failure) 6.356: [DefNew: 896K->0K(960K), 0.0008519 secs] 237243K->236347K(524224K), 0.0009064 secs] [Times: user=0.00 sys=0.00, real=0.00 secs] 
6.358: [GC (Allocation Failure) 6.358: [DefNew: 896K->0K(960K), 0.0008846 secs] 237243K->236347K(524224K), 0.0009569 secs] [Times: user=0.02 sys=0.00, real=0.00 secs] 
6.359: [GC (Allocation Failure) 6.359: [DefNew: 896K->0K(960K), 0.0010560 secs] 237243K->236347K(524224K), 0.0011428 secs] [Times: user=0.00 sys=0.00, real=0.00 secs] 
6.361: [GC (Allocation Failure) 6.361: [DefNew: 896K->0K(960K), 0.0011432 secs] 237244K->236348K(524224K), 0.0012222 secs] [Times: user=0.00 sys=0.00, real=0.00 secs] 
6.363: [GC (Allocation Failure) 6.363: [DefNew: 896K->0K(960K), 0.0009336 secs] 237244K->236348K(524224K), 0.0010031 secs] [Times: user=0.00 sys=0.00, real=0.00 secs] 
6.364: [GC (Allocation Failure) 6.365: [DefNew: 896K->0K(960K), 0.0008791 secs] 237244K->236348K(524224K), 0.0009415 secs] [Times: user=0.00 sys=0.00, real=0.00 secs] 
6.366: [GC (Allocation Failure) 6.366: [DefNew: 896K->0K(960K), 0.0008479 secs] 237245K->236349K(524224K), 0.0009147 secs] [Times: user=0.00 sys=0.00, real=0.00 secs] 
6.367: [GC (Allocation Failure) 6.368: [DefNew: 896K->0K(960K), 0.0008412 secs] 237245K->236349K(524224K), 0.0009044 secs] [Times: user=0.00 sys=0.00, real=0.00 secs] 
6.369: [GC (Allocation Failure) 6.369: [DefNew: 896K->0K(960K), 0.0008096 secs] 237245K->236349K(524224K), 0.0008641 secs] [Times: user=0.00 sys=0.00, real=0.00 secs] 
6.370: [GC (Allocation Failure) 6.370: [DefNew: 896K->0K(960K), 0.0009166 secs] 237245K->236349K(524224K), 0.0009829 secs] [Times: user=0.00 sys=0.00, real=0.00 secs] 
6.372: [GC (Allocation Failure) 6.372: [DefNew: 896K->0K(960K), 0.0007927 secs] 237246K->236350K(524224K), 0.0008468 secs] [Times: user=0.00 sys=0.00, real=0.00 secs] 
6.373: [GC (Allocation Failure) 6.373: [DefNew: 896K->0K(960K), 0.0008021 secs] 237246K->236350K(524224K), 0.0008531 secs] [Times: user=0.02 sys=0.00, real=0.00 secs] 
6.375: [GC (Allocation Failure) 6.375: [DefNew: 896K->0K(960K), 0.0008543 secs] 237246K->236350K(524224K), 0.0009028 secs] [Times: user=0.00 sys=0.00, real=0.00 secs] 
6.376: [GC (Allocation Failure) 6.376: [DefNew: 896K->0K(960K), 0.0010256 secs] 237246K->236350K(524224K), 0.0010954 secs] [Times: user=0.00 sys=0.00, real=0.00 secs] 
6.378: [GC (Allocation Failure) 6.378: [DefNew: 896K->0K(960K), 0.0010126 secs] 237247K->236351K(524224K), 0.0011022 secs] [Times: user=0.00 sys=0.00, real=0.00 secs] 
6.380: [GC (Allocation Failure) 6.380: [DefNew: 896K->0K(960K), 0.0012403 secs] 237247K->236351K(524224K), 0.0013386 secs] [Times: user=0.00 sys=0.00, real=0.00 secs] 
6.382: [GC (Allocation Failure) 6.382: [DefNew: 896K->0K(960K), 0.0009810 secs] 237247K->236351K(524224K), 0.0010595 secs] [Times: user=0.00 sys=0.00, real=0.00 secs] 
6.384: [GC (Allocation Failure) 6.384: [DefNew: 896K->0K(960K), 0.0011527 secs] 237247K->236351K(524224K), 0.0012265 secs] [Times: user=0.00 sys=0.00, real=0.00 secs] 
6.386: [GC (Allocation Failure) 6.386: [DefNew: 896K->0K(960K), 0.0009143 secs] 237248K->236352K(524224K), 0.0009770 secs] [Times: user=0.00 sys=0.00, real=0.00 secs] 
6.387: [GC (Allocation Failure) 6.387: [DefNew: 896K->0K(960K), 0.0009178 secs] 237248K->236352K(524224K), 0.0009865 secs] [Times: user=0.00 sys=0.00, real=0.00 secs] 
6.389: [GC (Allocation Failure) 6.389: [DefNew: 896K->0K(960K), 0.0008290 secs] 237248K->236352K(524224K), 0.0008941 secs] [Times: user=0.00 sys=0.00, real=0.00 secs] 
6.390: [GC (Allocation Failure) 6.390: [DefNew: 896K->0K(960K), 0.0009443 secs] 237248K->236352K(524224K), 0.0010082 secs] [Times: user=0.00 sys=0.00, real=0.00 secs] 
6.393: [GC (Allocation Failure) 6.393: [DefNew: 896K->0K(960K), 0.0012380 secs] 237249K->236353K(524224K), 0.0013473 secs] [Times: user=0.00 sys=0.00, real=0.00 secs] 
6.395: [GC (Allocation Failure) 6.395: [DefNew: 896K->0K(960K), 0.0008436 secs] 237249K->236353K(524224K), 0.0009229 secs] [Times: user=0.00 sys=0.00, real=0.00 secs] 
6.396: [GC (Allocation Failure) 6.396: [DefNew: 896K->0K(960K), 0.0007939 secs] 237249K->236353K(524224K), 0.0008420 secs] [Times: user=0.00 sys=0.00, real=0.00 secs] 
6.398: [GC (Allocation Failure) 6.398: [DefNew: 896K->0K(960K), 0.0007698 secs] 237250K->236354K(524224K), 0.0008191 secs] [Times: user=0.00 sys=0.00, real=0.00 secs] 
6.399: [GC (Allocation Failure) 6.399: [DefNew: 896K->0K(960K), 0.0007453 secs] 237250K->236354K(524224K), 0.0007970 secs] [Times: user=0.00 sys=0.00, real=0.00 secs] 
6.400: [GC (Allocation Failure) 6.400: [DefNew: 896K->0K(960K), 0.0010627 secs] 237250K->236354K(524224K), 0.0011397 secs] [Times: user=0.00 sys=0.00, real=0.00 secs] 
6.402: [GC (Allocation Failure) 6.402: [DefNew: 896K->0K(960K), 0.0011045 secs] 237250K->236354K(524224K), 0.0011724 secs] [Times: user=0.00 sys=0.00, real=0.00 secs] 
6.404: [GC (Allocation Failure) 6.404: [DefNew: 896K->0K(960K), 0.0011756 secs] 237251K->236355K(524224K), 0.0012541 secs] [Times: user=0.01 sys=0.00, real=0.00 secs] 
6.406: [GC (Allocation Failure) 6.406: [DefNew: 896K->0K(960K), 0.0009897 secs] 237251K->236355K(524224K), 0.0010639 secs] [Times: user=0.00 sys=0.00, real=0.00 secs] 
6.408: [GC (Allocation Failure) 6.408: [DefNew: 896K->0K(960K), 0.0012451 secs] 237251K->236355K(524224K), 0.0013236 secs] [Times: user=0.00 sys=0.00, real=0.00 secs] 
6.410: [GC (Allocation Failure) 6.410: [DefNew: 896K->0K(960K), 0.0011566 secs] 237251K->236355K(524224K), 0.0012395 secs] [Times: user=0.00 sys=0.00, real=0.00 secs] 
6.412: [GC (Allocation Failure) 6.412: [DefNew: 896K->0K(960K), 0.0012411 secs] 237252K->236356K(524224K), 0.0013355 secs] [Times: user=0.00 sys=0.00, real=0.00 secs] 
6.415: [GC (Allocation Failure) 6.415: [DefNew: 896K->0K(960K), 0.0011456 secs] 237252K->236356K(524224K), 0.0012293 secs] [Times: user=0.00 sys=0.00, real=0.00 secs] 
6.416: [GC (Allocation Failure) 6.416: [DefNew: 896K->0K(960K), 0.0008389 secs] 237252K->236356K(524224K), 0.0008902 secs] [Times: user=0.00 sys=0.00, real=0.00 secs] 
6.418: [GC (Allocation Failure) 6.418: [DefNew: 896K->0K(960K), 0.0010429 secs] 237252K->236356K(524224K), 0.0010998 secs] [Times: user=0.00 sys=0.00, real=0.00 secs] 
6.419: [GC (Allocation Failure) 6.419: [DefNew: 896K->0K(960K), 0.0008949 secs] 237253K->236357K(524224K), 0.0009573 secs] [Times: user=0.00 sys=0.00, real=0.00 secs] 
6.421: [GC (Allocation Failure) 6.421: [DefNew: 896K->0K(960K), 0.0009249 secs] 237253K->236357K(524224K), 0.0009814 secs] [Times: user=0.02 sys=0.00, real=0.00 secs] 
6.422: [GC (Allocation Failure) 6.422: [DefNew: 896K->0K(960K), 0.0011002 secs] 237253K->236357K(524224K), 0.0011760 secs] [Times: user=0.00 sys=0.00, real=0.00 secs] 
6.425: [GC (Allocation Failure) 6.425: [DefNew: 896K->0K(960K), 0.0013888 secs] 237254K->236358K(524224K), 0.0014736 secs] [Times: user=0.00 sys=0.00, real=0.00 secs] 
6.427: [GC (Allocation Failure) 6.427: [DefNew: 896K->0K(960K), 0.0012818 secs] 237254K->236358K(524224K), 0.0013891 secs] [Times: user=0.00 sys=0.00, real=0.00 secs] 
6.429: [GC (Allocation Failure) 6.429: [DefNew: 896K->0K(960K), 0.0009324 secs] 237254K->236358K(524224K), 0.0010007 secs] [Times: user=0.00 sys=0.00, real=0.00 secs] 
6.430: [GC (Allocation Failure) 6.430: [DefNew: 896K->0K(960K), 0.0012384 secs] 237254K->236358K(524224K), 0.0013252 secs] [Times: user=0.00 sys=0.00, real=0.00 secs] 
6.432: [GC (Allocation Failure) 6.432: [DefNew: 896K->0K(960K), 0.0009510 secs] 237255K->236359K(524224K), 0.0010189 secs] [Times: user=0.00 sys=0.00, real=0.00 secs] 
6.434: [GC (Allocation Failure) 6.434: [DefNew: 896K->0K(960K), 0.0011744 secs] 237255K->236359K(524224K), 0.0012549 secs] [Times: user=0.00 sys=0.00, real=0.00 secs] 
6.436: [GC (Allocation Failure) 6.436: [DefNew: 896K->0K(960K), 0.0010832 secs] 237255K->236359K(524224K), 0.0011539 secs] [Times: user=0.01 sys=0.00, real=0.00 secs] 
6.437: [GC (Allocation Failure) 6.438: [DefNew: 896K->0K(960K), 0.0008428 secs] 237255K->236359K(524224K), 0.0008985 secs] [Times: user=0.00 sys=0.00, real=0.00 secs] 
6.439: [GC (Allocation Failure) 6.439: [DefNew: 896K->0K(960K), 0.0007860 secs] 237256K->236360K(524224K), 0.0008396 secs] [Times: user=0.00 sys=0.00, real=0.00 secs] 
6.441: [GC (Allocation Failure) 6.441: [DefNew: 896K->0K(960K), 0.0010248 secs] 237256K->236360K(524224K), 0.0010864 secs] [Times: user=0.00 sys=0.00, real=0.00 secs] 
6.442: [GC (Allocation Failure) 6.442: [DefNew: 896K->0K(960K), 0.0009762 secs] 237256K->236360K(524224K), 0.0010662 secs] [Times: user=0.00 sys=0.00, real=0.00 secs] 
6.445: [GC (Allocation Failure) 6.445: [DefNew: 896K->0K(960K), 0.0009261 secs] 237256K->236360K(524224K), 0.0010043 secs] [Times: user=0.00 sys=0.00, real=0.00 secs] 
6.446: [GC (Allocation Failure) 6.446: [DefNew: 896K->0K(960K), 0.0008468 secs] 237257K->236361K(524224K), 0.0009024 secs] [Times: user=0.00 sys=0.00, real=0.00 secs] 
6.448: [GC (Allocation Failure) 6.448: [DefNew: 896K->0K(960K), 0.0008499 secs] 237257K->236361K(524224K), 0.0009135 secs] [Times: user=0.00 sys=0.00, real=0.00 secs] 
6.449: [GC (Allocation Failure) 6.449: [DefNew: 896K->0K(960K), 0.0009474 secs] 237257K->236361K(524224K), 0.0010126 secs] [Times: user=0.00 sys=0.00, real=0.00 secs] 
6.451: [GC (Allocation Failure) 6.451: [DefNew: 896K->0K(960K), 0.0007714 secs] 237258K->236362K(524224K), 0.0008195 secs] [Times: user=0.00 sys=0.00, real=0.00 secs] 
6.452: [GC (Allocation Failure) 6.452: [DefNew: 896K->0K(960K), 0.0011460 secs] 237258K->236362K(524224K), 0.0012380 secs] [Times: user=0.00 sys=0.00, real=0.00 secs] 
6.454: [GC (Allocation Failure) 6.454: [DefNew: 896K->0K(960K), 0.0010670 secs] 237258K->236362K(524224K), 0.0011468 secs] [Times: user=0.00 sys=0.00, real=0.00 secs] 
6.456: [GC (Allocation Failure) 6.456: [DefNew: 896K->0K(960K), 0.0008294 secs] 237258K->236362K(524224K), 0.0008807 secs] [Times: user=0.00 sys=0.00, real=0.00 secs] 
6.457: [GC (Allocation Failure) 6.457: [DefNew: 896K->0K(960K), 0.0007717 secs] 237259K->236363K(524224K), 0.0008195 secs] [Times: user=0.00 sys=0.00, real=0.00 secs] 
6.459: [GC (Allocation Failure) 6.459: [DefNew: 896K->0K(960K), 0.0007650 secs] 237259K->236363K(524224K), 0.0008124 secs] [Times: user=0.00 sys=0.00, real=0.00 secs] 
6.460: [GC (Allocation Failure) 6.460: [DefNew: 896K->0K(960K), 0.0008870 secs] 237259K->236363K(524224K), 0.0009399 secs] [Times: user=0.00 sys=0.00, real=0.00 secs] 
6.461: [GC (Allocation Failure) 6.461: [DefNew: 896K->0K(960K), 0.0009387 secs] 237259K->236363K(524224K), 0.0009987 secs] [Times: user=0.00 sys=0.00, real=0.00 secs] 
6.463: [GC (Allocation Failure) 6.463: [DefNew: 896K->0K(960K), 0.0008412 secs] 237260K->236364K(524224K), 0.0008961 secs] [Times: user=0.00 sys=0.00, real=0.00 secs] 
6.465: [GC (Allocation Failure) 6.465: [DefNew: 896K->0K(960K), 0.0009000 secs] 237260K->236364K(524224K), 0.0009703 secs] [Times: user=0.00 sys=0.00, real=0.00 secs] 
6.466: [GC (Allocation Failure) 6.466: [DefNew: 896K->0K(960K), 0.0011333 secs] 237260K->236364K(524224K), 0.0012076 secs] [Times: user=0.02 sys=0.00, real=0.00 secs] 
6.468: [GC (Allocation Failure) 6.468: [DefNew: 896K->0K(960K), 0.0010410 secs] 237260K->236364K(524224K), 0.0011045 secs] [Times: user=0.00 sys=0.00, real=0.00 secs] 
6.469: [GC (Allocation Failure) 6.469: [DefNew: 896K->0K(960K), 0.0007496 secs] 237261K->236365K(524224K), 0.0008049 secs] [Times: user=0.00 sys=0.00, real=0.00 secs] 
6.471: [GC (Allocation Failure) 6.471: [DefNew: 896K->0K(960K), 0.0010544 secs] 237261K->236365K(524224K), 0.0011349 secs] [Times: user=0.00 sys=0.00, real=0.00 secs] 
6.473: [GC (Allocation Failure) 6.473: [DefNew: 896K->0K(960K), 0.0009285 secs] 237261K->236365K(524224K), 0.0009936 secs] [Times: user=0.00 sys=0.00, real=0.00 secs] 
6.474: [GC (Allocation Failure) 6.474: [DefNew: 896K->0K(960K), 0.0007792 secs] 237262K->236366K(524224K), 0.0008278 secs] [Times: user=0.00 sys=0.00, real=0.00 secs] 
6.476: [GC (Allocation Failure) 6.476: [DefNew: 896K->0K(960K), 0.0007875 secs] 237262K->236366K(524224K), 0.0008471 secs] [Times: user=0.00 sys=0.00, real=0.00 secs] 
6.477: [GC (Allocation Failure) 6.477: [DefNew: 896K->0K(960K), 0.0008815 secs] 237262K->236366K(524224K), 0.0009478 secs] [Times: user=0.00 sys=0.00, real=0.00 secs] 
6.478: [GC (Allocation Failure) 6.479: [DefNew: 896K->0K(960K), 0.0008428 secs] 237262K->236366K(524224K), 0.0009206 secs] [Times: user=0.00 sys=0.00, real=0.00 secs] 
6.480: [GC (Allocation Failure) 6.480: [DefNew: 896K->0K(960K), 0.0008314 secs] 237263K->236367K(524224K), 0.0008878 secs] [Times: user=0.00 sys=0.00, real=0.00 secs] 
6.482: [GC (Allocation Failure) 6.482: [DefNew: 896K->0K(960K), 0.0008310 secs] 237263K->236367K(524224K), 0.0008973 secs] [Times: user=0.00 sys=0.00, real=0.00 secs] 
6.483: [GC (Allocation Failure) 6.483: [DefNew: 896K->0K(960K), 0.0008250 secs] 237263K->236367K(524224K), 0.0008811 secs] [Times: user=0.02 sys=0.00, real=0.00 secs] 
6.484: [GC (Allocation Failure) 6.484: [DefNew: 896K->0K(960K), 0.0008108 secs] 237263K->236367K(524224K), 0.0008598 secs] [Times: user=0.00 sys=0.00, real=0.00 secs] 
6.486: [GC (Allocation Failure) 6.486: [DefNew: 896K->0K(960K), 0.0012044 secs] 237264K->236368K(524224K), 0.0012920 secs] [Times: user=0.00 sys=0.00, real=0.00 secs] 
6.488: [GC (Allocation Failure) 6.488: [DefNew: 896K->0K(960K), 0.0011247 secs] 237264K->236368K(524224K), 0.0012107 secs] [Times: user=0.00 sys=0.00, real=0.00 secs] 
6.490: [GC (Allocation Failure) 6.490: [DefNew: 896K->0K(960K), 0.0008381 secs] 237264K->236368K(524224K), 0.0008981 secs] [Times: user=0.00 sys=0.00, real=0.00 secs] 
6.492: [GC (Allocation Failure) 6.492: [DefNew: 896K->0K(960K), 0.0007741 secs] 237264K->236368K(524224K), 0.0008254 secs] [Times: user=0.00 sys=0.00, real=0.00 secs] 
6.493: [GC (Allocation Failure) 6.493: [DefNew: 896K->0K(960K), 0.0007860 secs] 237265K->236369K(524224K), 0.0008353 secs] [Times: user=0.00 sys=0.00, real=0.00 secs] 
6.494: [GC (Allocation Failure) 6.494: [DefNew: 896K->0K(960K), 0.0008874 secs] 237265K->236369K(524224K), 0.0009415 secs] [Times: user=0.00 sys=0.00, real=0.00 secs] 
6.496: [GC (Allocation Failure) 6.496: [DefNew: 896K->0K(960K), 0.0008073 secs] 237265K->236369K(524224K), 0.0008641 secs] [Times: user=0.00 sys=0.00, real=0.00 secs] 
6.497: [GC (Allocation Failure) 6.497: [DefNew: 896K->0K(960K), 0.0008321 secs] 237265K->236369K(524224K), 0.0008846 secs] [Times: user=0.00 sys=0.00, real=0.00 secs] 
6.499: [GC (Allocation Failure) 6.499: [DefNew: 896K->0K(960K), 0.0008775 secs] 237266K->236370K(524224K), 0.0009553 secs] [Times: user=0.00 sys=0.00, real=0.00 secs] 
6.500: [GC (Allocation Failure) 6.500: [DefNew: 896K->0K(960K), 0.0009064 secs] 237266K->236370K(524224K), 0.0009600 secs] [Times: user=0.00 sys=0.00, real=0.00 secs] 
6.502: [GC (Allocation Failure) 6.502: [DefNew: 896K->0K(960K), 0.0008033 secs] 237266K->236370K(524224K), 0.0008764 secs] [Times: user=0.00 sys=0.00, real=0.00 secs] 
6.503: [GC (Allocation Failure) 6.503: [DefNew: 896K->0K(960K), 0.0008298 secs] 237267K->236371K(524224K), 0.0008843 secs] [Times: user=0.00 sys=0.00, real=0.00 secs] 
6.504: [GC (Allocation Failure) 6.504: [DefNew: 896K->0K(960K), 0.0008203 secs] 237267K->236371K(524224K), 0.0008700 secs] [Times: user=0.00 sys=0.00, real=0.00 secs] 
6.506: [GC (Allocation Failure) 6.506: [DefNew: 896K->0K(960K), 0.0011480 secs] 237267K->236371K(524224K), 0.0012387 secs] [Times: user=0.00 sys=0.00, real=0.00 secs] 
6.508: [GC (Allocation Failure) 6.508: [DefNew: 896K->0K(960K), 0.0008314 secs] 237267K->236371K(524224K), 0.0008890 secs] [Times: user=0.00 sys=0.00, real=0.00 secs] 
6.509: [GC (Allocation Failure) 6.509: [DefNew: 896K->0K(960K), 0.0007946 secs] 237268K->236372K(524224K), 0.0008396 secs] [Times: user=0.00 sys=0.00, real=0.00 secs] 
6.510: [GC (Allocation Failure) 6.510: [DefNew: 896K->0K(960K), 0.0007564 secs] 237268K->236372K(524224K), 0.0008014 secs] [Times: user=0.00 sys=0.00, real=0.00 secs] 
6.512: [GC (Allocation Failure) 6.512: [DefNew: 896K->0K(960K), 0.0007307 secs] 237268K->236372K(524224K), 0.0007820 secs] [Times: user=0.00 sys=0.00, real=0.00 secs] 
6.513: [GC (Allocation Failure) 6.513: [DefNew: 896K->0K(960K), 0.0008231 secs] 237268K->236372K(524224K), 0.0008775 secs] [Times: user=0.00 sys=0.00, real=0.00 secs] 
6.515: [GC (Allocation Failure) 6.515: [DefNew: 896K->0K(960K), 0.0009210 secs] 237269K->236373K(524224K), 0.0009908 secs] [Times: user=0.00 sys=0.00, real=0.00 secs] 
6.516: [GC (Allocation Failure) 6.516: [DefNew: 896K->0K(960K), 0.0008918 secs] 237269K->236373K(524224K), 0.0009466 secs] [Times: user=0.00 sys=0.00, real=0.00 secs] 
6.518: [GC (Allocation Failure) 6.518: [DefNew: 896K->0K(960K), 0.0011093 secs] 237269K->236373K(524224K), 0.0011858 secs] [Times: user=0.00 sys=0.00, real=0.00 secs] 
6.520: [GC (Allocation Failure) 6.520: [DefNew: 896K->0K(960K), 0.0012755 secs] 237269K->236373K(524224K), 0.0013698 secs] [Times: user=0.00 sys=0.00, real=0.00 secs] 
6.522: [GC (Allocation Failure) 6.522: [DefNew: 896K->0K(960K), 0.0008416 secs] 237270K->236374K(524224K), 0.0009008 secs] [Times: user=0.00 sys=0.00, real=0.00 secs] 
6.523: [GC (Allocation Failure) 6.523: [DefNew: 896K->0K(960K), 0.0008515 secs] 237270K->236374K(524224K), 0.0009052 secs] [Times: user=0.00 sys=0.00, real=0.00 secs] 
6.525: [GC (Allocation Failure) 6.525: [DefNew: 896K->0K(960K), 0.0008124 secs] 237270K->236374K(524224K), 0.0008720 secs] [Times: user=0.00 sys=0.00, real=0.00 secs] 
6.526: [GC (Allocation Failure) 6.526: [DefNew: 896K->0K(960K), 0.0007402 secs] 237271K->236375K(524224K), 0.0007871 secs] [Times: user=0.00 sys=0.00, real=0.00 secs] 
6.527: [GC (Allocation Failure) 6.527: [DefNew: 896K->0K(960K), 0.0007958 secs] 237271K->236375K(524224K), 0.0008452 secs] [Times: user=0.00 sys=0.00, real=0.00 secs] 
6.529: [GC (Allocation Failure) 6.529: [DefNew: 896K->0K(960K), 0.0007650 secs] 237271K->236375K(524224K), 0.0008148 secs] [Times: user=0.00 sys=0.00, real=0.00 secs] 
6.530: [GC (Allocation Failure) 6.530: [DefNew: 896K->0K(960K), 0.0006944 secs] 237271K->236375K(524224K), 0.0007453 secs] [Times: user=0.00 sys=0.00, real=0.00 secs] 
6.531: [GC (Allocation Failure) 6.531: [DefNew: 896K->0K(960K), 0.0007544 secs] 237272K->236376K(524224K), 0.0008037 secs] [Times: user=0.00 sys=0.00, real=0.00 secs] 
6.532: [GC (Allocation Failure) 6.532: [DefNew: 896K->0K(960K), 0.0008164 secs] 237272K->236376K(524224K), 0.0008685 secs] [Times: user=0.00 sys=0.00, real=0.00 secs] 
6.534: [GC (Allocation Failure) 6.534: [DefNew: 896K->0K(960K), 0.0007492 secs] 237272K->236376K(524224K), 0.0008057 secs] [Times: user=0.00 sys=0.00, real=0.00 secs] 
6.535: [GC (Allocation Failure) 6.535: [DefNew: 896K->0K(960K), 0.0007465 secs] 237272K->236376K(524224K), 0.0007943 secs] [Times: user=0.00 sys=0.00, real=0.00 secs] 
6.536: [GC (Allocation Failure) 6.536: [DefNew: 896K->0K(960K), 0.0007706 secs] 237273K->236377K(524224K), 0.0008191 secs] [Times: user=0.00 sys=0.00, real=0.00 secs] 
6.538: [GC (Allocation Failure) 6.538: [DefNew: 896K->0K(960K), 0.0010126 secs] 237273K->236377K(524224K), 0.0010860 secs] [Times: user=0.00 sys=0.00, real=0.00 secs] 
6.539: [GC (Allocation Failure) 6.539: [DefNew: 896K->0K(960K), 0.0007994 secs] 237273K->236377K(524224K), 0.0008661 secs] [Times: user=0.00 sys=0.00, real=0.00 secs] 
6.541: [GC (Allocation Failure) 6.541: [DefNew: 896K->0K(960K), 0.0008049 secs] 237273K->236377K(524224K), 0.0008582 secs] [Times: user=0.00 sys=0.00, real=0.00 secs] 
6.542: [GC (Allocation Failure) 6.542: [DefNew: 896K->0K(960K), 0.0007429 secs] 237274K->236378K(524224K), 0.0007919 secs] [Times: user=0.00 sys=0.00, real=0.00 secs] 
6.543: [GC (Allocation Failure) 6.543: [DefNew: 896K->0K(960K), 0.0007844 secs] 237274K->236378K(524224K), 0.0008365 secs] [Times: user=0.00 sys=0.00, real=0.00 secs] 
6.545: [GC (Allocation Failure) 6.545: [DefNew: 896K->0K(960K), 0.0007962 secs] 237274K->236378K(524224K), 0.0008495 secs] [Times: user=0.02 sys=0.00, real=0.00 secs] 
6.546: [GC (Allocation Failure) 6.546: [DefNew: 896K->0K(960K), 0.0007844 secs] 237275K->236379K(524224K), 0.0008499 secs] [Times: user=0.00 sys=0.00, real=0.00 secs] 
6.549: [GC (Allocation Failure) 6.549: [DefNew: 896K->0K(960K), 0.0008858 secs] 237275K->236379K(524224K), 0.0009818 secs] [Times: user=0.00 sys=0.00, real=0.00 secs] 
6.550: [GC (Allocation Failure) 6.550: [DefNew: 896K->0K(960K), 0.0008160 secs] 237275K->236379K(524224K), 0.0008768 secs] [Times: user=0.00 sys=0.00, real=0.00 secs] 
6.551: [GC (Allocation Failure) 6.551: [DefNew: 896K->0K(960K), 0.0007808 secs] 237275K->236379K(524224K), 0.0008298 secs] [Times: user=0.00 sys=0.00, real=0.00 secs] 
6.553: [GC (Allocation Failure) 6.553: [DefNew: 896K->0K(960K), 0.0008286 secs] 237276K->236380K(524224K), 0.0008918 secs] [Times: user=0.00 sys=0.00, real=0.00 secs] 
6.554: [GC (Allocation Failure) 6.554: [DefNew: 896K->0K(960K), 0.0008444 secs] 237276K->236380K(524224K), 0.0008945 secs] [Times: user=0.00 sys=0.00, real=0.00 secs] 
6.555: [GC (Allocation Failure) 6.555: [DefNew: 896K->0K(960K), 0.0008077 secs] 237276K->236380K(524224K), 0.0008953 secs] [Times: user=0.00 sys=0.00, real=0.00 secs] 
6.557: [GC (Allocation Failure) 6.557: [DefNew: 896K->0K(960K), 0.0010252 secs] 237276K->236380K(524224K), 0.0011132 secs] [Times: user=0.00 sys=0.00, real=0.00 secs] 
6.559: [GC (Allocation Failure) 6.559: [DefNew: 896K->0K(960K), 0.0008854 secs] 237277K->236381K(524224K), 0.0009447 secs] [Times: user=0.00 sys=0.00, real=0.00 secs] 
6.560: [GC (Allocation Failure) 6.560: [DefNew: 896K->0K(960K), 0.0009474 secs] 237277K->236381K(524224K), 0.0010031 secs] [Times: user=0.00 sys=0.02, real=0.00 secs] 
6.561: [GC (Allocation Failure) 6.561: [DefNew: 896K->0K(960K), 0.0007603 secs] 237277K->236381K(524224K), 0.0008093 secs] [Times: user=0.00 sys=0.00, real=0.00 secs] 
6.563: [GC (Allocation Failure) 6.563: [DefNew: 896K->0K(960K), 0.0008973 secs] 237277K->236381K(524224K), 0.0009557 secs] [Times: user=0.00 sys=0.00, real=0.00 secs] 
6.565: [GC (Allocation Failure) 6.565: [DefNew: 896K->0K(960K), 0.0013193 secs] 237278K->236382K(524224K), 0.0013840 secs] [Times: user=0.00 sys=0.00, real=0.00 secs] 
6.566: [GC (Allocation Failure) 6.567: [DefNew: 896K->0K(960K), 0.0010244 secs] 237278K->236382K(524224K), 0.0011408 secs] [Times: user=0.00 sys=0.00, real=0.00 secs] 
6.569: [GC (Allocation Failure) 6.569: [DefNew: 896K->0K(960K), 0.0013149 secs] 237278K->236382K(524224K), 0.0014420 secs] [Times: user=0.00 sys=0.00, real=0.00 secs] 
6.572: [GC (Allocation Failure) 6.572: [DefNew: 896K->0K(960K), 0.0012036 secs] 237279K->236383K(524224K), 0.0013035 secs] [Times: user=0.00 sys=0.00, real=0.00 secs] 
6.574: [GC (Allocation Failure) 6.574: [DefNew: 896K->0K(960K), 0.0011874 secs] 237279K->236383K(524224K), 0.0012806 secs] [Times: user=0.00 sys=0.00, real=0.00 secs] 
6.576: [GC (Allocation Failure) 6.576: [DefNew: 896K->0K(960K), 0.0011590 secs] 237279K->236383K(524224K), 0.0012557 secs] [Times: user=0.01 sys=0.00, real=0.00 secs] 
6.579: [GC (Allocation Failure) 6.579: [DefNew: 896K->0K(960K), 0.0011069 secs] 237279K->236383K(524224K), 0.0011941 secs] [Times: user=0.00 sys=0.00, real=0.00 secs] 
6.581: [GC (Allocation Failure) 6.581: [DefNew: 896K->0K(960K), 0.0009889 secs] 237280K->236384K(524224K), 0.0010816 secs] [Times: user=0.00 sys=0.00, real=0.00 secs] 
6.582: [GC (Allocation Failure) 6.582: [DefNew: 896K->0K(960K), 0.0009466 secs] 237280K->236384K(524224K), 0.0010189 secs] [Times: user=0.00 sys=0.00, real=0.00 secs] 
6.584: [GC (Allocation Failure) 6.584: [DefNew: 896K->0K(960K), 0.0008894 secs] 237280K->236384K(524224K), 0.0009482 secs] [Times: user=0.00 sys=0.00, real=0.00 secs] 
6.585: [GC (Allocation Failure) 6.585: [DefNew: 896K->0K(960K), 0.0009893 secs] 237280K->236384K(524224K), 0.0010666 secs] [Times: user=0.00 sys=0.00, real=0.00 secs] 
6.587: [GC (Allocation Failure) 6.587: [DefNew: 896K->0K(960K), 0.0009648 secs] 237281K->236385K(524224K), 0.0010366 secs] [Times: user=0.00 sys=0.00, real=0.00 secs] 
6.589: [GC (Allocation Failure) 6.589: [DefNew: 896K->0K(960K), 0.0010876 secs] 237281K->236385K(524224K), 0.0011752 secs] [Times: user=0.00 sys=0.00, real=0.00 secs] 
6.591: [GC (Allocation Failure) 6.591: [DefNew: 896K->0K(960K), 0.0010011 secs] 237281K->236385K(524224K), 0.0011069 secs] [Times: user=0.00 sys=0.00, real=0.00 secs] 
6.593: [GC (Allocation Failure) 6.593: [DefNew: 896K->0K(960K), 0.0010694 secs] 237281K->236385K(524224K), 0.0011432 secs] [Times: user=0.00 sys=0.00, real=0.00 secs] 
6.594: [GC (Allocation Failure) 6.594: [DefNew: 896K->0K(960K), 0.0010485 secs] 237282K->236386K(524224K), 0.0011247 secs] [Times: user=0.00 sys=0.00, real=0.00 secs] 
6.596: [GC (Allocation Failure) 6.596: [DefNew: 896K->0K(960K), 0.0011910 secs] 237282K->236386K(524224K), 0.0012972 secs] [Times: user=0.00 sys=0.00, real=0.00 secs] 
6.599: [GC (Allocation Failure) 6.599: [DefNew: 896K->0K(960K), 0.0009435 secs] 237282K->236386K(524224K), 0.0010485 secs] [Times: user=0.00 sys=0.00, real=0.00 secs] 
6.601: [GC (Allocation Failure) 6.601: [DefNew: 896K->0K(960K), 0.0009569 secs] 237282K->236386K(524224K), 0.0010366 secs] [Times: user=0.00 sys=0.00, real=0.00 secs] 
6.603: [GC (Allocation Failure) 6.603: [DefNew: 896K->0K(960K), 0.0008712 secs] 237283K->236387K(524224K), 0.0009356 secs] [Times: user=0.00 sys=0.00, real=0.00 secs] 
6.604: [GC (Allocation Failure) 6.604: [DefNew: 896K->0K(960K), 0.0009060 secs] 237283K->236387K(524224K), 0.0009593 secs] [Times: user=0.00 sys=0.00, real=0.00 secs] 
6.606: [GC (Allocation Failure) 6.606: [DefNew: 896K->0K(960K), 0.0010003 secs] 237283K->236387K(524224K), 0.0010722 secs] [Times: user=0.00 sys=0.00, real=0.00 secs] 
6.607: [GC (Allocation Failure) 6.607: [DefNew: 896K->0K(960K), 0.0012084 secs] 237284K->236388K(524224K), 0.0012956 secs] [Times: user=0.02 sys=0.00, real=0.00 secs] 
6.609: [GC (Allocation Failure) 6.609: [DefNew: 896K->0K(960K), 0.0012265 secs] 237284K->236388K(524224K), 0.0013165 secs] [Times: user=0.00 sys=0.00, real=0.00 secs] 
6.612: [GC (Allocation Failure) 6.612: [DefNew: 896K->0K(960K), 0.0009320 secs] 237284K->236388K(524224K), 0.0010343 secs] [Times: user=0.00 sys=0.00, real=0.00 secs] 
6.613: [GC (Allocation Failure) 6.613: [DefNew: 896K->0K(960K), 0.0007844 secs] 237284K->236388K(524224K), 0.0008396 secs] [Times: user=0.00 sys=0.00, real=0.00 secs] 
6.614: [GC (Allocation Failure) 6.614: [DefNew: 896K->0K(960K), 0.0008621 secs] 237285K->236389K(524224K), 0.0009462 secs] [Times: user=0.00 sys=0.00, real=0.00 secs] 
6.616: [GC (Allocation Failure) 6.616: [DefNew: 896K->0K(960K), 0.0008077 secs] 237285K->236389K(524224K), 0.0008582 secs] [Times: user=0.00 sys=0.00, real=0.00 secs] 
6.617: [GC (Allocation Failure) 6.617: [DefNew: 896K->0K(960K), 0.0007765 secs] 237285K->236389K(524224K), 0.0008243 secs] [Times: user=0.00 sys=0.00, real=0.00 secs] 
6.619: [GC (Allocation Failure) 6.619: [DefNew: 896K->0K(960K), 0.0008041 secs] 237285K->236389K(524224K), 0.0008606 secs] [Times: user=0.00 sys=0.00, real=0.00 secs] 
6.620: [GC (Allocation Failure) 6.620: [DefNew: 896K->0K(960K), 0.0007200 secs] 237286K->236390K(524224K), 0.0007765 secs] [Times: user=0.00 sys=0.00, real=0.00 secs] 
6.621: [GC (Allocation Failure) 6.621: [DefNew: 896K->0K(960K), 0.0006964 secs] 237286K->236390K(524224K), 0.0007982 secs] [Times: user=0.00 sys=0.00, real=0.00 secs] 
6.623: [GC (Allocation Failure) 6.623: [DefNew: 896K->0K(960K), 0.0009166 secs] 237286K->236390K(524224K), 0.0009960 secs] [Times: user=0.00 sys=0.02, real=0.00 secs] 
6.624: [GC (Allocation Failure) 6.624: [DefNew: 896K->0K(960K), 0.0009703 secs] 237286K->236390K(524224K), 0.0010256 secs] [Times: user=0.00 sys=0.00, real=0.00 secs] 
6.626: [GC (Allocation Failure) 6.626: [DefNew: 896K->0K(960K), 0.0007800 secs] 237287K->236391K(524224K), 0.0008369 secs] [Times: user=0.00 sys=0.00, real=0.00 secs] 
6.627: [GC (Allocation Failure) 6.627: [DefNew: 896K->0K(960K), 0.0009048 secs] 237287K->236391K(524224K), 0.0009750 secs] [Times: user=0.00 sys=0.00, real=0.00 secs] 
6.629: [GC (Allocation Failure) 6.629: [DefNew: 896K->0K(960K), 0.0008187 secs] 237287K->236391K(524224K), 0.0008945 secs] [Times: user=0.00 sys=0.00, real=0.00 secs] 
6.630: [GC (Allocation Failure) 6.630: [DefNew: 896K->0K(960K), 0.0008471 secs] 237288K->236392K(524224K), 0.0009214 secs] [Times: user=0.00 sys=0.00, real=0.00 secs] 
6.632: [GC (Allocation Failure) 6.632: [DefNew: 896K->0K(960K), 0.0009612 secs] 237288K->236392K(524224K), 0.0010276 secs] [Times: user=0.00 sys=0.00, real=0.00 secs] 
6.633: [GC (Allocation Failure) 6.633: [DefNew: 896K->0K(960K), 0.0008594 secs] 237288K->236392K(524224K), 0.0009107 secs] [Times: user=0.00 sys=0.00, real=0.00 secs] 
6.635: [GC (Allocation Failure) 6.635: [DefNew: 896K->0K(960K), 0.0009174 secs] 237288K->236392K(524224K), 0.0009845 secs] [Times: user=0.00 sys=0.00, real=0.00 secs] 
6.636: [GC (Allocation Failure) 6.636: [DefNew: 896K->0K(960K), 0.0008156 secs] 237289K->236393K(524224K), 0.0008685 secs] [Times: user=0.00 sys=0.00, real=0.00 secs] 
6.638: [GC (Allocation Failure) 6.638: [DefNew: 896K->0K(960K), 0.0009103 secs] 237289K->236393K(524224K), 0.0009715 secs] [Times: user=0.00 sys=0.00, real=0.00 secs] 
6.639: [GC (Allocation Failure) 6.639: [DefNew: 896K->0K(960K), 0.0009869 secs] 237289K->236393K(524224K), 0.0010824 secs] [Times: user=0.02 sys=0.00, real=0.00 secs] 
6.641: [GC (Allocation Failure) 6.641: [DefNew: 896K->0K(960K), 0.0009443 secs] 237289K->236393K(524224K), 0.0010331 secs] [Times: user=0.00 sys=0.00, real=0.00 secs] 
6.643: [GC (Allocation Failure) 6.643: [DefNew: 896K->0K(960K), 0.0008649 secs] 237290K->236394K(524224K), 0.0009289 secs] [Times: user=0.00 sys=0.00, real=0.00 secs] 
6.644: [GC (Allocation Failure) 6.644: [DefNew: 896K->0K(960K), 0.0009332 secs] 237290K->236394K(524224K), 0.0009853 secs] [Times: user=0.00 sys=0.00, real=0.00 secs] 
6.646: [GC (Allocation Failure) 6.646: [DefNew: 896K->0K(960K), 0.0010011 secs] 237290K->236394K(524224K), 0.0010674 secs] [Times: user=0.00 sys=0.00, real=0.00 secs] 
6.647: [GC (Allocation Failure) 6.648: [DefNew: 896K->0K(960K), 0.0008448 secs] 237290K->236394K(524224K), 0.0009115 secs] [Times: user=0.00 sys=0.00, real=0.00 secs] 
6.649: [GC (Allocation Failure) 6.649: [DefNew: 896K->0K(960K), 0.0008862 secs] 237291K->236395K(524224K), 0.0009411 secs] [Times: user=0.00 sys=0.00, real=0.00 secs] 
6.650: [GC (Allocation Failure) 6.650: [DefNew: 896K->0K(960K), 0.0007864 secs] 237291K->236395K(524224K), 0.0008432 secs] [Times: user=0.00 sys=0.00, real=0.00 secs] 
6.652: [GC (Allocation Failure) 6.652: [DefNew: 896K->0K(960K), 0.0007832 secs] 237291K->236395K(524224K), 0.0008464 secs] [Times: user=0.00 sys=0.00, real=0.00 secs] 
6.653: [GC (Allocation Failure) 6.653: [DefNew: 896K->0K(960K), 0.0008081 secs] 237292K->236396K(524224K), 0.0008637 secs] [Times: user=0.00 sys=0.00, real=0.00 secs] 
6.655: [GC (Allocation Failure) 6.655: [DefNew: 896K->0K(960K), 0.0011582 secs] 237292K->236396K(524224K), 0.0012506 secs] [Times: user=0.00 sys=0.00, real=0.00 secs] 
6.657: [GC (Allocation Failure) 6.657: [DefNew: 896K->0K(960K), 0.0008933 secs] 237292K->236396K(524224K), 0.0009652 secs] [Times: user=0.00 sys=0.00, real=0.00 secs] 
6.658: [GC (Allocation Failure) 6.658: [DefNew: 896K->0K(960K), 0.0008554 secs] 237292K->236396K(524224K), 0.0009186 secs] [Times: user=0.00 sys=0.00, real=0.00 secs] 
6.659: [GC (Allocation Failure) 6.659: [DefNew: 896K->0K(960K), 0.0008783 secs] 237293K->236397K(524224K), 0.0009379 secs] [Times: user=0.00 sys=0.00, real=0.00 secs] 
6.661: [GC (Allocation Failure) 6.661: [DefNew: 896K->0K(960K), 0.0007658 secs] 237293K->236397K(524224K), 0.0008152 secs] [Times: user=0.00 sys=0.00, real=0.00 secs] 
6.662: [GC (Allocation Failure) 6.662: [DefNew: 896K->0K(960K), 0.0009616 secs] 237293K->236397K(524224K), 0.0010272 secs] [Times: user=0.00 sys=0.00, real=0.00 secs] 
6.664: [GC (Allocation Failure) 6.664: [DefNew: 896K->0K(960K), 0.0008886 secs] 237293K->236397K(524224K), 0.0009652 secs] [Times: user=0.00 sys=0.00, real=0.00 secs] 
6.666: [GC (Allocation Failure) 6.666: [DefNew: 896K->0K(960K), 0.0009537 secs] 237294K->236398K(524224K), 0.0010508 secs] [Times: user=0.00 sys=0.00, real=0.00 secs] 
6.667: [GC (Allocation Failure) 6.668: [DefNew: 896K->0K(960K), 0.0011649 secs] 237294K->236398K(524224K), 0.0012490 secs] [Times: user=0.00 sys=0.00, real=0.00 secs] 
6.669: [GC (Allocation Failure) 6.669: [DefNew: 896K->0K(960K), 0.0010824 secs] 237294K->236398K(524224K), 0.0011586 secs] [Times: user=0.02 sys=0.00, real=0.00 secs] 
6.671: [GC (Allocation Failure) 6.672: [DefNew: 896K->0K(960K), 0.0013670 secs] 237294K->236398K(524224K), 0.0014945 secs] [Times: user=0.00 sys=0.00, real=0.00 secs] 
6.674: [GC (Allocation Failure) 6.674: [DefNew: 896K->0K(960K), 0.0013280 secs] 237295K->236399K(524224K), 0.0014377 secs] [Times: user=0.00 sys=0.00, real=0.00 secs] 
6.676: [GC (Allocation Failure) 6.676: [DefNew: 896K->0K(960K), 0.0012095 secs] 237295K->236399K(524224K), 0.0012940 secs] [Times: user=0.00 sys=0.00, real=0.00 secs] 
6.678: [GC (Allocation Failure) 6.678: [DefNew: 896K->0K(960K), 0.0013978 secs] 237295K->236399K(524224K), 0.0014930 secs] [Times: user=0.00 sys=0.00, real=0.00 secs] 
6.681: [GC (Allocation Failure) 6.681: [DefNew: 896K->0K(960K), 0.0009150 secs] 237296K->236400K(524224K), 0.0009916 secs] [Times: user=0.00 sys=0.00, real=0.00 secs] 
6.682: [GC (Allocation Failure) 6.682: [DefNew: 896K->0K(960K), 0.0011578 secs] 237296K->236400K(524224K), 0.0012601 secs] [Times: user=0.00 sys=0.00, real=0.00 secs] 
6.684: [GC (Allocation Failure) 6.684: [DefNew: 896K->0K(960K), 0.0011791 secs] 237296K->236400K(524224K), 0.0012644 secs] [Times: user=0.00 sys=0.00, real=0.00 secs] 
6.686: [GC (Allocation Failure) 6.686: [DefNew: 896K->0K(960K), 0.0008365 secs] 237296K->236400K(524224K), 0.0008973 secs] [Times: user=0.01 sys=0.00, real=0.00 secs] 
6.687: [GC (Allocation Failure) 6.687: [DefNew: 896K->0K(960K), 0.0008057 secs] 237297K->236401K(524224K), 0.0008570 secs] [Times: user=0.00 sys=0.00, real=0.00 secs] 
6.689: [GC (Allocation Failure) 6.689: [DefNew: 896K->0K(960K), 0.0008400 secs] 237297K->236401K(524224K), 0.0008929 secs] [Times: user=0.00 sys=0.00, real=0.00 secs] 
6.690: [GC (Allocation Failure) 6.690: [DefNew: 896K->0K(960K), 0.0009790 secs] 237297K->236401K(524224K), 0.0010516 secs] [Times: user=0.00 sys=0.00, real=0.00 secs] 
6.692: [GC (Allocation Failure) 6.692: [DefNew: 896K->0K(960K), 0.0008333 secs] 237297K->236401K(524224K), 0.0008997 secs] [Times: user=0.00 sys=0.00, real=0.00 secs] 
6.694: [GC (Allocation Failure) 6.694: [DefNew: 896K->0K(960K), 0.0008645 secs] 237298K->236402K(524224K), 0.0009293 secs] [Times: user=0.00 sys=0.00, real=0.00 secs] 
6.695: [GC (Allocation Failure) 6.695: [DefNew: 896K->0K(960K), 0.0008835 secs] 237298K->236402K(524224K), 0.0009443 secs] [Times: user=0.00 sys=0.00, real=0.00 secs] 
6.696: [GC (Allocation Failure) 6.696: [DefNew: 896K->0K(960K), 0.0008156 secs] 237298K->236402K(524224K), 0.0008744 secs] [Times: user=0.00 sys=0.00, real=0.00 secs] 
6.698: [GC (Allocation Failure) 6.698: [DefNew: 896K->0K(960K), 0.0009375 secs] 237298K->236402K(524224K), 0.0010102 secs] [Times: user=0.00 sys=0.00, real=0.00 secs] 
6.699: [GC (Allocation Failure) 6.699: [DefNew: 896K->0K(960K), 0.0007935 secs] 237299K->236403K(524224K), 0.0008448 secs] [Times: user=0.00 sys=0.00, real=0.00 secs] 
6.701: [GC (Allocation Failure) 6.701: [DefNew: 896K->0K(960K), 0.0008187 secs] 237299K->236403K(524224K), 0.0008716 secs] [Times: user=0.02 sys=0.00, real=0.00 secs] 
6.702: [GC (Allocation Failure) 6.702: [DefNew: 896K->0K(960K), 0.0008681 secs] 237299K->236403K(524224K), 0.0009293 secs] [Times: user=0.00 sys=0.00, real=0.00 secs] 
6.704: [GC (Allocation Failure) 6.704: [DefNew: 896K->0K(960K), 0.0008491 secs] 237299K->236403K(524224K), 0.0009261 secs] [Times: user=0.00 sys=0.00, real=0.00 secs] 
6.706: [GC (Allocation Failure) 6.706: [DefNew: 896K->0K(960K), 0.0012166 secs] 237300K->236404K(524224K), 0.0013110 secs] [Times: user=0.00 sys=0.00, real=0.00 secs] 
6.708: [GC (Allocation Failure) 6.708: [DefNew: 896K->0K(960K), 0.0009916 secs] 237300K->236404K(524224K), 0.0010678 secs] [Times: user=0.00 sys=0.00, real=0.00 secs] 
6.709: [GC (Allocation Failure) 6.709: [DefNew: 896K->0K(960K), 0.0008819 secs] 237300K->236404K(524224K), 0.0009395 secs] [Times: user=0.00 sys=0.00, real=0.00 secs] 
6.711: [GC (Allocation Failure) 6.711: [DefNew: 896K->0K(960K), 0.0008420 secs] 237301K->236405K(524224K), 0.0008945 secs] [Times: user=0.00 sys=0.00, real=0.00 secs] 
6.712: [GC (Allocation Failure) 6.712: [DefNew: 896K->0K(960K), 0.0007891 secs] 237301K->236405K(524224K), 0.0008468 secs] [Times: user=0.00 sys=0.00, real=0.00 secs] 
6.713: [GC (Allocation Failure) 6.713: [DefNew: 896K->0K(960K), 0.0007702 secs] 237301K->236405K(524224K), 0.0008183 secs] [Times: user=0.00 sys=0.00, real=0.00 secs] 
6.715: [GC (Allocation Failure) 6.715: [DefNew: 896K->0K(960K), 0.0009758 secs] 237301K->236405K(524224K), 0.0010643 secs] [Times: user=0.00 sys=0.00, real=0.00 secs] 
6.716: [GC (Allocation Failure) 6.716: [DefNew: 896K->0K(960K), 0.0008866 secs] 237302K->236406K(524224K), 0.0009383 secs] [Times: user=0.00 sys=0.00, real=0.00 secs] 
6.718: [GC (Allocation Failure) 6.718: [DefNew: 896K->0K(960K), 0.0008168 secs] 237302K->236406K(524224K), 0.0009506 secs] [Times: user=0.00 sys=0.01, real=0.00 secs] 
6.719: [GC (Allocation Failure) 6.719: [DefNew: 896K->0K(960K), 0.0008266 secs] 237302K->236406K(524224K), 0.0008811 secs] [Times: user=0.00 sys=0.00, real=0.00 secs] 
6.720: [GC (Allocation Failure) 6.720: [DefNew: 896K->0K(960K), 0.0008396 secs] 237302K->236406K(524224K), 0.0009060 secs] [Times: user=0.00 sys=0.00, real=0.00 secs] 
6.722: [GC (Allocation Failure) 6.722: [DefNew: 896K->0K(960K), 0.0007414 secs] 237303K->236407K(524224K), 0.0007982 secs] [Times: user=0.00 sys=0.00, real=0.00 secs] 
6.724: [GC (Allocation Failure) 6.724: [DefNew: 896K->0K(960K), 0.0008574 secs] 237303K->236407K(524224K), 0.0009423 secs] [Times: user=0.00 sys=0.00, real=0.00 secs] 
6.725: [GC (Allocation Failure) 6.725: [DefNew: 896K->0K(960K), 0.0009139 secs] 237303K->236407K(524224K), 0.0009806 secs] [Times: user=0.00 sys=0.00, real=0.00 secs] 
6.727: [GC (Allocation Failure) 6.727: [DefNew: 896K->0K(960K), 0.0008089 secs] 237303K->236407K(524224K), 0.0008661 secs] [Times: user=0.00 sys=0.00, real=0.00 secs] 
6.728: [GC (Allocation Failure) 6.728: [DefNew: 896K->0K(960K), 0.0008021 secs] 237304K->236408K(524224K), 0.0008515 secs] [Times: user=0.00 sys=0.00, real=0.00 secs] 
6.729: [GC (Allocation Failure) 6.729: [DefNew: 896K->0K(960K), 0.0008582 secs] 237304K->236408K(524224K), 0.0009218 secs] [Times: user=0.00 sys=0.00, real=0.00 secs] 
6.731: [GC (Allocation Failure) 6.731: [DefNew: 896K->0K(960K), 0.0008195 secs] 237304K->236408K(524224K), 0.0008811 secs] [Times: user=0.00 sys=0.00, real=0.00 secs] 
6.732: [GC (Allocation Failure) 6.732: [DefNew: 896K->0K(960K), 0.0008199 secs] 237305K->236409K(524224K), 0.0008716 secs] [Times: user=0.01 sys=0.00, real=0.00 secs] 
6.734: [GC (Allocation Failure) 6.734: [DefNew: 896K->0K(960K), 0.0007252 secs] 237305K->236409K(524224K), 0.0007789 secs] [Times: user=0.00 sys=0.00, real=0.00 secs] 
6.735: [GC (Allocation Failure) 6.735: [DefNew: 896K->0K(960K), 0.0011941 secs] 237305K->236409K(524224K), 0.0012786 secs] [Times: user=0.00 sys=0.00, real=0.00 secs] 
6.737: [GC (Allocation Failure) 6.737: [DefNew: 896K->0K(960K), 0.0008933 secs] 237305K->236409K(524224K), 0.0009525 secs] [Times: user=0.00 sys=0.00, real=0.00 secs] 
6.739: [GC (Allocation Failure) 6.739: [DefNew: 896K->0K(960K), 0.0008081 secs] 237306K->236410K(524224K), 0.0008846 secs] [Times: user=0.00 sys=0.00, real=0.00 secs] 
6.740: [GC (Allocation Failure) 6.740: [DefNew: 896K->0K(960K), 0.0008712 secs] 237306K->236410K(524224K), 0.0009249 secs] [Times: user=0.00 sys=0.00, real=0.00 secs] 
6.742: [GC (Allocation Failure) 6.742: [DefNew: 896K->0K(960K), 0.0009036 secs] 237306K->236410K(524224K), 0.0009616 secs] [Times: user=0.00 sys=0.00, real=0.00 secs] 
6.743: [GC (Allocation Failure) 6.743: [DefNew: 896K->0K(960K), 0.0007923 secs] 237306K->236410K(524224K), 0.0008452 secs] [Times: user=0.00 sys=0.00, real=0.00 secs] 
6.744: [GC (Allocation Failure) 6.744: [DefNew: 896K->0K(960K), 0.0008179 secs] 237307K->236411K(524224K), 0.0008752 secs] [Times: user=0.00 sys=0.00, real=0.00 secs] 
6.746: [GC (Allocation Failure) 6.746: [DefNew: 896K->0K(960K), 0.0008057 secs] 237307K->236411K(524224K), 0.0008570 secs] [Times: user=0.00 sys=0.00, real=0.00 secs] 
6.747: [GC (Allocation Failure) 6.747: [DefNew: 896K->0K(960K), 0.0008231 secs] 237307K->236411K(524224K), 0.0008831 secs] [Times: user=0.00 sys=0.00, real=0.00 secs] 
6.748: [GC (Allocation Failure) 6.748: [DefNew: 896K->0K(960K), 0.0008195 secs] 237307K->236411K(524224K), 0.0008752 secs] [Times: user=0.02 sys=0.00, real=0.00 secs] 
6.750: [GC (Allocation Failure) 6.750: [DefNew: 896K->0K(960K), 0.0011961 secs] 237308K->236412K(524224K), 0.0012912 secs] [Times: user=0.00 sys=0.00, real=0.00 secs] 
6.752: [GC (Allocation Failure) 6.752: [DefNew: 896K->0K(960K), 0.0008475 secs] 237308K->236412K(524224K), 0.0009107 secs] [Times: user=0.00 sys=0.00, real=0.00 secs] 
6.753: [GC (Allocation Failure) 6.753: [DefNew: 896K->0K(960K), 0.0007587 secs] 237308K->236412K(524224K), 0.0008037 secs] [Times: user=0.00 sys=0.00, real=0.00 secs] 
6.754: [GC (Allocation Failure) 6.754: [DefNew: 896K->0K(960K), 0.0007690 secs] 237309K->236413K(524224K), 0.0008171 secs] [Times: user=0.00 sys=0.00, real=0.00 secs] 
6.756: [GC (Allocation Failure) 6.756: [DefNew: 896K->0K(960K), 0.0008243 secs] 237309K->236413K(524224K), 0.0009214 secs] [Times: user=0.00 sys=0.00, real=0.00 secs] 
6.757: [GC (Allocation Failure) 6.757: [DefNew: 896K->0K(960K), 0.0007556 secs] 237309K->236413K(524224K), 0.0008128 secs] [Times: user=0.00 sys=0.00, real=0.00 secs] 
6.758: [GC (Allocation Failure) 6.759: [DefNew: 896K->0K(960K), 0.0007366 secs] 237309K->236413K(524224K), 0.0007844 secs] [Times: user=0.00 sys=0.00, real=0.00 secs] 
6.760: [GC (Allocation Failure) 6.760: [DefNew: 896K->0K(960K), 0.0008061 secs] 237310K->236414K(524224K), 0.0008649 secs] [Times: user=0.00 sys=0.00, real=0.00 secs] 
6.761: [GC (Allocation Failure) 6.761: [DefNew: 896K->0K(960K), 0.0007631 secs] 237310K->236414K(524224K), 0.0008140 secs] [Times: user=0.00 sys=0.00, real=0.00 secs] 
6.762: [GC (Allocation Failure) 6.763: [DefNew: 896K->0K(960K), 0.0007339 secs] 237310K->236414K(524224K), 0.0007824 secs] [Times: user=0.00 sys=0.00, real=0.00 secs] 
6.764: [GC (Allocation Failure) 6.764: [DefNew: 896K->0K(960K), 0.0009139 secs] 237310K->236414K(524224K), 0.0009719 secs] [Times: user=0.02 sys=0.00, real=0.00 secs] 
6.765: [GC (Allocation Failure) 6.765: [DefNew: 896K->0K(960K), 0.0010307 secs] 237311K->236415K(524224K), 0.0010986 secs] [Times: user=0.00 sys=0.00, real=0.00 secs] 
6.768: [GC (Allocation Failure) 6.768: [DefNew: 896K->0K(960K), 0.0010173 secs] 237311K->236415K(524224K), 0.0011203 secs] [Times: user=0.00 sys=0.00, real=0.00 secs] 
6.770: [GC (Allocation Failure) 6.770: [DefNew: 896K->0K(960K), 0.0009628 secs] 237311K->236415K(524224K), 0.0010465 secs] [Times: user=0.00 sys=0.00, real=0.00 secs] 
6.771: [GC (Allocation Failure) 6.771: [DefNew: 896K->0K(960K), 0.0009498 secs] 237311K->236415K(524224K), 0.0010311 secs] [Times: user=0.00 sys=0.00, real=0.00 secs] 
6.773: [GC (Allocation Failure) 6.773: [DefNew: 896K->0K(960K), 0.0008969 secs] 237312K->236416K(524224K), 0.0009585 secs] [Times: user=0.00 sys=0.00, real=0.00 secs] 
6.774: [GC (Allocation Failure) 6.774: [DefNew: 896K->0K(960K), 0.0007919 secs] 237312K->236416K(524224K), 0.0008448 secs] [Times: user=0.00 sys=0.00, real=0.00 secs] 
6.776: [GC (Allocation Failure) 6.776: [DefNew: 896K->0K(960K), 0.0007765 secs] 237312K->236416K(524224K), 0.0008254 secs] [Times: user=0.00 sys=0.00, real=0.00 secs] 
6.777: [GC (Allocation Failure) 6.777: [DefNew: 896K->0K(960K), 0.0008870 secs] 237313K->236417K(524224K), 0.0009522 secs] [Times: user=0.00 sys=0.00, real=0.00 secs] 
6.779: [GC (Allocation Failure) 6.779: [DefNew: 896K->0K(960K), 0.0008377 secs] 237313K->236417K(524224K), 0.0009000 secs] [Times: user=0.02 sys=0.00, real=0.00 secs] 
6.780: [GC (Allocation Failure) 6.780: [DefNew: 896K->0K(960K), 0.0007998 secs] 237313K->236417K(524224K), 0.0009004 secs] [Times: user=0.00 sys=0.00, real=0.00 secs] 
6.781: [GC (Allocation Failure) 6.781: [DefNew: 896K->0K(960K), 0.0011306 secs] 237313K->236417K(524224K), 0.0012080 secs] [Times: user=0.00 sys=0.00, real=0.00 secs] 
6.783: [GC (Allocation Failure) 6.783: [DefNew: 896K->0K(960K), 0.0009348 secs] 237314K->236418K(524224K), 0.0010003 secs] [Times: user=0.00 sys=0.00, real=0.00 secs] 
6.785: [GC (Allocation Failure) 6.785: [DefNew: 896K->0K(960K), 0.0009450 secs] 237314K->236418K(524224K), 0.0010011 secs] [Times: user=0.00 sys=0.00, real=0.00 secs] 
6.786: [GC (Allocation Failure) 6.786: [DefNew: 896K->0K(960K), 0.0009273 secs] 237314K->236418K(524224K), 0.0009987 secs] [Times: user=0.00 sys=0.00, real=0.00 secs] 
6.788: [GC (Allocation Failure) 6.788: [DefNew: 896K->0K(960K), 0.0008400 secs] 237314K->236418K(524224K), 0.0009072 secs] [Times: user=0.00 sys=0.00, real=0.00 secs] 
6.789: [GC (Allocation Failure) 6.789: [DefNew: 896K->0K(960K), 0.0008566 secs] 237315K->236419K(524224K), 0.0009249 secs] [Times: user=0.00 sys=0.00, real=0.00 secs] 
6.791: [GC (Allocation Failure) 6.791: [DefNew: 896K->0K(960K), 0.0009060 secs] 237315K->236419K(524224K), 0.0009604 secs] [Times: user=0.00 sys=0.00, real=0.00 secs] 
6.792: [GC (Allocation Failure) 6.792: [DefNew: 896K->0K(960K), 0.0007994 secs] 237315K->236419K(524224K), 0.0008507 secs] [Times: user=0.00 sys=0.00, real=0.00 secs] 
6.794: [GC (Allocation Failure) 6.794: [DefNew: 896K->0K(960K), 0.0008262 secs] 237315K->236419K(524224K), 0.0008783 secs] [Times: user=0.00 sys=0.00, real=0.00 secs] 
6.795: [GC (Allocation Failure) 6.795: [DefNew: 896K->0K(960K), 0.0009056 secs] 237316K->236420K(524224K), 0.0009802 secs] [Times: user=0.02 sys=0.00, real=0.00 secs] 
6.797: [GC (Allocation Failure) 6.797: [DefNew: 896K->0K(960K), 0.0008997 secs] 237316K->236420K(524224K), 0.0009952 secs] [Times: user=0.00 sys=0.00, real=0.00 secs] 
6.799: [GC (Allocation Failure) 6.799: [DefNew: 896K->0K(960K), 0.0008400 secs] 237316K->236420K(524224K), 0.0008969 secs] [Times: user=0.00 sys=0.00, real=0.00 secs] 
6.800: [GC (Allocation Failure) 6.800: [DefNew: 896K->0K(960K), 0.0008361 secs] 237316K->236420K(524224K), 0.0008906 secs] [Times: user=0.00 sys=0.00, real=0.00 secs] 
6.801: [GC (Allocation Failure) 6.801: [DefNew: 896K->0K(960K), 0.0008270 secs] 237317K->236421K(524224K), 0.0008918 secs] [Times: user=0.00 sys=0.00, real=0.00 secs] 
6.803: [GC (Allocation Failure) 6.803: [DefNew: 896K->0K(960K), 0.0008199 secs] 237317K->236421K(524224K), 0.0008748 secs] [Times: user=0.00 sys=0.00, real=0.00 secs] 
6.804: [GC (Allocation Failure) 6.804: [DefNew: 896K->0K(960K), 0.0007445 secs] 237317K->236421K(524224K), 0.0007911 secs] [Times: user=0.00 sys=0.00, real=0.00 secs] 
6.806: [GC (Allocation Failure) 6.806: [DefNew: 896K->0K(960K), 0.0007887 secs] 237318K->236422K(524224K), 0.0008381 secs] [Times: user=0.00 sys=0.00, real=0.00 secs] 
6.807: [GC (Allocation Failure) 6.807: [DefNew: 896K->0K(960K), 0.0007820 secs] 237318K->236422K(524224K), 0.0008329 secs] [Times: user=0.00 sys=0.00, real=0.00 secs] 
6.808: [GC (Allocation Failure) 6.808: [DefNew: 896K->0K(960K), 0.0007031 secs] 237318K->236422K(524224K), 0.0007477 secs] [Times: user=0.00 sys=0.00, real=0.00 secs] 
6.809: [GC (Allocation Failure) 6.809: [DefNew: 896K->0K(960K), 0.0007477 secs] 237318K->236422K(524224K), 0.0007962 secs] [Times: user=0.00 sys=0.00, real=0.00 secs] 
6.811: [GC (Allocation Failure) 6.811: [DefNew: 896K->0K(960K), 0.0008318 secs] 237319K->236423K(524224K), 0.0009115 secs] [Times: user=0.02 sys=0.00, real=0.00 secs] 
6.812: [GC (Allocation Failure) 6.812: [DefNew: 896K->0K(960K), 0.0007441 secs] 237319K->236423K(524224K), 0.0007911 secs] [Times: user=0.00 sys=0.00, real=0.00 secs] 
6.813: [GC (Allocation Failure) 6.813: [DefNew: 896K->0K(960K), 0.0007358 secs] 237319K->236423K(524224K), 0.0007860 secs] [Times: user=0.00 sys=0.00, real=0.00 secs] 
6.815: [GC (Allocation Failure) 6.815: [DefNew: 896K->0K(960K), 0.0008100 secs] 237319K->236423K(524224K), 0.0008606 secs] [Times: user=0.00 sys=0.00, real=0.00 secs] 
6.816: [GC (Allocation Failure) 6.816: [DefNew: 896K->0K(960K), 0.0009423 secs] 237320K->236424K(524224K), 0.0010114 secs] [Times: user=0.00 sys=0.00, real=0.00 secs] 
6.818: [GC (Allocation Failure) 6.818: [DefNew: 896K->0K(960K), 0.0009206 secs] 237320K->236424K(524224K), 0.0010066 secs] [Times: user=0.00 sys=0.00, real=0.00 secs] 
6.820: [GC (Allocation Failure) 6.820: [DefNew: 896K->0K(960K), 0.0008140 secs] 237320K->236424K(524224K), 0.0008645 secs] [Times: user=0.00 sys=0.00, real=0.00 secs] 
6.821: [GC (Allocation Failure) 6.821: [DefNew: 896K->0K(960K), 0.0008610 secs] 237320K->236424K(524224K), 0.0009190 secs] [Times: user=0.00 sys=0.00, real=0.00 secs] 
6.823: [GC (Allocation Failure) 6.823: [DefNew: 896K->0K(960K), 0.0008073 secs] 237321K->236425K(524224K), 0.0008744 secs] [Times: user=0.00 sys=0.00, real=0.00 secs] 
6.824: [GC (Allocation Failure) 6.824: [DefNew: 896K->0K(960K), 0.0007998 secs] 237321K->236425K(524224K), 0.0008499 secs] [Times: user=0.00 sys=0.00, real=0.00 secs] 
6.825: [GC (Allocation Failure) 6.825: [DefNew: 896K->0K(960K), 0.0007891 secs] 237321K->236425K(524224K), 0.0008475 secs] [Times: user=0.00 sys=0.00, real=0.00 secs] 
6.827: [GC (Allocation Failure) 6.827: [DefNew: 896K->0K(960K), 0.0008432 secs] 237322K->236426K(524224K), 0.0009111 secs] [Times: user=0.00 sys=0.00, real=0.00 secs] 
6.828: [GC (Allocation Failure) 6.828: [DefNew: 896K->0K(960K), 0.0010635 secs] 237322K->236426K(524224K), 0.0011444 secs] [Times: user=0.00 sys=0.00, real=0.00 secs] 
6.830: [GC (Allocation Failure) 6.830: [DefNew: 896K->0K(960K), 0.0008550 secs] 237322K->236426K(524224K), 0.0009218 secs] [Times: user=0.00 sys=0.00, real=0.00 secs] 
6.832: [GC (Allocation Failure) 6.832: [DefNew: 896K->0K(960K), 0.0008381 secs] 237322K->236426K(524224K), 0.0009020 secs] [Times: user=0.00 sys=0.00, real=0.00 secs] 
6.833: [GC (Allocation Failure) 6.833: [DefNew: 896K->0K(960K), 0.0008902 secs] 237323K->236427K(524224K), 0.0009411 secs] [Times: user=0.00 sys=0.00, real=0.00 secs] 
6.835: [GC (Allocation Failure) 6.835: [DefNew: 896K->0K(960K), 0.0007189 secs] 237323K->236427K(524224K), 0.0007658 secs] [Times: user=0.00 sys=0.00, real=0.00 secs] 
6.836: [GC (Allocation Failure) 6.836: [DefNew: 896K->0K(960K), 0.0008475 secs] 237323K->236427K(524224K), 0.0009028 secs] [Times: user=0.00 sys=0.00, real=0.00 secs] 
6.837: [GC (Allocation Failure) 6.837: [DefNew: 896K->0K(960K), 0.0009277 secs] 237323K->236427K(524224K), 0.0009877 secs] [Times: user=0.00 sys=0.00, real=0.00 secs] 
6.839: [GC (Allocation Failure) 6.839: [DefNew: 896K->0K(960K), 0.0007887 secs] 237324K->236428K(524224K), 0.0008483 secs] [Times: user=0.00 sys=0.00, real=0.00 secs] 
6.840: [GC (Allocation Failure) 6.840: [DefNew: 896K->0K(960K), 0.0007654 secs] 237324K->236428K(524224K), 0.0008108 secs] [Times: user=0.00 sys=0.00, real=0.00 secs] 
6.842: [GC (Allocation Failure) 6.842: [DefNew: 896K->0K(960K), 0.0007433 secs] 237324K->236428K(524224K), 0.0007911 secs] [Times: user=0.00 sys=0.00, real=0.00 secs] 
6.843: [GC (Allocation Failure) 6.843: [DefNew: 896K->0K(960K), 0.0007153 secs] 237324K->236428K(524224K), 0.0007623 secs] [Times: user=0.00 sys=0.00, real=0.00 secs] 
6.844: [GC (Allocation Failure) 6.844: [DefNew: 896K->0K(960K), 0.0007658 secs] 237325K->236429K(524224K), 0.0008152 secs] [Times: user=0.00 sys=0.00, real=0.00 secs] 
6.845: [GC (Allocation Failure) 6.845: [DefNew: 896K->0K(960K), 0.0007607 secs] 237325K->236429K(524224K), 0.0008096 secs] [Times: user=0.00 sys=0.00, real=0.00 secs] 
6.847: [GC (Allocation Failure) 6.847: [DefNew: 896K->0K(960K), 0.0008049 secs] 237325K->236429K(524224K), 0.0008657 secs] [Times: user=0.00 sys=0.00, real=0.00 secs] 
6.848: [GC (Allocation Failure) 6.848: [DefNew: 896K->0K(960K), 0.0007946 secs] 237326K->236430K(524224K), 0.0008562 secs] [Times: user=0.00 sys=0.00, real=0.00 secs] 
6.850: [GC (Allocation Failure) 6.850: [DefNew: 896K->0K(960K), 0.0008314 secs] 237326K->236430K(524224K), 0.0009415 secs] [Times: user=0.00 sys=0.00, real=0.00 secs] 
6.851: [GC (Allocation Failure) 6.851: [DefNew: 896K->0K(960K), 0.0008239 secs] 237326K->236430K(524224K), 0.0008846 secs] [Times: user=0.00 sys=0.00, real=0.00 secs] 
6.853: [GC (Allocation Failure) 6.853: [DefNew: 896K->0K(960K), 0.0008227 secs] 237326K->236430K(524224K), 0.0008760 secs] [Times: user=0.00 sys=0.00, real=0.00 secs] 
6.854: [GC (Allocation Failure) 6.854: [DefNew: 896K->0K(960K), 0.0007421 secs] 237327K->236431K(524224K), 0.0007907 secs] [Times: user=0.00 sys=0.00, real=0.00 secs] 
6.855: [GC (Allocation Failure) 6.855: [DefNew: 896K->0K(960K), 0.0008021 secs] 237327K->236431K(524224K), 0.0008519 secs] [Times: user=0.00 sys=0.00, real=0.00 secs] 
6.857: [GC (Allocation Failure) 6.857: [DefNew: 896K->0K(960K), 0.0007674 secs] 237327K->236431K(524224K), 0.0008175 secs] [Times: user=0.00 sys=0.00, real=0.00 secs] 
6.858: [GC (Allocation Failure) 6.858: [DefNew: 896K->0K(960K), 0.0007615 secs] 237327K->236431K(524224K), 0.0008077 secs] [Times: user=0.00 sys=0.00, real=0.00 secs] 
6.859: [GC (Allocation Failure) 6.859: [DefNew: 896K->0K(960K), 0.0007998 secs] 237328K->236432K(524224K), 0.0008495 secs] [Times: user=0.00 sys=0.00, real=0.00 secs] 
6.861: [GC (Allocation Failure) 6.861: [DefNew: 896K->0K(960K), 0.0011183 secs] 237328K->236432K(524224K), 0.0012008 secs] [Times: user=0.00 sys=0.00, real=0.00 secs] 
6.863: [GC (Allocation Failure) 6.863: [DefNew: 896K->0K(960K), 0.0009758 secs] 237328K->236432K(524224K), 0.0010627 secs] [Times: user=0.00 sys=0.00, real=0.00 secs] 
6.865: [GC (Allocation Failure) 6.865: [DefNew: 896K->0K(960K), 0.0010122 secs] 237328K->236432K(524224K), 0.0011093 secs] [Times: user=0.00 sys=0.00, real=0.00 secs] 
6.866: [GC (Allocation Failure) 6.866: [DefNew: 896K->0K(960K), 0.0012387 secs] 237329K->236433K(524224K), 0.0013303 secs] [Times: user=0.00 sys=0.00, real=0.00 secs] 
6.868: [GC (Allocation Failure) 6.868: [DefNew: 896K->0K(960K), 0.0012080 secs] 237329K->236433K(524224K), 0.0012834 secs] [Times: user=0.00 sys=0.00, real=0.00 secs] 
6.870: [GC (Allocation Failure) 6.870: [DefNew: 896K->0K(960K), 0.0010962 secs] 237329K->236433K(524224K), 0.0011618 secs] [Times: user=0.00 sys=0.00, real=0.00 secs] 
6.872: [GC (Allocation Failure) 6.872: [DefNew: 896K->0K(960K), 0.0008018 secs] 237330K->236434K(524224K), 0.0008708 secs] [Times: user=0.00 sys=0.00, real=0.00 secs] 
6.873: [GC (Allocation Failure) 6.873: [DefNew: 896K->0K(960K), 0.0007327 secs] 237330K->236434K(524224K), 0.0007789 secs] [Times: user=0.00 sys=0.00, real=0.00 secs] 
6.874: [GC (Allocation Failure) 6.874: [DefNew: 896K->0K(960K), 0.0007619 secs] 237330K->236434K(524224K), 0.0008112 secs] [Times: user=0.00 sys=0.00, real=0.00 secs] 
6.876: [GC (Allocation Failure) 6.876: [DefNew: 896K->0K(960K), 0.0010508 secs] 237330K->236434K(524224K), 0.0011112 secs] [Times: user=0.00 sys=0.00, real=0.00 secs] 
6.878: [GC (Allocation Failure) 6.878: [DefNew: 896K->0K(960K), 0.0008957 secs] 237331K->236435K(524224K), 0.0009565 secs] [Times: user=0.00 sys=0.00, real=0.00 secs] 
6.879: [GC (Allocation Failure) 6.879: [DefNew: 896K->0K(960K), 0.0008527 secs] 237331K->236435K(524224K), 0.0009040 secs] [Times: user=0.00 sys=0.00, real=0.00 secs] 
6.881: [GC (Allocation Failure) 6.881: [DefNew: 896K->0K(960K), 0.0012162 secs] 237331K->236435K(524224K), 0.0012944 secs] [Times: user=0.00 sys=0.00, real=0.00 secs] 
6.883: [GC (Allocation Failure) 6.883: [DefNew: 896K->0K(960K), 0.0008558 secs] 237331K->236435K(524224K), 0.0009281 secs] [Times: user=0.00 sys=0.00, real=0.00 secs] 
6.884: [GC (Allocation Failure) 6.885: [DefNew: 896K->0K(960K), 0.0011633 secs] 237332K->236436K(524224K), 0.0012210 secs] [Times: user=0.00 sys=0.00, real=0.00 secs] 
6.886: [GC (Allocation Failure) 6.886: [DefNew: 896K->0K(960K), 0.0007812 secs] 237332K->236436K(524224K), 0.0008393 secs] [Times: user=0.00 sys=0.00, real=0.00 secs] 
6.888: [GC (Allocation Failure) 6.888: [DefNew: 896K->0K(960K), 0.0008460 secs] 237332K->236436K(524224K), 0.0009158 secs] [Times: user=0.00 sys=0.00, real=0.00 secs] 
6.890: [GC (Allocation Failure) 6.890: [DefNew: 896K->0K(960K), 0.0012936 secs] 237332K->236436K(524224K), 0.0014061 secs] [Times: user=0.00 sys=0.00, real=0.00 secs] 
6.892: [GC (Allocation Failure) 6.892: [DefNew: 896K->0K(960K), 0.0012541 secs] 237333K->236437K(524224K), 0.0013398 secs] [Times: user=0.00 sys=0.00, real=0.00 secs] 
6.894: [GC (Allocation Failure) 6.894: [DefNew: 896K->0K(960K), 0.0008558 secs] 237333K->236437K(524224K), 0.0009083 secs] [Times: user=0.00 sys=0.00, real=0.00 secs] 
6.895: [GC (Allocation Failure) 6.895: [DefNew: 896K->0K(960K), 0.0010643 secs] 237333K->236437K(524224K), 0.0011385 secs] [Times: user=0.00 sys=0.00, real=0.00 secs] 
6.897: [GC (Allocation Failure) 6.897: [DefNew: 896K->0K(960K), 0.0008495 secs] 237333K->236437K(524224K), 0.0009083 secs] [Times: user=0.00 sys=0.00, real=0.00 secs] 
6.898: [GC (Allocation Failure) 6.898: [DefNew: 896K->0K(960K), 0.0008558 secs] 237334K->236438K(524224K), 0.0009095 secs] [Times: user=0.00 sys=0.00, real=0.00 secs] 
6.900: [GC (Allocation Failure) 6.900: [DefNew: 896K->0K(960K), 0.0008558 secs] 237334K->236438K(524224K), 0.0009119 secs] [Times: user=0.00 sys=0.00, real=0.00 secs] 
6.901: [GC (Allocation Failure) 6.901: [DefNew: 896K->0K(960K), 0.0008550 secs] 237334K->236438K(524224K), 0.0009198 secs] [Times: user=0.00 sys=0.00, real=0.00 secs] 
6.903: [GC (Allocation Failure) 6.903: [DefNew: 896K->0K(960K), 0.0010718 secs] 237335K->236439K(524224K), 0.0011491 secs] [Times: user=0.00 sys=0.00, real=0.00 secs] 
6.904: [GC (Allocation Failure) 6.904: [DefNew: 896K->0K(960K), 0.0007943 secs] 237335K->236439K(524224K), 0.0008491 secs] [Times: user=0.02 sys=0.00, real=0.00 secs] 
6.906: [GC (Allocation Failure) 6.906: [DefNew: 896K->0K(960K), 0.0009107 secs] 237335K->236439K(524224K), 0.0009640 secs] [Times: user=0.00 sys=0.00, real=0.00 secs] 
6.907: [GC (Allocation Failure) 6.907: [DefNew: 896K->0K(960K), 0.0011930 secs] 237335K->236439K(524224K), 0.0012956 secs] [Times: user=0.00 sys=0.00, real=0.00 secs] 
6.909: [GC (Allocation Failure) 6.909: [DefNew: 896K->0K(960K), 0.0008002 secs] 237336K->236440K(524224K), 0.0008582 secs] [Times: user=0.00 sys=0.00, real=0.00 secs] 
6.911: [GC (Allocation Failure) 6.911: [DefNew: 896K->0K(960K), 0.0007362 secs] 237336K->236440K(524224K), 0.0007812 secs] [Times: user=0.00 sys=0.00, real=0.00 secs] 
6.912: [GC (Allocation Failure) 6.912: [DefNew: 896K->0K(960K), 0.0007994 secs] 237336K->236440K(524224K), 0.0008515 secs] [Times: user=0.00 sys=0.00, real=0.00 secs] 
6.913: [GC (Allocation Failure) 6.913: [DefNew: 896K->0K(960K), 0.0007958 secs] 237336K->236440K(524224K), 0.0008475 secs] [Times: user=0.00 sys=0.00, real=0.00 secs] 
6.915: [GC (Allocation Failure) 6.915: [DefNew: 896K->0K(960K), 0.0007868 secs] 237337K->236441K(524224K), 0.0008424 secs] [Times: user=0.00 sys=0.00, real=0.00 secs] 
6.916: [GC (Allocation Failure) 6.916: [DefNew: 896K->0K(960K), 0.0008846 secs] 237337K->236441K(524224K), 0.0009474 secs] [Times: user=0.00 sys=0.00, real=0.00 secs] 
6.918: [GC (Allocation Failure) 6.918: [DefNew: 896K->0K(960K), 0.0008515 secs] 237337K->236441K(524224K), 0.0009072 secs] [Times: user=0.00 sys=0.00, real=0.00 secs] 
6.919: [GC (Allocation Failure) 6.919: [DefNew: 896K->0K(960K), 0.0008562 secs] 237337K->236441K(524224K), 0.0009064 secs] [Times: user=0.00 sys=0.00, real=0.00 secs] 
6.920: [GC (Allocation Failure) 6.920: [DefNew: 896K->0K(960K), 0.0009498 secs] 237338K->236442K(524224K), 0.0010078 secs] [Times: user=0.00 sys=0.00, real=0.00 secs] 
6.922: [GC (Allocation Failure) 6.922: [DefNew: 896K->0K(960K), 0.0011010 secs] 237338K->236442K(524224K), 0.0011795 secs] [Times: user=0.00 sys=0.00, real=0.00 secs] 
6.924: [GC (Allocation Failure) 6.924: [DefNew: 896K->0K(960K), 0.0011310 secs] 237338K->236442K(524224K), 0.0012182 secs] [Times: user=0.00 sys=0.00, real=0.00 secs] 
6.926: [GC (Allocation Failure) 6.926: [DefNew: 896K->0K(960K), 0.0011776 secs] 237339K->236443K(524224K), 0.0012514 secs] [Times: user=0.00 sys=0.00, real=0.00 secs] 
6.928: [GC (Allocation Failure) 6.928: [DefNew: 896K->0K(960K), 0.0011053 secs] 237339K->236443K(524224K), 0.0012920 secs] [Times: user=0.00 sys=0.00, real=0.00 secs] 
6.929: [GC (Allocation Failure) 6.930: [DefNew: 896K->0K(960K), 0.0008898 secs] 237339K->236443K(524224K), 0.0009525 secs] [Times: user=0.00 sys=0.00, real=0.00 secs] 
6.931: [GC (Allocation Failure) 6.931: [DefNew: 896K->0K(960K), 0.0007946 secs] 237339K->236443K(524224K), 0.0008471 secs] [Times: user=0.00 sys=0.00, real=0.00 secs] 
6.932: [GC (Allocation Failure) 6.932: [DefNew: 896K->0K(960K), 0.0008862 secs] 237340K->236444K(524224K), 0.0009439 secs] [Times: user=0.00 sys=0.00, real=0.00 secs] 
6.934: [GC (Allocation Failure) 6.934: [DefNew: 896K->0K(960K), 0.0009214 secs] 237340K->236444K(524224K), 0.0010051 secs] [Times: user=0.00 sys=0.00, real=0.00 secs] 
6.935: [GC (Allocation Failure) 6.936: [DefNew: 896K->0K(960K), 0.0009853 secs] 237340K->236444K(524224K), 0.0010544 secs] [Times: user=0.02 sys=0.00, real=0.00 secs] 
6.937: [GC (Allocation Failure) 6.937: [DefNew: 896K->0K(960K), 0.0008049 secs] 237340K->236444K(524224K), 0.0008535 secs] [Times: user=0.00 sys=0.00, real=0.00 secs] 
6.938: [GC (Allocation Failure) 6.938: [DefNew: 896K->0K(960K), 0.0008037 secs] 237341K->236445K(524224K), 0.0008602 secs] [Times: user=0.00 sys=0.00, real=0.00 secs] 
6.940: [GC (Allocation Failure) 6.940: [DefNew: 896K->0K(960K), 0.0008089 secs] 237341K->236445K(524224K), 0.0008594 secs] [Times: user=0.00 sys=0.00, real=0.00 secs] 
6.941: [GC (Allocation Failure) 6.941: [DefNew: 896K->0K(960K), 0.0007943 secs] 237341K->236445K(524224K), 0.0008590 secs] [Times: user=0.00 sys=0.00, real=0.00 secs] 
6.943: [GC (Allocation Failure) 6.943: [DefNew: 896K->0K(960K), 0.0011551 secs] 237341K->236445K(524224K), 0.0012376 secs] [Times: user=0.00 sys=0.00, real=0.00 secs] 
6.945: [GC (Allocation Failure) 6.945: [DefNew: 896K->0K(960K), 0.0009174 secs] 237342K->236446K(524224K), 0.0009952 secs] [Times: user=0.00 sys=0.00, real=0.00 secs] 
6.946: [GC (Allocation Failure) 6.946: [DefNew: 896K->0K(960K), 0.0010698 secs] 237342K->236446K(524224K), 0.0011555 secs] [Times: user=0.00 sys=0.00, real=0.00 secs] 
6.948: [GC (Allocation Failure) 6.948: [DefNew: 896K->0K(960K), 0.0011420 secs] 237342K->236446K(524224K), 0.0012202 secs] [Times: user=0.00 sys=0.00, real=0.00 secs] 
6.950: [GC (Allocation Failure) 6.950: [DefNew: 896K->0K(960K), 0.0011472 secs] 237343K->236447K(524224K), 0.0012427 secs] [Times: user=0.00 sys=0.00, real=0.00 secs] 
6.952: [GC (Allocation Failure) 6.952: [DefNew: 896K->0K(960K), 0.0012068 secs] 237343K->236447K(524224K), 0.0012830 secs] [Times: user=0.01 sys=0.00, real=0.00 secs] 
6.954: [GC (Allocation Failure) 6.954: [DefNew: 896K->0K(960K), 0.0011476 secs] 237343K->236447K(524224K), 0.0012305 secs] [Times: user=0.00 sys=0.00, real=0.00 secs] 
6.956: [GC (Allocation Failure) 6.956: [DefNew: 896K->0K(960K), 0.0013122 secs] 237343K->236447K(524224K), 0.0014144 secs] [Times: user=0.00 sys=0.00, real=0.00 secs] 
6.958: [GC (Allocation Failure) 6.958: [DefNew: 896K->0K(960K), 0.0009131 secs] 237344K->236448K(524224K), 0.0010015 secs] [Times: user=0.00 sys=0.00, real=0.00 secs] 
6.960: [GC (Allocation Failure) 6.960: [DefNew: 896K->0K(960K), 0.0008700 secs] 237344K->236448K(524224K), 0.0009375 secs] [Times: user=0.00 sys=0.00, real=0.00 secs] 
6.962: [GC (Allocation Failure) 6.962: [DefNew: 896K->0K(960K), 0.0009845 secs] 237344K->236448K(524224K), 0.0010576 secs] [Times: user=0.00 sys=0.00, real=0.00 secs] 
6.964: [GC (Allocation Failure) 6.964: [DefNew: 896K->0K(960K), 0.0008760 secs] 237344K->236448K(524224K), 0.0009514 secs] [Times: user=0.00 sys=0.00, real=0.00 secs] 
6.965: [GC (Allocation Failure) 6.965: [DefNew: 896K->0K(960K), 0.0008112 secs] 237345K->236449K(524224K), 0.0008665 secs] [Times: user=0.00 sys=0.00, real=0.00 secs] 
6.967: [GC (Allocation Failure) 6.967: [DefNew: 896K->0K(960K), 0.0007919 secs] 237345K->236449K(524224K), 0.0008408 secs] [Times: user=0.02 sys=0.00, real=0.00 secs] 
6.968: [GC (Allocation Failure) 6.968: [DefNew: 896K->0K(960K), 0.0008250 secs] 237345K->236449K(524224K), 0.0008783 secs] [Times: user=0.00 sys=0.00, real=0.00 secs] 
6.969: [GC (Allocation Failure) 6.970: [DefNew: 896K->0K(960K), 0.0007820 secs] 237345K->236449K(524224K), 0.0008408 secs] [Times: user=0.00 sys=0.00, real=0.00 secs] 
6.971: [GC (Allocation Failure) 6.971: [DefNew: 896K->0K(960K), 0.0007678 secs] 237346K->236450K(524224K), 0.0008152 secs] [Times: user=0.00 sys=0.00, real=0.00 secs] 
6.972: [GC (Allocation Failure) 6.972: [DefNew: 896K->0K(960K), 0.0008448 secs] 237346K->236450K(524224K), 0.0009095 secs] [Times: user=0.00 sys=0.00, real=0.00 secs] 
6.974: [GC (Allocation Failure) 6.974: [DefNew: 896K->0K(960K), 0.0010970 secs] 237346K->236450K(524224K), 0.0011843 secs] [Times: user=0.00 sys=0.00, real=0.00 secs] 
6.976: [GC (Allocation Failure) 6.977: [DefNew: 896K->0K(960K), 0.0009664 secs] 237347K->236451K(524224K), 0.0010686 secs] [Times: user=0.00 sys=0.00, real=0.00 secs] 
6.978: [GC (Allocation Failure) 6.978: [DefNew: 896K->0K(960K), 0.0009004 secs] 237347K->236451K(524224K), 0.0009597 secs] [Times: user=0.00 sys=0.00, real=0.00 secs] 
6.980: [GC (Allocation Failure) 6.980: [DefNew: 896K->0K(960K), 0.0008764 secs] 237347K->236451K(524224K), 0.0009273 secs] [Times: user=0.00 sys=0.00, real=0.00 secs] 
6.981: [GC (Allocation Failure) 6.981: [DefNew: 896K->0K(960K), 0.0010690 secs] 237347K->236451K(524224K), 0.0011657 secs] [Times: user=0.00 sys=0.00, real=0.00 secs] 
6.983: [GC (Allocation Failure) 6.983: [DefNew: 896K->0K(960K), 0.0012095 secs] 237348K->236452K(524224K), 0.0013122 secs] [Times: user=0.00 sys=0.00, real=0.00 secs] 
6.986: [GC (Allocation Failure) 6.986: [DefNew: 896K->0K(960K), 0.0011558 secs] 237348K->236452K(524224K), 0.0012612 secs] [Times: user=0.00 sys=0.00, real=0.00 secs] 
6.988: [GC (Allocation Failure) 6.988: [DefNew: 896K->0K(960K), 0.0008436 secs] 237348K->236452K(524224K), 0.0009206 secs] [Times: user=0.00 sys=0.00, real=0.00 secs] 
6.989: [GC (Allocation Failure) 6.990: [DefNew: 896K->0K(960K), 0.0009095 secs] 237348K->236452K(524224K), 0.0009747 secs] [Times: user=0.00 sys=0.00, real=0.00 secs] 
6.991: [GC (Allocation Failure) 6.991: [DefNew: 896K->0K(960K), 0.0008539 secs] 237349K->236453K(524224K), 0.0009083 secs] [Times: user=0.00 sys=0.00, real=0.00 secs] 
6.992: [GC (Allocation Failure) 6.992: [DefNew: 896K->0K(960K), 0.0008633 secs] 237349K->236453K(524224K), 0.0009257 secs] [Times: user=0.00 sys=0.00, real=0.00 secs] 
6.994: [GC (Allocation Failure) 6.994: [DefNew: 896K->0K(960K), 0.0008294 secs] 237349K->236453K(524224K), 0.0008799 secs] [Times: user=0.00 sys=0.00, real=0.00 secs] 
6.995: [GC (Allocation Failure) 6.995: [DefNew: 896K->0K(960K), 0.0007666 secs] 237349K->236453K(524224K), 0.0008160 secs] [Times: user=0.00 sys=0.00, real=0.00 secs] 
6.997: [GC (Allocation Failure) 6.997: [DefNew: 896K->0K(960K), 0.0007796 secs] 237350K->236454K(524224K), 0.0008318 secs] [Times: user=0.00 sys=0.00, real=0.00 secs] 
6.998: [GC (Allocation Failure) 6.998: [DefNew: 896K->0K(960K), 0.0009897 secs] 237350K->236454K(524224K), 0.0011318 secs] [Times: user=0.00 sys=0.00, real=0.00 secs] 
7.000: [GC (Allocation Failure) 7.000: [DefNew: 896K->0K(960K), 0.0008614 secs] 237350K->236454K(524224K), 0.0009308 secs] [Times: user=0.00 sys=0.00, real=0.00 secs] 
7.001: [GC (Allocation Failure) 7.001: [DefNew: 896K->0K(960K), 0.0007702 secs] 237350K->236454K(524224K), 0.0008179 secs] [Times: user=0.00 sys=0.00, real=0.00 secs] 
7.002: [GC (Allocation Failure) 7.002: [DefNew: 896K->0K(960K), 0.0007840 secs] 237351K->236455K(524224K), 0.0008436 secs] [Times: user=0.00 sys=0.00, real=0.00 secs] 
7.004: [GC (Allocation Failure) 7.004: [DefNew: 896K->0K(960K), 0.0008203 secs] 237351K->236455K(524224K), 0.0009012 secs] [Times: user=0.00 sys=0.00, real=0.00 secs] 
7.005: [GC (Allocation Failure) 7.005: [DefNew: 896K->0K(960K), 0.0008665 secs] 237351K->236455K(524224K), 0.0009269 secs] [Times: user=0.00 sys=0.00, real=0.00 secs] 
7.007: [GC (Allocation Failure) 7.007: [DefNew: 896K->0K(960K), 0.0008290 secs] 237352K->236456K(524224K), 0.0008823 secs] [Times: user=0.00 sys=0.00, real=0.00 secs] 
7.008: [GC (Allocation Failure) 7.008: [DefNew: 896K->0K(960K), 0.0007725 secs] 237352K->236456K(524224K), 0.0008266 secs] [Times: user=0.00 sys=0.00, real=0.00 secs] 
7.010: [GC (Allocation Failure) 7.010: [DefNew: 896K->0K(960K), 0.0007978 secs] 237352K->236456K(524224K), 0.0008475 secs] [Times: user=0.00 sys=0.00, real=0.00 secs] 
7.011: [GC (Allocation Failure) 7.011: [DefNew: 896K->0K(960K), 0.0007939 secs] 237352K->236456K(524224K), 0.0008436 secs] [Times: user=0.00 sys=0.00, real=0.00 secs] 
7.012: [GC (Allocation Failure) 7.012: [DefNew: 896K->0K(960K), 0.0007291 secs] 237353K->236457K(524224K), 0.0007860 secs] [Times: user=0.00 sys=0.00, real=0.00 secs] 
7.014: [GC (Allocation Failure) 7.014: [DefNew: 896K->0K(960K), 0.0007950 secs] 237353K->236457K(524224K), 0.0008432 secs] [Times: user=0.02 sys=0.00, real=0.00 secs] 
7.015: [GC (Allocation Failure) 7.015: [DefNew: 896K->0K(960K), 0.0012589 secs] 237353K->236457K(524224K), 0.0013753 secs] [Times: user=0.00 sys=0.00, real=0.00 secs] 
7.017: [GC (Allocation Failure) 7.017: [DefNew: 896K->0K(960K), 0.0008760 secs] 237353K->236457K(524224K), 0.0009411 secs] [Times: user=0.00 sys=0.00, real=0.00 secs] 
7.019: [GC (Allocation Failure) 7.019: [DefNew: 896K->0K(960K), 0.0008329 secs] 237354K->236458K(524224K), 0.0008985 secs] [Times: user=0.00 sys=0.00, real=0.00 secs] 
7.020: [GC (Allocation Failure) 7.020: [DefNew: 896K->0K(960K), 0.0008657 secs] 237354K->236458K(524224K), 0.0009245 secs] [Times: user=0.00 sys=0.00, real=0.00 secs] 
7.021: [GC (Allocation Failure) 7.021: [DefNew: 896K->0K(960K), 0.0008207 secs] 237354K->236458K(524224K), 0.0008843 secs] [Times: user=0.00 sys=0.00, real=0.00 secs] 
7.023: [GC (Allocation Failure) 7.023: [DefNew: 896K->0K(960K), 0.0008349 secs] 237354K->236458K(524224K), 0.0008870 secs] [Times: user=0.00 sys=0.00, real=0.00 secs] 
7.024: [GC (Allocation Failure) 7.024: [DefNew: 896K->0K(960K), 0.0008302 secs] 237355K->236459K(524224K), 0.0008874 secs] [Times: user=0.00 sys=0.00, real=0.00 secs] 
7.026: [GC (Allocation Failure) 7.026: [DefNew: 896K->0K(960K), 0.0008199 secs] 237355K->236459K(524224K), 0.0008704 secs] [Times: user=0.00 sys=0.00, real=0.00 secs] 
7.027: [GC (Allocation Failure) 7.027: [DefNew: 896K->0K(960K), 0.0007721 secs] 237355K->236459K(524224K), 0.0008266 secs] [Times: user=0.00 sys=0.00, real=0.00 secs] 
7.028: [GC (Allocation Failure) 7.028: [DefNew: 896K->0K(960K), 0.0007773 secs] 237356K->236460K(524224K), 0.0008262 secs] [Times: user=0.00 sys=0.00, real=0.00 secs] 
7.029: [GC (Allocation Failure) 7.029: [DefNew: 896K->0K(960K), 0.0007244 secs] 237356K->236460K(524224K), 0.0007717 secs] [Times: user=0.02 sys=0.00, real=0.00 secs] 
7.031: [GC (Allocation Failure) 7.031: [DefNew: 896K->0K(960K), 0.0007753 secs] 237356K->236460K(524224K), 0.0008262 secs] [Times: user=0.00 sys=0.00, real=0.00 secs] 
7.032: [GC (Allocation Failure) 7.032: [DefNew: 896K->0K(960K), 0.0010568 secs] 237356K->236460K(524224K), 0.0011278 secs] [Times: user=0.00 sys=0.00, real=0.00 secs] 
7.034: [GC (Allocation Failure) 7.034: [DefNew: 896K->0K(960K), 0.0008550 secs] 237357K->236461K(524224K), 0.0009182 secs] [Times: user=0.00 sys=0.00, real=0.00 secs] 
7.035: [GC (Allocation Failure) 7.035: [DefNew: 896K->0K(960K), 0.0007591 secs] 237357K->236461K(524224K), 0.0008081 secs] [Times: user=0.00 sys=0.00, real=0.00 secs] 
7.037: [GC (Allocation Failure) 7.037: [DefNew: 896K->0K(960K), 0.0007571 secs] 237357K->236461K(524224K), 0.0008160 secs] [Times: user=0.00 sys=0.00, real=0.00 secs] 
7.038: [GC (Allocation Failure) 7.038: [DefNew: 896K->0K(960K), 0.0008104 secs] 237357K->236461K(524224K), 0.0008606 secs] [Times: user=0.00 sys=0.00, real=0.00 secs] 
7.039: [GC (Allocation Failure) 7.039: [DefNew: 896K->0K(960K), 0.0007907 secs] 237358K->236462K(524224K), 0.0008436 secs] [Times: user=0.00 sys=0.00, real=0.00 secs] 
7.041: [GC (Allocation Failure) 7.041: [DefNew: 896K->0K(960K), 0.0007196 secs] 237358K->236462K(524224K), 0.0007670 secs] [Times: user=0.00 sys=0.00, real=0.00 secs] 
7.042: [GC (Allocation Failure) 7.042: [DefNew: 896K->0K(960K), 0.0007054 secs] 237358K->236462K(524224K), 0.0007532 secs] [Times: user=0.00 sys=0.00, real=0.00 secs] 
7.043: [GC (Allocation Failure) 7.043: [DefNew: 896K->0K(960K), 0.0007512 secs] 237358K->236462K(524224K), 0.0008033 secs] [Times: user=0.00 sys=0.00, real=0.00 secs] 
7.045: [GC (Allocation Failure) 7.045: [DefNew: 896K->0K(960K), 0.0006837 secs] 237359K->236463K(524224K), 0.0007342 secs] [Times: user=0.02 sys=0.00, real=0.00 secs] 
7.046: [GC (Allocation Failure) 7.046: [DefNew: 896K->0K(960K), 0.0007461 secs] 237359K->236463K(524224K), 0.0007943 secs] [Times: user=0.00 sys=0.00, real=0.00 secs] 
7.047: [GC (Allocation Failure) 7.047: [DefNew: 896K->0K(960K), 0.0010777 secs] 237359K->236463K(524224K), 0.0011783 secs] [Times: user=0.00 sys=0.00, real=0.00 secs] 
7.049: [GC (Allocation Failure) 7.049: [DefNew: 896K->0K(960K), 0.0009715 secs] 237360K->236464K(524224K), 0.0010461 secs] [Times: user=0.00 sys=0.00, real=0.00 secs] 
7.051: [GC (Allocation Failure) 7.051: [DefNew: 896K->0K(960K), 0.0008902 secs] 237360K->236464K(524224K), 0.0009569 secs] [Times: user=0.00 sys=0.00, real=0.00 secs] 
7.052: [GC (Allocation Failure) 7.052: [DefNew: 896K->0K(960K), 0.0008704 secs] 237360K->236464K(524224K), 0.0009328 secs] [Times: user=0.00 sys=0.00, real=0.00 secs] 
7.054: [GC (Allocation Failure) 7.054: [DefNew: 896K->0K(960K), 0.0008223 secs] 237360K->236464K(524224K), 0.0008724 secs] [Times: user=0.00 sys=0.00, real=0.00 secs] 
7.055: [GC (Allocation Failure) 7.055: [DefNew: 896K->0K(960K), 0.0008045 secs] 237361K->236465K(524224K), 0.0008685 secs] [Times: user=0.00 sys=0.00, real=0.00 secs] 
7.057: [GC (Allocation Failure) 7.057: [DefNew: 896K->0K(960K), 0.0008310 secs] 237361K->236465K(524224K), 0.0008823 secs] [Times: user=0.00 sys=0.00, real=0.00 secs] 
7.058: [GC (Allocation Failure) 7.058: [DefNew: 896K->0K(960K), 0.0009514 secs] 237361K->236465K(524224K), 0.0010228 secs] [Times: user=0.00 sys=0.00, real=0.00 secs] 
7.060: [GC (Allocation Failure) 7.060: [DefNew: 896K->0K(960K), 0.0008006 secs] 237361K->236465K(524224K), 0.0008677 secs] [Times: user=0.00 sys=0.00, real=0.00 secs] 
7.061: [GC (Allocation Failure) 7.061: [DefNew: 896K->0K(960K), 0.0007398 secs] 237362K->236466K(524224K), 0.0007864 secs] [Times: user=0.00 sys=0.00, real=0.00 secs] 
7.062: [GC (Allocation Failure) 7.062: [DefNew: 896K->0K(960K), 0.0007662 secs] 237362K->236466K(524224K), 0.0008152 secs] [Times: user=0.00 sys=0.00, real=0.00 secs] 
7.064: [GC (Allocation Failure) 7.064: [DefNew: 896K->0K(960K), 0.0007840 secs] 237362K->236466K(524224K), 0.0008373 secs] [Times: user=0.00 sys=0.00, real=0.00 secs] 
7.065: [GC (Allocation Failure) 7.065: [DefNew: 896K->0K(960K), 0.0007694 secs] 237362K->236466K(524224K), 0.0008199 secs] [Times: user=0.00 sys=0.00, real=0.00 secs] 
7.066: [GC (Allocation Failure) 7.066: [DefNew: 896K->0K(960K), 0.0007575 secs] 237363K->236467K(524224K), 0.0008124 secs] [Times: user=0.00 sys=0.00, real=0.00 secs] 
7.068: [GC (Allocation Failure) 7.068: [DefNew: 896K->0K(960K), 0.0009143 secs] 237363K->236467K(524224K), 0.0009968 secs] [Times: user=0.00 sys=0.00, real=0.00 secs] 
7.069: [GC (Allocation Failure) 7.069: [DefNew: 896K->0K(960K), 0.0008345 secs] 237363K->236467K(524224K), 0.0008898 secs] [Times: user=0.00 sys=0.00, real=0.00 secs] 
7.071: [GC (Allocation Failure) 7.071: [DefNew: 896K->0K(960K), 0.0008231 secs] 237364K->236468K(524224K), 0.0008779 secs] [Times: user=0.00 sys=0.00, real=0.00 secs] 
7.072: [GC (Allocation Failure) 7.072: [DefNew: 896K->0K(960K), 0.0007339 secs] 237364K->236468K(524224K), 0.0007824 secs] [Times: user=0.00 sys=0.00, real=0.00 secs] 
7.073: [GC (Allocation Failure) 7.073: [DefNew: 896K->0K(960K), 0.0007919 secs] 237364K->236468K(524224K), 0.0008420 secs] [Times: user=0.00 sys=0.00, real=0.00 secs] 
7.075: [GC (Allocation Failure) 7.075: [DefNew: 896K->0K(960K), 0.0008116 secs] 237364K->236468K(524224K), 0.0008645 secs] [Times: user=0.00 sys=0.00, real=0.00 secs] 
7.076: [GC (Allocation Failure) 7.076: [DefNew: 896K->0K(960K), 0.0007595 secs] 237365K->236469K(524224K), 0.0008156 secs] [Times: user=0.01 sys=0.00, real=0.00 secs] 
7.078: [GC (Allocation Failure) 7.078: [DefNew: 896K->0K(960K), 0.0008171 secs] 237365K->236469K(524224K), 0.0008760 secs] [Times: user=0.00 sys=0.00, real=0.00 secs] 
7.079: [GC (Allocation Failure) 7.079: [DefNew: 896K->0K(960K), 0.0010287 secs] 237365K->236469K(524224K), 0.0011101 secs] [Times: user=0.00 sys=0.00, real=0.00 secs] 
7.081: [GC (Allocation Failure) 7.081: [DefNew: 896K->0K(960K), 0.0009352 secs] 237365K->236469K(524224K), 0.0009956 secs] [Times: user=0.00 sys=0.00, real=0.00 secs] 
7.082: [GC (Allocation Failure) 7.082: [DefNew: 896K->0K(960K), 0.0008053 secs] 237366K->236470K(524224K), 0.0008645 secs] [Times: user=0.00 sys=0.00, real=0.00 secs] 
7.083: [GC (Allocation Failure) 7.083: [DefNew: 896K->0K(960K), 0.0007907 secs] 237366K->236470K(524224K), 0.0008396 secs] [Times: user=0.00 sys=0.00, real=0.00 secs] 
7.085: [GC (Allocation Failure) 7.085: [DefNew: 896K->0K(960K), 0.0010410 secs] 237366K->236470K(524224K), 0.0011183 secs] [Times: user=0.00 sys=0.00, real=0.00 secs] 
7.086: [GC (Allocation Failure) 7.086: [DefNew: 896K->0K(960K), 0.0008373 secs] 237366K->236470K(524224K), 0.0008977 secs] [Times: user=0.00 sys=0.00, real=0.00 secs] 
7.088: [GC (Allocation Failure) 7.088: [DefNew: 896K->0K(960K), 0.0008621 secs] 237367K->236471K(524224K), 0.0009178 secs] [Times: user=0.00 sys=0.00, real=0.00 secs] 
7.089: [GC (Allocation Failure) 7.089: [DefNew: 896K->0K(960K), 0.0008349 secs] 237367K->236471K(524224K), 0.0008922 secs] [Times: user=0.00 sys=0.00, real=0.00 secs] 
7.091: [GC (Allocation Failure) 7.091: [DefNew: 896K->0K(960K), 0.0008025 secs] 237367K->236471K(524224K), 0.0008531 secs] [Times: user=0.00 sys=0.00, real=0.00 secs] 
7.092: [GC (Allocation Failure) 7.092: [DefNew: 896K->0K(960K), 0.0007777 secs] 237367K->236471K(524224K), 0.0008278 secs] [Times: user=0.00 sys=0.00, real=0.00 secs] 
7.093: [GC (Allocation Failure) 7.093: [DefNew: 896K->0K(960K), 0.0007571 secs] 237368K->236472K(524224K), 0.0008140 secs] [Times: user=0.00 sys=0.00, real=0.00 secs] 
7.095: [GC (Allocation Failure) 7.095: [DefNew: 896K->0K(960K), 0.0007950 secs] 237368K->236472K(524224K), 0.0008539 secs] [Times: user=0.00 sys=0.00, real=0.00 secs] 
7.096: [GC (Allocation Failure) 7.096: [DefNew: 896K->0K(960K), 0.0008539 secs] 237368K->236472K(524224K), 0.0009162 secs] [Times: user=0.00 sys=0.00, real=0.00 secs] 
7.098: [GC (Allocation Failure) 7.098: [DefNew: 896K->0K(960K), 0.0009545 secs] 237369K->236473K(524224K), 0.0010445 secs] [Times: user=0.00 sys=0.00, real=0.00 secs] 
7.099: [GC (Allocation Failure) 7.099: [DefNew: 896K->0K(960K), 0.0011870 secs] 237369K->236473K(524224K), 0.0012814 secs] [Times: user=0.00 sys=0.00, real=0.00 secs] 
7.101: [GC (Allocation Failure) 7.101: [DefNew: 896K->0K(960K), 0.0008053 secs] 237369K->236473K(524224K), 0.0008602 secs] [Times: user=0.00 sys=0.00, real=0.00 secs] 
7.103: [GC (Allocation Failure) 7.103: [DefNew: 896K->0K(960K), 0.0007943 secs] 237369K->236473K(524224K), 0.0008535 secs] [Times: user=0.00 sys=0.00, real=0.00 secs] 
7.104: [GC (Allocation Failure) 7.104: [DefNew: 896K->0K(960K), 0.0008116 secs] 237370K->236474K(524224K), 0.0008827 secs] [Times: user=0.00 sys=0.00, real=0.00 secs] 
7.105: [GC (Allocation Failure) 7.105: [DefNew: 896K->0K(960K), 0.0007800 secs] 237370K->236474K(524224K), 0.0008385 secs] [Times: user=0.00 sys=0.00, real=0.00 secs] 
7.107: [GC (Allocation Failure) 7.107: [DefNew: 896K->0K(960K), 0.0007733 secs] 237370K->236474K(524224K), 0.0008341 secs] [Times: user=0.00 sys=0.00, real=0.00 secs] 
7.108: [GC (Allocation Failure) 7.108: [DefNew: 896K->0K(960K), 0.0010070 secs] 237370K->236474K(524224K), 0.0011116 secs] [Times: user=0.00 sys=0.00, real=0.00 secs] 
7.110: [GC (Allocation Failure) 7.110: [DefNew: 896K->0K(960K), 0.0008306 secs] 237371K->236475K(524224K), 0.0009016 secs] [Times: user=0.00 sys=0.00, real=0.00 secs] 
7.112: [GC (Allocation Failure) 7.112: [DefNew: 896K->0K(960K), 0.0008254 secs] 237371K->236475K(524224K), 0.0008823 secs] [Times: user=0.00 sys=0.00, real=0.00 secs] 
7.113: [GC (Allocation Failure) 7.113: [DefNew: 896K->0K(960K), 0.0008077 secs] 237371K->236475K(524224K), 0.0008586 secs] [Times: user=0.00 sys=0.00, real=0.00 secs] 
7.114: [GC (Allocation Failure) 7.114: [DefNew: 896K->0K(960K), 0.0008929 secs] 237371K->236475K(524224K), 0.0009541 secs] [Times: user=0.00 sys=0.00, real=0.00 secs] 
7.116: [GC (Allocation Failure) 7.116: [DefNew: 896K->0K(960K), 0.0008061 secs] 237372K->236476K(524224K), 0.0008653 secs] [Times: user=0.00 sys=0.00, real=0.00 secs] 
7.117: [GC (Allocation Failure) 7.117: [DefNew: 896K->0K(960K), 0.0007903 secs] 237372K->236476K(524224K), 0.0008511 secs] [Times: user=0.00 sys=0.00, real=0.00 secs] 
7.118: [GC (Allocation Failure) 7.119: [DefNew: 896K->0K(960K), 0.0008811 secs] 237372K->236476K(524224K), 0.0009411 secs] [Times: user=0.00 sys=0.00, real=0.00 secs] 
7.120: [GC (Allocation Failure) 7.120: [DefNew: 896K->0K(960K), 0.0007619 secs] 237373K->236477K(524224K), 0.0008199 secs] [Times: user=0.00 sys=0.00, real=0.00 secs] 
7.121: [GC (Allocation Failure) 7.121: [DefNew: 896K->0K(960K), 0.0008768 secs] 237373K->236477K(524224K), 0.0009403 secs] [Times: user=0.00 sys=0.00, real=0.00 secs] 
7.123: [GC (Allocation Failure) 7.123: [DefNew: 896K->0K(960K), 0.0008096 secs] 237373K->236477K(524224K), 0.0008716 secs] [Times: user=0.00 sys=0.00, real=0.00 secs] 
7.124: [GC (Allocation Failure) 7.124: [DefNew: 896K->0K(960K), 0.0007745 secs] 237373K->236477K(524224K), 0.0008377 secs] [Times: user=0.00 sys=0.00, real=0.00 secs] 
7.126: [GC (Allocation Failure) 7.126: [DefNew: 896K->0K(960K), 0.0007674 secs] 237374K->236478K(524224K), 0.0008254 secs] [Times: user=0.00 sys=0.00, real=0.00 secs] 
7.127: [GC (Allocation Failure) 7.127: [DefNew: 896K->0K(960K), 0.0007283 secs] 237374K->236478K(524224K), 0.0007753 secs] [Times: user=0.00 sys=0.00, real=0.00 secs] 
7.128: [GC (Allocation Failure) 7.128: [DefNew: 896K->0K(960K), 0.0007508 secs] 237374K->236478K(524224K), 0.0008006 secs] [Times: user=0.00 sys=0.00, real=0.00 secs] 
7.130: [GC (Allocation Failure) 7.130: [DefNew: 896K->0K(960K), 0.0009628 secs] 237374K->236478K(524224K), 0.0010473 secs] [Times: user=0.00 sys=0.00, real=0.00 secs] 
7.131: [GC (Allocation Failure) 7.131: [DefNew: 896K->0K(960K), 0.0008270 secs] 237375K->236479K(524224K), 0.0008941 secs] [Times: user=0.00 sys=0.00, real=0.00 secs] 
7.133: [GC (Allocation Failure) 7.133: [DefNew: 896K->0K(960K), 0.0008381 secs] 237375K->236479K(524224K), 0.0008902 secs] [Times: user=0.00 sys=0.00, real=0.00 secs] 
7.134: [GC (Allocation Failure) 7.134: [DefNew: 896K->0K(960K), 0.0007457 secs] 237375K->236479K(524224K), 0.0007970 secs] [Times: user=0.00 sys=0.00, real=0.00 secs] 
7.135: [GC (Allocation Failure) 7.135: [DefNew: 896K->0K(960K), 0.0008764 secs] 237375K->236479K(524224K), 0.0009486 secs] [Times: user=0.00 sys=0.00, real=0.00 secs] 
7.137: [GC (Allocation Failure) 7.137: [DefNew: 896K->0K(960K), 0.0010129 secs] 237376K->236480K(524224K), 0.0010761 secs] [Times: user=0.00 sys=0.00, real=0.00 secs] 
7.138: [GC (Allocation Failure) 7.138: [DefNew: 896K->0K(960K), 0.0009482 secs] 237376K->236480K(524224K), 0.0010149 secs] [Times: user=0.02 sys=0.00, real=0.00 secs] 
7.140: [GC (Allocation Failure) 7.140: [DefNew: 896K->0K(960K), 0.0010449 secs] 237376K->236480K(524224K), 0.0011101 secs] [Times: user=0.00 sys=0.00, real=0.00 secs] 
7.142: [GC (Allocation Failure) 7.142: [DefNew: 896K->0K(960K), 0.0009707 secs] 237377K->236481K(524224K), 0.0010362 secs] [Times: user=0.00 sys=0.00, real=0.00 secs] 
7.145: [GC (Allocation Failure) 7.145: [DefNew: 896K->0K(960K), 0.0012841 secs] 237377K->236481K(524224K), 0.0014089 secs] [Times: user=0.00 sys=0.00, real=0.00 secs] 
7.147: [GC (Allocation Failure) 7.147: [DefNew: 896K->0K(960K), 0.0012241 secs] 237377K->236481K(524224K), 0.0013213 secs] [Times: user=0.00 sys=0.00, real=0.00 secs] 
7.149: [GC (Allocation Failure) 7.149: [DefNew: 896K->0K(960K), 0.0008057 secs] 237377K->236481K(524224K), 0.0008562 secs] [Times: user=0.00 sys=0.00, real=0.00 secs] 
7.150: [GC (Allocation Failure) 7.150: [DefNew: 896K->0K(960K), 0.0007599 secs] 237378K->236482K(524224K), 0.0008093 secs] [Times: user=0.00 sys=0.00, real=0.00 secs] 
7.152: [GC (Allocation Failure) 7.152: [DefNew: 896K->0K(960K), 0.0008586 secs] 237378K->236482K(524224K), 0.0009174 secs] [Times: user=0.00 sys=0.00, real=0.00 secs] 
7.153: [GC (Allocation Failure) 7.153: [DefNew: 896K->0K(960K), 0.0007943 secs] 237378K->236482K(524224K), 0.0008570 secs] [Times: user=0.00 sys=0.00, real=0.00 secs] 
7.154: [GC (Allocation Failure) 7.154: [DefNew: 896K->0K(960K), 0.0007848 secs] 237378K->236482K(524224K), 0.0008416 secs] [Times: user=0.02 sys=0.00, real=0.00 secs] 
7.156: [GC (Allocation Failure) 7.156: [DefNew: 896K->0K(960K), 0.0008310 secs] 237379K->236483K(524224K), 0.0008925 secs] [Times: user=0.00 sys=0.00, real=0.00 secs] 
7.157: [GC (Allocation Failure) 7.157: [DefNew: 896K->0K(960K), 0.0010899 secs] 237379K->236483K(524224K), 0.0011756 secs] [Times: user=0.00 sys=0.00, real=0.00 secs] 
7.159: [GC (Allocation Failure) 7.159: [DefNew: 896K->0K(960K), 0.0008262 secs] 237379K->236483K(524224K), 0.0008886 secs] [Times: user=0.00 sys=0.00, real=0.00 secs] 
7.160: [GC (Allocation Failure) 7.160: [DefNew: 896K->0K(960K), 0.0007548 secs] 237379K->236483K(524224K), 0.0008096 secs] [Times: user=0.00 sys=0.00, real=0.00 secs] 
7.162: [GC (Allocation Failure) 7.162: [DefNew: 896K->0K(960K), 0.0007635 secs] 237380K->236484K(524224K), 0.0008219 secs] [Times: user=0.00 sys=0.00, real=0.00 secs] 
7.163: [GC (Allocation Failure) 7.163: [DefNew: 896K->0K(960K), 0.0008152 secs] 237380K->236484K(524224K), 0.0008803 secs] [Times: user=0.00 sys=0.00, real=0.00 secs] 
7.164: [GC (Allocation Failure) 7.164: [DefNew: 896K->0K(960K), 0.0007789 secs] 237380K->236484K(524224K), 0.0008373 secs] [Times: user=0.00 sys=0.00, real=0.00 secs] 
7.166: [GC (Allocation Failure) 7.166: [DefNew: 896K->0K(960K), 0.0007911 secs] 237381K->236485K(524224K), 0.0008519 secs] [Times: user=0.00 sys=0.00, real=0.00 secs] 
7.167: [GC (Allocation Failure) 7.167: [DefNew: 896K->0K(960K), 0.0007875 secs] 237381K->236485K(524224K), 0.0008499 secs] [Times: user=0.00 sys=0.00, real=0.00 secs] 
7.169: [GC (Allocation Failure) 7.169: [DefNew: 896K->0K(960K), 0.0007106 secs] 237381K->236485K(524224K), 0.0007682 secs] [Times: user=0.00 sys=0.00, real=0.00 secs] 
7.170: [GC (Allocation Failure) 7.170: [DefNew: 896K->0K(960K), 0.0007686 secs] 237381K->236485K(524224K), 0.0008420 secs] [Times: user=0.02 sys=0.00, real=0.00 secs] 
7.171: [GC (Allocation Failure) 7.171: [DefNew: 896K->0K(960K), 0.0007552 secs] 237382K->236486K(524224K), 0.0008152 secs] [Times: user=0.00 sys=0.00, real=0.00 secs] 
7.173: [GC (Allocation Failure) 7.173: [DefNew: 896K->0K(960K), 0.0007824 secs] 237382K->236486K(524224K), 0.0008527 secs] [Times: user=0.00 sys=0.00, real=0.00 secs] 
7.174: [GC (Allocation Failure) 7.174: [DefNew: 896K->0K(960K), 0.0008243 secs] 237382K->236486K(524224K), 0.0009024 secs] [Times: user=0.00 sys=0.00, real=0.00 secs] 
7.176: [GC (Allocation Failure) 7.176: [DefNew: 896K->0K(960K), 0.0010335 secs] 237382K->236486K(524224K), 0.0011124 secs] [Times: user=0.00 sys=0.00, real=0.00 secs] 
7.177: [GC (Allocation Failure) 7.177: [DefNew: 896K->0K(960K), 0.0010457 secs] 237383K->236487K(524224K), 0.0011211 secs] [Times: user=0.00 sys=0.00, real=0.00 secs] 
7.179: [GC (Allocation Failure) 7.179: [DefNew: 896K->0K(960K), 0.0008440 secs] 237383K->236487K(524224K), 0.0009028 secs] [Times: user=0.00 sys=0.00, real=0.00 secs] 
7.180: [GC (Allocation Failure) 7.180: [DefNew: 896K->0K(960K), 0.0007887 secs] 237383K->236487K(524224K), 0.0008365 secs] [Times: user=0.00 sys=0.00, real=0.00 secs] 
7.182: [GC (Allocation Failure) 7.182: [DefNew: 896K->0K(960K), 0.0007595 secs] 237383K->236487K(524224K), 0.0008061 secs] [Times: user=0.00 sys=0.00, real=0.00 secs] 
7.183: [GC (Allocation Failure) 7.183: [DefNew: 896K->0K(960K), 0.0007864 secs] 237384K->236488K(524224K), 0.0008345 secs] [Times: user=0.00 sys=0.00, real=0.00 secs] 
7.184: [GC (Allocation Failure) 7.185: [DefNew: 896K->0K(960K), 0.0008641 secs] 237384K->236488K(524224K), 0.0009273 secs] [Times: user=0.00 sys=0.00, real=0.00 secs] 
7.186: [GC (Allocation Failure) 7.186: [DefNew: 896K->0K(960K), 0.0007737 secs] 237384K->236488K(524224K), 0.0008199 secs] [Times: user=0.02 sys=0.00, real=0.00 secs] 
7.187: [GC (Allocation Failure) 7.187: [DefNew: 896K->0K(960K), 0.0007871 secs] 237384K->236488K(524224K), 0.0008444 secs] [Times: user=0.00 sys=0.00, real=0.00 secs] 
7.189: [GC (Allocation Failure) 7.189: [DefNew: 896K->0K(960K), 0.0007733 secs] 237385K->236489K(524224K), 0.0008219 secs] [Times: user=0.00 sys=0.00, real=0.00 secs] 
7.190: [GC (Allocation Failure) 7.190: [DefNew: 896K->0K(960K), 0.0007544 secs] 237385K->236489K(524224K), 0.0008010 secs] [Times: user=0.00 sys=0.00, real=0.00 secs] 
7.191: [GC (Allocation Failure) 7.191: [DefNew: 896K->0K(960K), 0.0007615 secs] 237385K->236489K(524224K), 0.0008175 secs] [Times: user=0.00 sys=0.00, real=0.00 secs] 
7.193: [GC (Allocation Failure) 7.193: [DefNew: 896K->0K(960K), 0.0008389 secs] 237386K->236490K(524224K), 0.0009024 secs] [Times: user=0.00 sys=0.00, real=0.00 secs] 
7.195: [GC (Allocation Failure) 7.195: [DefNew: 896K->0K(960K), 0.0009095 secs] 237386K->236490K(524224K), 0.0009814 secs] [Times: user=0.00 sys=0.00, real=0.00 secs] 
7.196: [GC (Allocation Failure) 7.196: [DefNew: 896K->0K(960K), 0.0007753 secs] 237386K->236490K(524224K), 0.0008231 secs] [Times: user=0.00 sys=0.00, real=0.00 secs] 
7.197: [GC (Allocation Failure) 7.197: [DefNew: 896K->0K(960K), 0.0008006 secs] 237386K->236490K(524224K), 0.0008531 secs] [Times: user=0.00 sys=0.00, real=0.00 secs] 
7.199: [GC (Allocation Failure) 7.199: [DefNew: 896K->0K(960K), 0.0007792 secs] 237387K->236491K(524224K), 0.0008282 secs] [Times: user=0.00 sys=0.00, real=0.00 secs] 
7.200: [GC (Allocation Failure) 7.200: [DefNew: 896K->0K(960K), 0.0007287 secs] 237387K->236491K(524224K), 0.0007741 secs] [Times: user=0.00 sys=0.00, real=0.00 secs] 
7.201: [GC (Allocation Failure) 7.201: [DefNew: 896K->0K(960K), 0.0007737 secs] 237387K->236491K(524224K), 0.0008337 secs] [Times: user=0.01 sys=0.00, real=0.00 secs] 
7.203: [GC (Allocation Failure) 7.203: [DefNew: 896K->0K(960K), 0.0008286 secs] 237387K->236491K(524224K), 0.0008933 secs] [Times: user=0.00 sys=0.00, real=0.00 secs] 
7.205: [GC (Allocation Failure) 7.205: [DefNew: 896K->0K(960K), 0.0009660 secs] 237388K->236492K(524224K), 0.0010568 secs] [Times: user=0.00 sys=0.00, real=0.00 secs] 
7.207: [GC (Allocation Failure) 7.207: [DefNew: 896K->0K(960K), 0.0008385 secs] 237388K->236492K(524224K), 0.0009044 secs] [Times: user=0.00 sys=0.00, real=0.00 secs] 
7.208: [GC (Allocation Failure) 7.208: [DefNew: 896K->0K(960K), 0.0007654 secs] 237388K->236492K(524224K), 0.0008223 secs] [Times: user=0.00 sys=0.00, real=0.00 secs] 
7.210: [GC (Allocation Failure) 7.210: [DefNew: 896K->0K(960K), 0.0008744 secs] 237388K->236492K(524224K), 0.0009352 secs] [Times: user=0.00 sys=0.00, real=0.00 secs] 
7.211: [GC (Allocation Failure) 7.211: [DefNew: 896K->0K(960K), 0.0007710 secs] 237389K->236493K(524224K), 0.0008393 secs] [Times: user=0.00 sys=0.00, real=0.00 secs] 
7.212: [GC (Allocation Failure) 7.213: [DefNew: 896K->0K(960K), 0.0008270 secs] 237389K->236493K(524224K), 0.0008771 secs] [Times: user=0.00 sys=0.00, real=0.00 secs] 
7.214: [GC (Allocation Failure) 7.214: [DefNew: 896K->0K(960K), 0.0008171 secs] 237389K->236493K(524224K), 0.0008669 secs] [Times: user=0.00 sys=0.00, real=0.00 secs] 
7.215: [GC (Allocation Failure) 7.215: [DefNew: 896K->0K(960K), 0.0007303 secs] 237390K->236494K(524224K), 0.0007749 secs] [Times: user=0.00 sys=0.00, real=0.00 secs] 
7.217: [GC (Allocation Failure) 7.217: [DefNew: 896K->0K(960K), 0.0007954 secs] 237390K->236494K(524224K), 0.0008479 secs] [Times: user=0.02 sys=0.00, real=0.00 secs] 
7.218: [GC (Allocation Failure) 7.218: [DefNew: 896K->0K(960K), 0.0007899 secs] 237390K->236494K(524224K), 0.0008385 secs] [Times: user=0.00 sys=0.00, real=0.00 secs] 
7.219: [GC (Allocation Failure) 7.219: [DefNew: 896K->0K(960K), 0.0007189 secs] 237390K->236494K(524224K), 0.0007662 secs] [Times: user=0.00 sys=0.00, real=0.00 secs] 
7.221: [GC (Allocation Failure) 7.221: [DefNew: 896K->0K(960K), 0.0007725 secs] 237391K->236495K(524224K), 0.0008231 secs] [Times: user=0.00 sys=0.00, real=0.00 secs] 
7.222: [GC (Allocation Failure) 7.222: [DefNew: 896K->0K(960K), 0.0007789 secs] 237391K->236495K(524224K), 0.0008270 secs] [Times: user=0.00 sys=0.00, real=0.00 secs] 
7.223: [GC (Allocation Failure) 7.223: [DefNew: 896K->0K(960K), 0.0007157 secs] 237391K->236495K(524224K), 0.0007627 secs] [Times: user=0.00 sys=0.00, real=0.00 secs] 
7.225: [GC (Allocation Failure) 7.225: [DefNew: 896K->0K(960K), 0.0009269 secs] 237391K->236495K(524224K), 0.0010035 secs] [Times: user=0.00 sys=0.00, real=0.00 secs] 
7.226: [GC (Allocation Failure) 7.226: [DefNew: 896K->0K(960K), 0.0007386 secs] 237392K->236496K(524224K), 0.0007871 secs] [Times: user=0.00 sys=0.00, real=0.00 secs] 
7.228: [GC (Allocation Failure) 7.228: [DefNew: 896K->0K(960K), 0.0009072 secs] 237392K->236496K(524224K), 0.0009747 secs] [Times: user=0.00 sys=0.00, real=0.00 secs] 
7.229: [GC (Allocation Failure) 7.229: [DefNew: 896K->0K(960K), 0.0007445 secs] 237392K->236496K(524224K), 0.0007915 secs] [Times: user=0.00 sys=0.00, real=0.00 secs] 
7.230: [GC (Allocation Failure) 7.230: [DefNew: 896K->0K(960K), 0.0007003 secs] 237392K->236496K(524224K), 0.0007477 secs] [Times: user=0.00 sys=0.00, real=0.00 secs] 
7.232: [GC (Allocation Failure) 7.232: [DefNew: 896K->0K(960K), 0.0007599 secs] 237393K->236497K(524224K), 0.0008219 secs] [Times: user=0.00 sys=0.00, real=0.00 secs] 
7.233: [GC (Allocation Failure) 7.233: [DefNew: 896K->0K(960K), 0.0008014 secs] 237393K->236497K(524224K), 0.0008641 secs] [Times: user=0.01 sys=0.00, real=0.00 secs] 
7.235: [GC (Allocation Failure) 7.235: [DefNew: 896K->0K(960K), 0.0010670 secs] 237393K->236497K(524224K), 0.0011499 secs] [Times: user=0.00 sys=0.00, real=0.00 secs] 
7.236: [GC (Allocation Failure) 7.236: [DefNew: 896K->0K(960K), 0.0010007 secs] 237394K->236498K(524224K), 0.0010793 secs] [Times: user=0.00 sys=0.00, real=0.00 secs] 
7.238: [GC (Allocation Failure) 7.238: [DefNew: 896K->0K(960K), 0.0008846 secs] 237394K->236498K(524224K), 0.0009435 secs] [Times: user=0.00 sys=0.00, real=0.00 secs] 
7.239: [GC (Allocation Failure) 7.239: [DefNew: 896K->0K(960K), 0.0007599 secs] 237394K->236498K(524224K), 0.0008100 secs] [Times: user=0.00 sys=0.00, real=0.00 secs] 
7.241: [GC (Allocation Failure) 7.241: [DefNew: 896K->0K(960K), 0.0007852 secs] 237394K->236498K(524224K), 0.0008361 secs] [Times: user=0.00 sys=0.00, real=0.00 secs] 
7.242: [GC (Allocation Failure) 7.242: [DefNew: 896K->0K(960K), 0.0008519 secs] 237395K->236499K(524224K), 0.0009036 secs] [Times: user=0.00 sys=0.00, real=0.00 secs] 
7.243: [GC (Allocation Failure) 7.243: [DefNew: 896K->0K(960K), 0.0008389 secs] 237395K->236499K(524224K), 0.0009028 secs] [Times: user=0.00 sys=0.00, real=0.00 secs] 
7.245: [GC (Allocation Failure) 7.245: [DefNew: 896K->0K(960K), 0.0007417 secs] 237395K->236499K(524224K), 0.0007883 secs] [Times: user=0.00 sys=0.00, real=0.00 secs] 
7.246: [GC (Allocation Failure) 7.246: [DefNew: 896K->0K(960K), 0.0008021 secs] 237395K->236499K(524224K), 0.0008610 secs] [Times: user=0.00 sys=0.00, real=0.00 secs] 
7.247: [GC (Allocation Failure) 7.247: [DefNew: 896K->0K(960K), 0.0009186 secs] 237396K->236500K(524224K), 0.0010003 secs] [Times: user=0.02 sys=0.00, real=0.00 secs] 
7.250: [GC (Allocation Failure) 7.250: [DefNew: 896K->0K(960K), 0.0010319 secs] 237396K->236500K(524224K), 0.0011164 secs] [Times: user=0.00 sys=0.00, real=0.00 secs] 
7.251: [GC (Allocation Failure) 7.251: [DefNew: 896K->0K(960K), 0.0008819 secs] 237396K->236500K(524224K), 0.0009431 secs] [Times: user=0.00 sys=0.00, real=0.00 secs] 
7.253: [GC (Allocation Failure) 7.253: [DefNew: 896K->0K(960K), 0.0007939 secs] 237396K->236500K(524224K), 0.0008546 secs] [Times: user=0.00 sys=0.00, real=0.00 secs] 
7.254: [GC (Allocation Failure) 7.254: [DefNew: 896K->0K(960K), 0.0008069 secs] 237397K->236501K(524224K), 0.0008704 secs] [Times: user=0.00 sys=0.00, real=0.00 secs] 
7.256: [GC (Allocation Failure) 7.256: [DefNew: 896K->0K(960K), 0.0008112 secs] 237397K->236501K(524224K), 0.0008807 secs] [Times: user=0.00 sys=0.00, real=0.00 secs] 
7.257: [GC (Allocation Failure) 7.257: [DefNew: 896K->0K(960K), 0.0007828 secs] 237397K->236501K(524224K), 0.0008444 secs] [Times: user=0.00 sys=0.00, real=0.00 secs] 
7.258: [GC (Allocation Failure) 7.258: [DefNew: 896K->0K(960K), 0.0008187 secs] 237398K->236502K(524224K), 0.0008933 secs] [Times: user=0.00 sys=0.00, real=0.00 secs] 
7.260: [GC (Allocation Failure) 7.260: [DefNew: 896K->0K(960K), 0.0007508 secs] 237398K->236502K(524224K), 0.0008081 secs] [Times: user=0.00 sys=0.00, real=0.00 secs] 
7.261: [GC (Allocation Failure) 7.261: [DefNew: 896K->0K(960K), 0.0007773 secs] 237398K->236502K(524224K), 0.0008385 secs] [Times: user=0.00 sys=0.00, real=0.00 secs] 
7.263: [GC (Allocation Failure) 7.263: [DefNew: 896K->0K(960K), 0.0007575 secs] 237398K->236502K(524224K), 0.0008183 secs] [Times: user=0.00 sys=0.00, real=0.00 secs] 
7.264: [GC (Allocation Failure) 7.264: [DefNew: 896K->0K(960K), 0.0007445 secs] 237399K->236503K(524224K), 0.0007935 secs] [Times: user=0.02 sys=0.00, real=0.00 secs] 
7.265: [GC (Allocation Failure) 7.265: [DefNew: 896K->0K(960K), 0.0010781 secs] 237399K->236503K(524224K), 0.0012139 secs] [Times: user=0.00 sys=0.00, real=0.00 secs] 
7.267: [GC (Allocation Failure) 7.267: [DefNew: 896K->0K(960K), 0.0008736 secs] 237399K->236503K(524224K), 0.0009352 secs] [Times: user=0.00 sys=0.00, real=0.00 secs] 
7.269: [GC (Allocation Failure) 7.269: [DefNew: 896K->0K(960K), 0.0008365 secs] 237399K->236503K(524224K), 0.0008973 secs] [Times: user=0.00 sys=0.00, real=0.00 secs] 
7.270: [GC (Allocation Failure) 7.270: [DefNew: 896K->0K(960K), 0.0008349 secs] 237400K->236504K(524224K), 0.0008890 secs] [Times: user=0.00 sys=0.00, real=0.00 secs] 
7.271: [GC (Allocation Failure) 7.271: [DefNew: 896K->0K(960K), 0.0008298 secs] 237400K->236504K(524224K), 0.0008850 secs] [Times: user=0.00 sys=0.00, real=0.00 secs] 
7.273: [GC (Allocation Failure) 7.273: [DefNew: 896K->0K(960K), 0.0008239 secs] 237400K->236504K(524224K), 0.0008740 secs] [Times: user=0.00 sys=0.00, real=0.00 secs] 
7.274: [GC (Allocation Failure) 7.274: [DefNew: 896K->0K(960K), 0.0007832 secs] 237400K->236504K(524224K), 0.0008369 secs] [Times: user=0.00 sys=0.00, real=0.00 secs] 
7.275: [GC (Allocation Failure) 7.275: [DefNew: 896K->0K(960K), 0.0008156 secs] 237401K->236505K(524224K), 0.0008696 secs] [Times: user=0.00 sys=0.00, real=0.00 secs] 
7.277: [GC (Allocation Failure) 7.277: [DefNew: 896K->0K(960K), 0.0008002 secs] 237401K->236505K(524224K), 0.0008586 secs] [Times: user=0.00 sys=0.00, real=0.00 secs] 
7.278: [GC (Allocation Failure) 7.278: [DefNew: 896K->0K(960K), 0.0007512 secs] 237401K->236505K(524224K), 0.0007986 secs] [Times: user=0.00 sys=0.00, real=0.00 secs] 
7.280: [GC (Allocation Failure) 7.280: [DefNew: 896K->0K(960K), 0.0007848 secs] 237401K->236505K(524224K), 0.0008507 secs] [Times: user=0.02 sys=0.00, real=0.00 secs] 
7.281: [GC (Allocation Failure) 7.281: [DefNew: 896K->0K(960K), 0.0008179 secs] 237402K->236506K(524224K), 0.0008831 secs] [Times: user=0.00 sys=0.00, real=0.00 secs] 
7.282: [GC (Allocation Failure) 7.282: [DefNew: 896K->0K(960K), 0.0007915 secs] 237402K->236506K(524224K), 0.0008535 secs] [Times: user=0.00 sys=0.00, real=0.00 secs] 
7.284: [GC (Allocation Failure) 7.284: [DefNew: 896K->0K(960K), 0.0007864 secs] 237402K->236506K(524224K), 0.0008491 secs] [Times: user=0.00 sys=0.00, real=0.00 secs] 
7.285: [GC (Allocation Failure) 7.285: [DefNew: 896K->0K(960K), 0.0006967 secs] 237403K->236507K(524224K), 0.0007532 secs] [Times: user=0.00 sys=0.00, real=0.00 secs] 
7.287: [GC (Allocation Failure) 7.287: [DefNew: 896K->0K(960K), 0.0010047 secs] 237403K->236507K(524224K), 0.0010935 secs] [Times: user=0.00 sys=0.00, real=0.00 secs] 
7.288: [GC (Allocation Failure) 7.288: [DefNew: 896K->0K(960K), 0.0007650 secs] 237403K->236507K(524224K), 0.0008333 secs] [Times: user=0.00 sys=0.00, real=0.00 secs] 
7.290: [GC (Allocation Failure) 7.290: [DefNew: 896K->0K(960K), 0.0008243 secs] 237403K->236507K(524224K), 0.0008858 secs] [Times: user=0.00 sys=0.00, real=0.00 secs] 
7.291: [GC (Allocation Failure) 7.291: [DefNew: 896K->0K(960K), 0.0007966 secs] 237404K->236508K(524224K), 0.0008602 secs] [Times: user=0.00 sys=0.00, real=0.00 secs] 
7.292: [GC (Allocation Failure) 7.292: [DefNew: 896K->0K(960K), 0.0007015 secs] 237404K->236508K(524224K), 0.0007564 secs] [Times: user=0.00 sys=0.00, real=0.00 secs] 
7.294: [GC (Allocation Failure) 7.294: [DefNew: 896K->0K(960K), 0.0007682 secs] 237404K->236508K(524224K), 0.0008266 secs] [Times: user=0.00 sys=0.00, real=0.00 secs] 
7.295: [GC (Allocation Failure) 7.295: [DefNew: 896K->0K(960K), 0.0007627 secs] 237404K->236508K(524224K), 0.0008108 secs] [Times: user=0.02 sys=0.00, real=0.00 secs] 
7.296: [GC (Allocation Failure) 7.296: [DefNew: 896K->0K(960K), 0.0009604 secs] 237405K->236509K(524224K), 0.0010465 secs] [Times: user=0.00 sys=0.00, real=0.00 secs] 
7.298: [GC (Allocation Failure) 7.298: [DefNew: 896K->0K(960K), 0.0008543 secs] 237405K->236509K(524224K), 0.0009225 secs] [Times: user=0.00 sys=0.00, real=0.00 secs] 
7.300: [GC (Allocation Failure) 7.300: [DefNew: 896K->0K(960K), 0.0008333 secs] 237405K->236509K(524224K), 0.0008858 secs] [Times: user=0.00 sys=0.00, real=0.00 secs] 
7.301: [GC (Allocation Failure) 7.301: [DefNew: 896K->0K(960K), 0.0008539 secs] 237405K->236509K(524224K), 0.0009028 secs] [Times: user=0.00 sys=0.00, real=0.00 secs] 
7.302: [GC (Allocation Failure) 7.302: [DefNew: 896K->0K(960K), 0.0008104 secs] 237406K->236510K(524224K), 0.0008610 secs] [Times: user=0.00 sys=0.00, real=0.00 secs] 
7.304: [GC (Allocation Failure) 7.304: [DefNew: 896K->0K(960K), 0.0007903 secs] 237406K->236510K(524224K), 0.0008400 secs] [Times: user=0.00 sys=0.00, real=0.00 secs] 
7.305: [GC (Allocation Failure) 7.305: [DefNew: 896K->0K(960K), 0.0007757 secs] 237406K->236510K(524224K), 0.0008235 secs] [Times: user=0.00 sys=0.00, real=0.00 secs] 
7.307: [GC (Allocation Failure) 7.307: [DefNew: 896K->0K(960K), 0.0007256 secs] 237407K->236511K(524224K), 0.0007717 secs] [Times: user=0.00 sys=0.00, real=0.00 secs] 
7.308: [GC (Allocation Failure) 7.308: [DefNew: 896K->0K(960K), 0.0007820 secs] 237407K->236511K(524224K), 0.0008290 secs] [Times: user=0.00 sys=0.00, real=0.00 secs] 
7.309: [GC (Allocation Failure) 7.309: [DefNew: 896K->0K(960K), 0.0007642 secs] 237407K->236511K(524224K), 0.0008112 secs] [Times: user=0.00 sys=0.00, real=0.00 secs] 
7.311: [GC (Allocation Failure) 7.311: [DefNew: 896K->0K(960K), 0.0007398 secs] 237407K->236511K(524224K), 0.0007899 secs] [Times: user=0.02 sys=0.00, real=0.00 secs] 
7.312: [GC (Allocation Failure) 7.312: [DefNew: 896K->0K(960K), 0.0007544 secs] 237408K->236512K(524224K), 0.0008025 secs] [Times: user=0.00 sys=0.00, real=0.00 secs] 
7.313: [GC (Allocation Failure) 7.313: [DefNew: 896K->0K(960K), 0.0007710 secs] 237408K->236512K(524224K), 0.0008298 secs] [Times: user=0.00 sys=0.00, real=0.00 secs] 
7.315: [GC (Allocation Failure) 7.315: [DefNew: 896K->0K(960K), 0.0007694 secs] 237408K->236512K(524224K), 0.0008223 secs] [Times: user=0.00 sys=0.00, real=0.00 secs] 
7.316: [GC (Allocation Failure) 7.316: [DefNew: 896K->0K(960K), 0.0008420 secs] 237408K->236512K(524224K), 0.0009095 secs] [Times: user=0.00 sys=0.00, real=0.00 secs] 
7.318: [GC (Allocation Failure) 7.318: [DefNew: 896K->0K(960K), 0.0008223 secs] 237409K->236513K(524224K), 0.0008929 secs] [Times: user=0.00 sys=0.00, real=0.00 secs] 
7.319: [GC (Allocation Failure) 7.320: [DefNew: 896K->0K(960K), 0.0007607 secs] 237409K->236513K(524224K), 0.0008175 secs] [Times: user=0.00 sys=0.00, real=0.00 secs] 
7.321: [GC (Allocation Failure) 7.321: [DefNew: 896K->0K(960K), 0.0007532 secs] 237409K->236513K(524224K), 0.0008124 secs] [Times: user=0.00 sys=0.00, real=0.00 secs] 
7.322: [GC (Allocation Failure) 7.322: [DefNew: 896K->0K(960K), 0.0008053 secs] 237409K->236513K(524224K), 0.0008783 secs] [Times: user=0.00 sys=0.00, real=0.00 secs] 
7.324: [GC (Allocation Failure) 7.324: [DefNew: 896K->0K(960K), 0.0007895 secs] 237410K->236514K(524224K), 0.0008633 secs] [Times: user=0.00 sys=0.00, real=0.00 secs] 
7.325: [GC (Allocation Failure) 7.325: [DefNew: 896K->0K(960K), 0.0007887 secs] 237410K->236514K(524224K), 0.0008499 secs] [Times: user=0.00 sys=0.00, real=0.00 secs] 
7.326: [GC (Allocation Failure) 7.326: [DefNew: 896K->0K(960K), 0.0007816 secs] 237410K->236514K(524224K), 0.0008491 secs] [Times: user=0.01 sys=0.00, real=0.00 secs] 
7.328: [GC (Allocation Failure) 7.328: [DefNew: 896K->0K(960K), 0.0007781 secs] 237411K->236515K(524224K), 0.0008353 secs] [Times: user=0.00 sys=0.00, real=0.00 secs] 
7.329: [GC (Allocation Failure) 7.329: [DefNew: 896K->0K(960K), 0.0010145 secs] 237411K->236515K(524224K), 0.0010879 secs] [Times: user=0.00 sys=0.00, real=0.00 secs] 
7.331: [GC (Allocation Failure) 7.331: [DefNew: 896K->0K(960K), 0.0010319 secs] 237411K->236515K(524224K), 0.0011089 secs] [Times: user=0.00 sys=0.00, real=0.00 secs] 
7.333: [GC (Allocation Failure) 7.333: [DefNew: 896K->0K(960K), 0.0008464 secs] 237411K->236515K(524224K), 0.0009103 secs] [Times: user=0.00 sys=0.00, real=0.00 secs] 
7.334: [GC (Allocation Failure) 7.334: [DefNew: 896K->0K(960K), 0.0008262 secs] 237412K->236516K(524224K), 0.0008795 secs] [Times: user=0.00 sys=0.00, real=0.00 secs] 
7.335: [GC (Allocation Failure) 7.335: [DefNew: 896K->0K(960K), 0.0008365 secs] 237412K->236516K(524224K), 0.0008977 secs] [Times: user=0.00 sys=0.00, real=0.00 secs] 
7.337: [GC (Allocation Failure) 7.337: [DefNew: 896K->0K(960K), 0.0008077 secs] 237412K->236516K(524224K), 0.0008574 secs] [Times: user=0.00 sys=0.00, real=0.00 secs] 
7.338: [GC (Allocation Failure) 7.338: [DefNew: 896K->0K(960K), 0.0007741 secs] 237412K->236516K(524224K), 0.0008306 secs] [Times: user=0.00 sys=0.00, real=0.00 secs] 
7.340: [GC (Allocation Failure) 7.340: [DefNew: 896K->0K(960K), 0.0007840 secs] 237413K->236517K(524224K), 0.0008361 secs] [Times: user=0.00 sys=0.00, real=0.00 secs] 
7.354: [GC (Allocation Failure) 7.354: [DefNew: 896K->39K(960K), 0.0013678 secs] 237448K->236591K(524224K), 0.0014870 secs] [Times: user=0.00 sys=0.00, real=0.00 secs] 
Heap
 def new generation   total 960K, used 351K [0x00000000e0000000, 0x00000000e0100000, 0x00000000e0100000)
  eden space 896K,  34% used [0x00000000e0000000, 0x00000000e004e2b0, 0x00000000e00e0000)
  from space 64K,  61% used [0x00000000e00f0000, 0x00000000e00f9d18, 0x00000000e0100000)
  to   space 64K,   0% used [0x00000000e00e0000, 0x00000000e00e0000, 0x00000000e00f0000)
 tenured generation   total 523264K, used 236552K [0x00000000e0100000, 0x0000000100000000, 0x0000000100000000)
   the space 523264K,  45% used [0x00000000e0100000, 0x00000000ee8020c8, 0x00000000ee802200, 0x0000000100000000)
 Metaspace       used 10582K, capacity 10874K, committed 11008K, reserved 1058816K
  class space    used 1175K, capacity 1235K, committed 1280K, reserved 1048576K
